<html>
<body>
<pre>
<h1>µVision Build Log</h1>
<h2>Project:</h2>
N:\ECE_254\lab1\HelloWorld\HelloWorld.uvproj
Project File Date:  10/30/2013

<h2>Output:</h2>
  
*** Note: 'Create Batch File' is active - using 'Rebuild'.
Rebuild Project 'RTX_Lib_CM' - Target 'CM3_LE'
compiling rt_Task.c...
compiling rt_System.c...
compiling rt_Event.c...
compiling rt_List.c...
compiling rt_Mailbox.c...
compiling rt_Semaphore.c...
compiling rt_Time.c...
compiling rt_Timer.c...
compiling rt_Mutex.c...
compiling rt_Robin.c...
compiling rt_MemBox.c...
compiling rt_user.c...
N:\ECE_254\lab1\RTX_CM3\SRC\CM\rt_user.c(106): error:  #154: expression must have struct or union type
assembling SVC_Table.s...
compiling HAL_CM3.c...
Target not created
  
Build Project 'HelloWorld' - Target 'HelloWorld SIM'
linking...
Program Size: Code=8188 RO-data=276 RW-data=220 ZI-data=5548  
".\build\FLASH\HelloWorld.axf" - 0 Error(s), 0 Warning(s).
  
Build Project 'HelloWorld' - Target 'HelloWorld RAM'
assembling startup_LPC17xx.s...
compiling system_LPC17xx.c...
compiling uart_polling.c...
compiling Retarget.c...
compiling RTX_Conf_CM.c...
compiling lab1_main.c...
linking...
Program Size: Code=8188 RO-data=276 RW-data=220 ZI-data=5548  
".\build\RAM\HelloWorld.axf" - 0 Error(s), 0 Warning(s).
  
*** Note: 'Create Batch File' is active - using 'Rebuild'.
Rebuild Project 'RTX_Lib_CM' - Target 'CM3_LE'
compiling rt_Task.c...
compiling rt_System.c...
compiling rt_Event.c...
compiling rt_List.c...
compiling rt_Mailbox.c...
compiling rt_Semaphore.c...
compiling rt_Time.c...
compiling rt_Timer.c...
compiling rt_Mutex.c...
compiling rt_Robin.c...
compiling rt_MemBox.c...
compiling rt_user.c...
assembling SVC_Table.s...
compiling HAL_CM3.c...
creating Library...
User command #1: cmd.exe /C copy ArInp.Scr CM3_LE\BuildLib.scr
        1 file(s) copied.
".\CM3_LE\RTX_CM3.lib" - 0 Error(s), 0 Warning(s).
  
Build Project 'HelloWorld' - Target 'HelloWorld SIM'
assembling startup_LPC17xx.s...
compiling system_LPC17xx.c...
compiling uart_polling.c...
compiling Retarget.c...
compiling RTX_Conf_CM.c...
compiling lab1_main.c...
linking...
Program Size: Code=8136 RO-data=276 RW-data=216 ZI-data=5544  
".\build\FLASH\HelloWorld.axf" - 0 Error(s), 0 Warning(s).
  
Build Project 'HelloWorld' - Target 'HelloWorld RAM'
assembling startup_LPC17xx.s...
compiling system_LPC17xx.c...
compiling uart_polling.c...
compiling Retarget.c...
compiling RTX_Conf_CM.c...
compiling lab1_main.c...
linking...
Program Size: Code=8136 RO-data=276 RW-data=216 ZI-data=5544  
".\build\RAM\HelloWorld.axf" - 0 Error(s), 0 Warning(s).
  
*** Note: 'Create Batch File' is active - using 'Rebuild'.
Rebuild Project 'RTX_Lib_CM' - Target 'CM3_LE'
compiling rt_Task.c...
compiling rt_System.c...
compiling rt_Event.c...
compiling rt_List.c...
compiling rt_Mailbox.c...
compiling rt_Semaphore.c...
compiling rt_Time.c...
compiling rt_Timer.c...
compiling rt_Mutex.c...
compiling rt_Robin.c...
compiling rt_MemBox.c...
compiling rt_user.c...
assembling SVC_Table.s...
compiling HAL_CM3.c...
creating Library...
User command #1: cmd.exe /C copy ArInp.Scr CM3_LE\BuildLib.scr
        1 file(s) copied.
".\CM3_LE\RTX_CM3.lib" - 0 Error(s), 0 Warning(s).
  
Build Project 'HelloWorld' - Target 'HelloWorld SIM'
assembling startup_LPC17xx.s...
compiling system_LPC17xx.c...
compiling uart_polling.c...
compiling Retarget.c...
compiling RTX_Conf_CM.c...
compiling lab1_main.c...
linking...
Program Size: Code=8136 RO-data=276 RW-data=216 ZI-data=5544  
".\build\FLASH\HelloWorld.axf" - 0 Error(s), 0 Warning(s).
  
Build Project 'HelloWorld' - Target 'HelloWorld RAM'
assembling startup_LPC17xx.s...
compiling system_LPC17xx.c...
compiling uart_polling.c...
compiling Retarget.c...
compiling RTX_Conf_CM.c...
compiling lab1_main.c...
linking...
Program Size: Code=8136 RO-data=276 RW-data=216 ZI-data=5544  
".\build\RAM\HelloWorld.axf" - 0 Error(s), 0 Warning(s).
Rebuild Project 'HelloWorld' - Target 'HelloWorld SIM'
assembling startup_LPC17xx.s...
compiling system_LPC17xx.c...
compiling uart_polling.c...
compiling Retarget.c...
compiling RTX_Conf_CM.c...
compiling lab1_main.c...
linking...
Program Size: Code=8132 RO-data=276 RW-data=216 ZI-data=5544  
".\build\FLASH\HelloWorld.axf" - 0 Error(s), 0 Warning(s).
  
*** Note: 'Create Batch File' is active - using 'Rebuild'.
Rebuild Project 'RTX_Lib_CM' - Target 'CM3_LE'
compiling rt_Task.c...
compiling rt_System.c...
compiling rt_Event.c...
compiling rt_List.c...
compiling rt_Mailbox.c...
compiling rt_Semaphore.c...
compiling rt_Time.c...
compiling rt_Timer.c...
compiling rt_Mutex.c...
compiling rt_Robin.c...
compiling rt_MemBox.c...
compiling rt_user.c...
assembling SVC_Table.s...
compiling HAL_CM3.c...
creating Library...
User command #1: cmd.exe /C copy ArInp.Scr CM3_LE\BuildLib.scr
        1 file(s) copied.
".\CM3_LE\RTX_CM3.lib" - 0 Error(s), 0 Warning(s).
  
Build Project 'HelloWorld' - Target 'HelloWorld SIM'
linking...
Program Size: Code=8132 RO-data=276 RW-data=216 ZI-data=5544  
".\build\FLASH\HelloWorld.axf" - 0 Error(s), 0 Warning(s).
  
Build Project 'HelloWorld' - Target 'HelloWorld RAM'
assembling startup_LPC17xx.s...
compiling system_LPC17xx.c...
compiling uart_polling.c...
compiling Retarget.c...
compiling RTX_Conf_CM.c...
compiling lab1_main.c...
linking...
Program Size: Code=8132 RO-data=276 RW-data=216 ZI-data=5544  
".\build\RAM\HelloWorld.axf" - 0 Error(s), 0 Warning(s).
  
*** Note: 'Create Batch File' is active - using 'Rebuild'.
Rebuild Project 'RTX_Lib_CM' - Target 'CM3_LE'
compiling rt_Task.c...
compiling rt_System.c...
compiling rt_Event.c...
compiling rt_List.c...
compiling rt_Mailbox.c...
compiling rt_Semaphore.c...
compiling rt_Time.c...
compiling rt_Timer.c...
compiling rt_Mutex.c...
compiling rt_Robin.c...
compiling rt_MemBox.c...
compiling rt_user.c...
assembling SVC_Table.s...
compiling HAL_CM3.c...
creating Library...
User command #1: cmd.exe /C copy ArInp.Scr CM3_LE\BuildLib.scr
        1 file(s) copied.
".\CM3_LE\RTX_CM3.lib" - 0 Error(s), 0 Warning(s).
  
Build Project 'HelloWorld' - Target 'HelloWorld SIM'
assembling startup_LPC17xx.s...
compiling system_LPC17xx.c...
compiling uart_polling.c...
compiling Retarget.c...
compiling RTX_Conf_CM.c...
compiling lab1_main.c...
linking...
Program Size: Code=8136 RO-data=276 RW-data=216 ZI-data=5544  
".\build\FLASH\HelloWorld.axf" - 0 Error(s), 0 Warning(s).
  
Build Project 'HelloWorld' - Target 'HelloWorld RAM'
assembling startup_LPC17xx.s...
compiling system_LPC17xx.c...
compiling uart_polling.c...
compiling Retarget.c...
compiling RTX_Conf_CM.c...
compiling lab1_main.c...
linking...
Program Size: Code=8136 RO-data=276 RW-data=216 ZI-data=5544  
".\build\RAM\HelloWorld.axf" - 0 Error(s), 0 Warning(s).
  
*** Note: 'Create Batch File' is active - using 'Rebuild'.
Rebuild Project 'RTX_Lib_CM' - Target 'CM3_LE'
compiling rt_Task.c...
compiling rt_System.c...
compiling rt_Event.c...
compiling rt_List.c...
compiling rt_Mailbox.c...
compiling rt_Semaphore.c...
compiling rt_Time.c...
compiling rt_Timer.c...
compiling rt_Mutex.c...
compiling rt_Robin.c...
compiling rt_MemBox.c...
compiling rt_user.c...
assembling SVC_Table.s...
compiling HAL_CM3.c...
creating Library...
User command #1: cmd.exe /C copy ArInp.Scr CM3_LE\BuildLib.scr
        1 file(s) copied.
".\CM3_LE\RTX_CM3.lib" - 0 Error(s), 0 Warning(s).
  
Build Project 'HelloWorld' - Target 'HelloWorld SIM'
assembling startup_LPC17xx.s...
compiling system_LPC17xx.c...
compiling uart_polling.c...
compiling Retarget.c...
compiling RTX_Conf_CM.c...
compiling lab1_main.c...
linking...
Program Size: Code=8132 RO-data=276 RW-data=216 ZI-data=5544  
".\build\FLASH\HelloWorld.axf" - 0 Error(s), 0 Warning(s).
  
Build Project 'HelloWorld' - Target 'HelloWorld RAM'
assembling startup_LPC17xx.s...
compiling system_LPC17xx.c...
compiling uart_polling.c...
compiling Retarget.c...
compiling RTX_Conf_CM.c...
compiling lab1_main.c...
linking...
Program Size: Code=8132 RO-data=276 RW-data=216 ZI-data=5544  
".\build\RAM\HelloWorld.axf" - 0 Error(s), 0 Warning(s).
  
*** Note: 'Create Batch File' is active - using 'Rebuild'.
Rebuild Project 'RTX_Lib_CM' - Target 'CM3_LE'
compiling rt_Task.c...
compiling rt_System.c...
compiling rt_Event.c...
compiling rt_List.c...
compiling rt_Mailbox.c...
compiling rt_Semaphore.c...
compiling rt_Time.c...
compiling rt_Timer.c...
compiling rt_Mutex.c...
compiling rt_Robin.c...
compiling rt_MemBox.c...
compiling rt_user.c...
N:\ECE_254\lab1\RTX_CM3\SRC\CM\rt_user.c(100): warning:  #177-D: variable "OK" was declared but never referenced
N:\ECE_254\lab1\RTX_CM3\SRC\CM\rt_user.c(152): error:  #169: expected a declaration
N:\ECE_254\lab1\RTX_CM3\SRC\CM\rt_user.c(153): error:  #169: expected a declaration
assembling SVC_Table.s...
compiling HAL_CM3.c...
Target not created
  
Build Project 'HelloWorld' - Target 'HelloWorld SIM'
assembling startup_LPC17xx.s...
compiling system_LPC17xx.c...
compiling uart_polling.c...
compiling Retarget.c...
compiling RTX_Conf_CM.c...
compiling lab1_main.c...
linking...
Program Size: Code=8132 RO-data=276 RW-data=216 ZI-data=5544  
".\build\FLASH\HelloWorld.axf" - 0 Error(s), 0 Warning(s).
  
Build Project 'HelloWorld' - Target 'HelloWorld RAM'
assembling startup_LPC17xx.s...
compiling system_LPC17xx.c...
compiling uart_polling.c...
compiling Retarget.c...
compiling RTX_Conf_CM.c...
compiling lab1_main.c...
linking...
Program Size: Code=8132 RO-data=276 RW-data=216 ZI-data=5544  
".\build\RAM\HelloWorld.axf" - 0 Error(s), 0 Warning(s).
  
*** Note: 'Create Batch File' is active - using 'Rebuild'.
Rebuild Project 'RTX_Lib_CM' - Target 'CM3_LE'
compiling rt_Task.c...
compiling rt_System.c...
compiling rt_Event.c...
compiling rt_List.c...
compiling rt_Mailbox.c...
compiling rt_Semaphore.c...
compiling rt_Time.c...
compiling rt_Timer.c...
compiling rt_Mutex.c...
compiling rt_Robin.c...
compiling rt_MemBox.c...
compiling rt_user.c...
N:\ECE_254\lab1\RTX_CM3\SRC\CM\rt_user.c(100): warning:  #177-D: variable "OK" was declared but never referenced
assembling SVC_Table.s...
compiling HAL_CM3.c...
creating Library...
User command #1: cmd.exe /C copy ArInp.Scr CM3_LE\BuildLib.scr
        1 file(s) copied.
".\CM3_LE\RTX_CM3.lib" - 0 Error(s), 1 Warning(s).
  
Build Project 'HelloWorld' - Target 'HelloWorld SIM'
assembling startup_LPC17xx.s...
compiling system_LPC17xx.c...
compiling uart_polling.c...
compiling Retarget.c...
compiling RTX_Conf_CM.c...
compiling lab1_main.c...
linking...
Program Size: Code=8120 RO-data=276 RW-data=216 ZI-data=5544  
".\build\FLASH\HelloWorld.axf" - 0 Error(s), 0 Warning(s).
  
Build Project 'HelloWorld' - Target 'HelloWorld RAM'
assembling startup_LPC17xx.s...
compiling system_LPC17xx.c...
compiling uart_polling.c...
compiling Retarget.c...
compiling RTX_Conf_CM.c...
compiling lab1_main.c...
linking...
Program Size: Code=8120 RO-data=276 RW-data=216 ZI-data=5544  
".\build\RAM\HelloWorld.axf" - 0 Error(s), 0 Warning(s).
  
*** Note: 'Create Batch File' is active - using 'Rebuild'.
Rebuild Project 'RTX_Lib_CM' - Target 'CM3_LE'
compiling rt_Task.c...
compiling rt_System.c...
compiling rt_Event.c...
compiling rt_List.c...
compiling rt_Mailbox.c...
compiling rt_Semaphore.c...
compiling rt_Time.c...
compiling rt_Timer.c...
compiling rt_Mutex.c...
compiling rt_Robin.c...
compiling rt_MemBox.c...
compiling rt_user.c...
N:\ECE_254\lab1\RTX_CM3\SRC\CM\rt_user.c(100): warning:  #550-D: variable "OK" was set but never used
assembling SVC_Table.s...
compiling HAL_CM3.c...
creating Library...
User command #1: cmd.exe /C copy ArInp.Scr CM3_LE\BuildLib.scr
        1 file(s) copied.
".\CM3_LE\RTX_CM3.lib" - 0 Error(s), 1 Warning(s).
  
Build Project 'HelloWorld' - Target 'HelloWorld SIM'
assembling startup_LPC17xx.s...
compiling system_LPC17xx.c...
compiling uart_polling.c...
compiling Retarget.c...
compiling RTX_Conf_CM.c...
compiling lab1_main.c...
linking...
Program Size: Code=8132 RO-data=276 RW-data=216 ZI-data=5544  
".\build\FLASH\HelloWorld.axf" - 0 Error(s), 0 Warning(s).
  
Build Project 'HelloWorld' - Target 'HelloWorld RAM'
assembling startup_LPC17xx.s...
compiling system_LPC17xx.c...
compiling uart_polling.c...
compiling Retarget.c...
compiling RTX_Conf_CM.c...
compiling lab1_main.c...
linking...
Program Size: Code=8132 RO-data=276 RW-data=216 ZI-data=5544  
".\build\RAM\HelloWorld.axf" - 0 Error(s), 0 Warning(s).
  
*** Note: 'Create Batch File' is active - using 'Rebuild'.
Rebuild Project 'RTX_Lib_CM' - Target 'CM3_LE'
compiling rt_Task.c...
compiling rt_System.c...
compiling rt_Event.c...
compiling rt_List.c...
compiling rt_Mailbox.c...
compiling rt_Semaphore.c...
compiling rt_Time.c...
compiling rt_Timer.c...
compiling rt_Mutex.c...
compiling rt_Robin.c...
compiling rt_MemBox.c...
compiling rt_user.c...
N:\ECE_254\lab1\RTX_CM3\SRC\CM\rt_user.c(102): warning:  #177-D: variable "CurrentTask" was declared but never referenced
assembling SVC_Table.s...
compiling HAL_CM3.c...
creating Library...
User command #1: cmd.exe /C copy ArInp.Scr CM3_LE\BuildLib.scr
        1 file(s) copied.
".\CM3_LE\RTX_CM3.lib" - 0 Error(s), 1 Warning(s).
  
Build Project 'HelloWorld' - Target 'HelloWorld SIM'
assembling startup_LPC17xx.s...
compiling system_LPC17xx.c...
compiling uart_polling.c...
compiling Retarget.c...
compiling RTX_Conf_CM.c...
compiling lab1_main.c...
linking...
Program Size: Code=8108 RO-data=276 RW-data=216 ZI-data=5544  
".\build\FLASH\HelloWorld.axf" - 0 Error(s), 0 Warning(s).
  
Build Project 'HelloWorld' - Target 'HelloWorld RAM'
assembling startup_LPC17xx.s...
compiling system_LPC17xx.c...
compiling uart_polling.c...
compiling Retarget.c...
compiling RTX_Conf_CM.c...
compiling lab1_main.c...
linking...
Program Size: Code=8108 RO-data=276 RW-data=216 ZI-data=5544  
".\build\RAM\HelloWorld.axf" - 0 Error(s), 0 Warning(s).
  
*** Note: 'Create Batch File' is active - using 'Rebuild'.
Rebuild Project 'RTX_Lib_CM' - Target 'CM3_LE'
compiling rt_Task.c...
compiling rt_System.c...
compiling rt_Event.c...
compiling rt_List.c...
compiling rt_Mailbox.c...
compiling rt_Semaphore.c...
compiling rt_Time.c...
compiling rt_Timer.c...
compiling rt_Mutex.c...
compiling rt_Robin.c...
compiling rt_MemBox.c...
compiling rt_user.c...
N:\ECE_254\lab1\RTX_CM3\SRC\CM\rt_user.c(107): error:  #154: expression must have struct or union type
N:\ECE_254\lab1\RTX_CM3\SRC\CM\rt_user.c(102): warning:  #177-D: variable "CurrentTask" was declared but never referenced
assembling SVC_Table.s...
compiling HAL_CM3.c...
Target not created
  
Build Project 'HelloWorld' - Target 'HelloWorld SIM'
assembling startup_LPC17xx.s...
compiling system_LPC17xx.c...
compiling uart_polling.c...
compiling Retarget.c...
compiling RTX_Conf_CM.c...
compiling lab1_main.c...
linking...
Program Size: Code=8108 RO-data=276 RW-data=216 ZI-data=5544  
".\build\FLASH\HelloWorld.axf" - 0 Error(s), 0 Warning(s).
  
Build Project 'HelloWorld' - Target 'HelloWorld RAM'
assembling startup_LPC17xx.s...
compiling system_LPC17xx.c...
compiling uart_polling.c...
compiling Retarget.c...
compiling RTX_Conf_CM.c...
compiling lab1_main.c...
linking...
Program Size: Code=8108 RO-data=276 RW-data=216 ZI-data=5544  
".\build\RAM\HelloWorld.axf" - 0 Error(s), 0 Warning(s).
  
*** Note: 'Create Batch File' is active - using 'Rebuild'.
Rebuild Project 'RTX_Lib_CM' - Target 'CM3_LE'
compiling rt_Task.c...
compiling rt_System.c...
compiling rt_Event.c...
compiling rt_List.c...
compiling rt_Mailbox.c...
compiling rt_Semaphore.c...
compiling rt_Time.c...
compiling rt_Timer.c...
compiling rt_Mutex.c...
compiling rt_Robin.c...
compiling rt_MemBox.c...
compiling rt_user.c...
N:\ECE_254\lab1\RTX_CM3\SRC\CM\rt_user.c(16): error:  #65: expected a ";"
N:\ECE_254\lab1\RTX_CM3\SRC\CM\rt_user.c(23): warning:  #12-D: parsing restarts here after previous syntax error
N:\ECE_254\lab1\RTX_CM3\SRC\CM\rt_user.c(97): error:  #70: incomplete type is not allowed
N:\ECE_254\lab1\RTX_CM3\SRC\CM\rt_user.c(114): error:  #70: incomplete type is not allowed
N:\ECE_254\lab1\RTX_CM3\SRC\CM\rt_user.c(115): error:  #70: incomplete type is not allowed
N:\ECE_254\lab1\RTX_CM3\SRC\CM\rt_user.c(109): warning:  #177-D: variable "CurrentTask" was declared but never referenced
N:\ECE_254\lab1\RTX_CM3\SRC\CM\rt_user.c(16): error:  #235: variable "WaitingForMem" was declared with a never-completed type
assembling SVC_Table.s...
compiling HAL_CM3.c...
Target not created
  
Build Project 'HelloWorld' - Target 'HelloWorld SIM'
assembling startup_LPC17xx.s...
compiling system_LPC17xx.c...
compiling uart_polling.c...
compiling Retarget.c...
compiling RTX_Conf_CM.c...
compiling lab1_main.c...
linking...
Program Size: Code=8108 RO-data=276 RW-data=216 ZI-data=5544  
".\build\FLASH\HelloWorld.axf" - 0 Error(s), 0 Warning(s).
  
Build Project 'HelloWorld' - Target 'HelloWorld RAM'
assembling startup_LPC17xx.s...
compiling system_LPC17xx.c...
compiling uart_polling.c...
compiling Retarget.c...
compiling RTX_Conf_CM.c...
compiling lab1_main.c...
linking...
Program Size: Code=8108 RO-data=276 RW-data=216 ZI-data=5544  
".\build\RAM\HelloWorld.axf" - 0 Error(s), 0 Warning(s).
Build Project 'HelloWorld' - Target 'HelloWorld SIM'
assembling startup_LPC17xx.s...
compiling system_LPC17xx.c...
compiling uart_polling.c...
compiling Retarget.c...
compiling RTX_Conf_CM.c...
compiling lab1_main.c...
linking...
Program Size: Code=8108 RO-data=276 RW-data=216 ZI-data=5544  
".\build\FLASH\HelloWorld.axf" - 0 Error(s), 0 Warning(s).
  
*** Note: 'Create Batch File' is active - using 'Rebuild'.
Rebuild Project 'RTX_Lib_CM' - Target 'CM3_LE'
compiling rt_Task.c...
compiling rt_System.c...
compiling rt_Event.c...
compiling rt_List.c...
compiling rt_Mailbox.c...
compiling rt_Semaphore.c...
compiling rt_Time.c...
compiling rt_Timer.c...
compiling rt_Mutex.c...
compiling rt_Robin.c...
compiling rt_MemBox.c...
compiling rt_user.c...
N:\ECE_254\lab1\RTX_CM3\SRC\CM\rt_user.c(17): error:  #79: expected a type specifier
N:\ECE_254\lab1\RTX_CM3\SRC\CM\rt_user.c(18): error:  #79: expected a type specifier
N:\ECE_254\lab1\RTX_CM3\SRC\CM\rt_user.c(19): error:  #79: expected a type specifier
N:\ECE_254\lab1\RTX_CM3\SRC\CM\rt_user.c(20): error:  #79: expected a type specifier
N:\ECE_254\lab1\RTX_CM3\SRC\CM\rt_user.c(21): error:  #79: expected a type specifier
N:\ECE_254\lab1\RTX_CM3\SRC\CM\rt_user.c(22): error:  #79: expected a type specifier
N:\ECE_254\lab1\RTX_CM3\SRC\CM\rt_user.c(97): error:  #167: argument of type "struct P_XCB (*)(<error-type>, <error-type>, <error-type>, <error-type>, <error-type>, <error-type>)" is incompatible with parameter of type "P_XCB"
N:\ECE_254\lab1\RTX_CM3\SRC\CM\rt_user.c(114): error:  #154: expression must have struct or union type
N:\ECE_254\lab1\RTX_CM3\SRC\CM\rt_user.c(115): error:  #167: argument of type "struct P_XCB (*)(<error-type>, <error-type>, <error-type>, <error-type>, <error-type>, <error-type>)" is incompatible with parameter of type "P_XCB"
N:\ECE_254\lab1\RTX_CM3\SRC\CM\rt_user.c(109): warning:  #177-D: variable "CurrentTask" was declared but never referenced
assembling SVC_Table.s...
compiling HAL_CM3.c...
Target not created
  
Build Project 'HelloWorld' - Target 'HelloWorld SIM'
linking...
Program Size: Code=8108 RO-data=276 RW-data=216 ZI-data=5544  
".\build\FLASH\HelloWorld.axf" - 0 Error(s), 0 Warning(s).
  
Build Project 'HelloWorld' - Target 'HelloWorld RAM'
assembling startup_LPC17xx.s...
compiling system_LPC17xx.c...
compiling uart_polling.c...
compiling Retarget.c...
compiling RTX_Conf_CM.c...
compiling lab1_main.c...
linking...
Program Size: Code=8108 RO-data=276 RW-data=216 ZI-data=5544  
".\build\RAM\HelloWorld.axf" - 0 Error(s), 0 Warning(s).
  
*** Note: 'Create Batch File' is active - using 'Rebuild'.
Rebuild Project 'RTX_Lib_CM' - Target 'CM3_LE'
compiling rt_Task.c...
compiling rt_System.c...
compiling rt_Event.c...
compiling rt_List.c...
compiling rt_Mailbox.c...
compiling rt_Semaphore.c...
compiling rt_Time.c...
compiling rt_Timer.c...
compiling rt_Mutex.c...
compiling rt_Robin.c...
compiling rt_MemBox.c...
compiling rt_user.c...
N:\ECE_254\lab1\RTX_CM3\SRC\CM\rt_user.c(16): error:  #65: expected a ";"
N:\ECE_254\lab1\RTX_CM3\SRC\CM\rt_user.c(23): warning:  #12-D: parsing restarts here after previous syntax error
N:\ECE_254\lab1\RTX_CM3\SRC\CM\rt_user.c(114): error:  #154: expression must have struct or union type
N:\ECE_254\lab1\RTX_CM3\SRC\CM\rt_user.c(109): warning:  #177-D: variable "CurrentTask" was declared but never referenced
assembling SVC_Table.s...
compiling HAL_CM3.c...
Target not created
  
Build Project 'HelloWorld' - Target 'HelloWorld SIM'
assembling startup_LPC17xx.s...
compiling system_LPC17xx.c...
compiling uart_polling.c...
compiling Retarget.c...
compiling RTX_Conf_CM.c...
compiling lab1_main.c...
linking...
Program Size: Code=8108 RO-data=276 RW-data=216 ZI-data=5544  
".\build\FLASH\HelloWorld.axf" - 0 Error(s), 0 Warning(s).
  
Build Project 'HelloWorld' - Target 'HelloWorld RAM'
assembling startup_LPC17xx.s...
compiling system_LPC17xx.c...
compiling uart_polling.c...
compiling Retarget.c...
compiling RTX_Conf_CM.c...
compiling lab1_main.c...
linking...
Program Size: Code=8108 RO-data=276 RW-data=216 ZI-data=5544  
".\build\RAM\HelloWorld.axf" - 0 Error(s), 0 Warning(s).
Rebuild Project 'HelloWorld' - Target 'HelloWorld SIM'
assembling startup_LPC17xx.s...
compiling system_LPC17xx.c...
compiling uart_polling.c...
compiling Retarget.c...
compiling RTX_Conf_CM.c...
compiling lab1_main.c...
linking...
Program Size: Code=8108 RO-data=276 RW-data=216 ZI-data=5544  
".\build\FLASH\HelloWorld.axf" - 0 Error(s), 0 Warning(s).
  
*** Note: 'Create Batch File' is active - using 'Rebuild'.
Rebuild Project 'RTX_Lib_CM' - Target 'CM3_LE'
compiling rt_Task.c...
compiling rt_System.c...
compiling rt_Event.c...
compiling rt_List.c...
compiling rt_Mailbox.c...
compiling rt_Semaphore.c...
compiling rt_Time.c...
compiling rt_Timer.c...
compiling rt_Mutex.c...
compiling rt_Robin.c...
compiling rt_MemBox.c...
compiling rt_user.c...
N:\ECE_254\lab1\RTX_CM3\SRC\CM\rt_user.c(17): error:  #79: expected a type specifier
N:\ECE_254\lab1\RTX_CM3\SRC\CM\rt_user.c(18): error:  #79: expected a type specifier
N:\ECE_254\lab1\RTX_CM3\SRC\CM\rt_user.c(19): error:  #79: expected a type specifier
N:\ECE_254\lab1\RTX_CM3\SRC\CM\rt_user.c(20): error:  #79: expected a type specifier
N:\ECE_254\lab1\RTX_CM3\SRC\CM\rt_user.c(21): error:  #79: expected a type specifier
N:\ECE_254\lab1\RTX_CM3\SRC\CM\rt_user.c(22): error:  #79: expected a type specifier
N:\ECE_254\lab1\RTX_CM3\SRC\CM\rt_user.c(97): error:  #167: argument of type "P_XCB (*)(<error-type>, <error-type>, <error-type>, <error-type>, <error-type>, <error-type>)" is incompatible with parameter of type "P_XCB"
N:\ECE_254\lab1\RTX_CM3\SRC\CM\rt_user.c(114): error:  #154: expression must have struct or union type
N:\ECE_254\lab1\RTX_CM3\SRC\CM\rt_user.c(115): error:  #167: argument of type "P_XCB (*)(<error-type>, <error-type>, <error-type>, <error-type>, <error-type>, <error-type>)" is incompatible with parameter of type "P_XCB"
N:\ECE_254\lab1\RTX_CM3\SRC\CM\rt_user.c(109): warning:  #177-D: variable "CurrentTask" was declared but never referenced
assembling SVC_Table.s...
compiling HAL_CM3.c...
Target not created
  
Build Project 'HelloWorld' - Target 'HelloWorld SIM'
linking...
Program Size: Code=8108 RO-data=276 RW-data=216 ZI-data=5544  
".\build\FLASH\HelloWorld.axf" - 0 Error(s), 0 Warning(s).
  
Build Project 'HelloWorld' - Target 'HelloWorld RAM'
assembling startup_LPC17xx.s...
compiling system_LPC17xx.c...
compiling uart_polling.c...
compiling Retarget.c...
compiling RTX_Conf_CM.c...
compiling lab1_main.c...
linking...
Program Size: Code=8108 RO-data=276 RW-data=216 ZI-data=5544  
".\build\RAM\HelloWorld.axf" - 0 Error(s), 0 Warning(s).
  
*** Note: 'Create Batch File' is active - using 'Rebuild'.
Rebuild Project 'RTX_Lib_CM' - Target 'CM3_LE'
compiling rt_Task.c...
compiling rt_System.c...
compiling rt_Event.c...
compiling rt_List.c...
compiling rt_Mailbox.c...
compiling rt_Semaphore.c...
compiling rt_Time.c...
compiling rt_Timer.c...
compiling rt_Mutex.c...
compiling rt_Robin.c...
compiling rt_MemBox.c...
compiling rt_user.c...
N:\ECE_254\lab1\RTX_CM3\SRC\CM\rt_user.c(17): error:  #79: expected a type specifier
N:\ECE_254\lab1\RTX_CM3\SRC\CM\rt_user.c(18): error:  #79: expected a type specifier
N:\ECE_254\lab1\RTX_CM3\SRC\CM\rt_user.c(19): error:  #79: expected a type specifier
N:\ECE_254\lab1\RTX_CM3\SRC\CM\rt_user.c(20): error:  #79: expected a type specifier
N:\ECE_254\lab1\RTX_CM3\SRC\CM\rt_user.c(21): error:  #79: expected a type specifier
N:\ECE_254\lab1\RTX_CM3\SRC\CM\rt_user.c(22): error:  #79: expected a type specifier
N:\ECE_254\lab1\RTX_CM3\SRC\CM\rt_user.c(23): error:  #79: expected a type specifier
N:\ECE_254\lab1\RTX_CM3\SRC\CM\rt_user.c(97): error:  #167: argument of type "P_XCB (*)(<error-type>, <error-type>, <error-type>, <error-type>, <error-type>, <error-type>, <error-type>)" is incompatible with parameter of type "P_XCB"
N:\ECE_254\lab1\RTX_CM3\SRC\CM\rt_user.c(114): error:  #154: expression must have struct or union type
N:\ECE_254\lab1\RTX_CM3\SRC\CM\rt_user.c(115): error:  #167: argument of type "P_XCB (*)(<error-type>, <error-type>, <error-type>, <error-type>, <error-type>, <error-type>, <error-type>)" is incompatible with parameter of type "P_XCB"
N:\ECE_254\lab1\RTX_CM3\SRC\CM\rt_user.c(109): warning:  #177-D: variable "CurrentTask" was declared but never referenced
assembling SVC_Table.s...
compiling HAL_CM3.c...
Target not created
  
Build Project 'HelloWorld' - Target 'HelloWorld SIM'
assembling startup_LPC17xx.s...
compiling system_LPC17xx.c...
compiling uart_polling.c...
compiling Retarget.c...
compiling RTX_Conf_CM.c...
compiling lab1_main.c...
linking...
Program Size: Code=8108 RO-data=276 RW-data=216 ZI-data=5544  
".\build\FLASH\HelloWorld.axf" - 0 Error(s), 0 Warning(s).
  
Build Project 'HelloWorld' - Target 'HelloWorld RAM'
assembling startup_LPC17xx.s...
compiling system_LPC17xx.c...
compiling uart_polling.c...
compiling Retarget.c...
compiling RTX_Conf_CM.c...
compiling lab1_main.c...
linking...
Program Size: Code=8108 RO-data=276 RW-data=216 ZI-data=5544  
".\build\RAM\HelloWorld.axf" - 0 Error(s), 0 Warning(s).
  
*** Note: 'Create Batch File' is active - using 'Rebuild'.
Rebuild Project 'RTX_Lib_CM' - Target 'CM3_LE'
compiling rt_Task.c...
compiling rt_System.c...
compiling rt_Event.c...
compiling rt_List.c...
compiling rt_Mailbox.c...
compiling rt_Semaphore.c...
compiling rt_Time.c...
compiling rt_Timer.c...
compiling rt_Mutex.c...
compiling rt_Robin.c...
compiling rt_MemBox.c...
compiling rt_user.c...
N:\ECE_254\lab1\RTX_CM3\SRC\CM\rt_user.c(17): error:  #144: a value of type "int" cannot be used to initialize an entity of type "P_XCB"
N:\ECE_254\lab1\RTX_CM3\SRC\CM\rt_user.c(18): error:  #67: expected a "}"
N:\ECE_254\lab1\RTX_CM3\SRC\CM\rt_user.c(23): warning:  #12-D: parsing restarts here after previous syntax error
N:\ECE_254\lab1\RTX_CM3\SRC\CM\rt_user.c(114): error:  #154: expression must have struct or union type
N:\ECE_254\lab1\RTX_CM3\SRC\CM\rt_user.c(109): warning:  #177-D: variable "CurrentTask" was declared but never referenced
assembling SVC_Table.s...
compiling HAL_CM3.c...
Target not created
  
Build Project 'HelloWorld' - Target 'HelloWorld SIM'
assembling startup_LPC17xx.s...
compiling system_LPC17xx.c...
compiling uart_polling.c...
compiling Retarget.c...
compiling RTX_Conf_CM.c...
compiling lab1_main.c...
linking...
Program Size: Code=8108 RO-data=276 RW-data=216 ZI-data=5544  
".\build\FLASH\HelloWorld.axf" - 0 Error(s), 0 Warning(s).
  
Build Project 'HelloWorld' - Target 'HelloWorld RAM'
assembling startup_LPC17xx.s...
compiling system_LPC17xx.c...
compiling uart_polling.c...
compiling Retarget.c...
compiling RTX_Conf_CM.c...
compiling lab1_main.c...
linking...
Program Size: Code=8108 RO-data=276 RW-data=216 ZI-data=5544  
".\build\RAM\HelloWorld.axf" - 0 Error(s), 0 Warning(s).
  
*** Note: 'Create Batch File' is active - using 'Rebuild'.
Rebuild Project 'RTX_Lib_CM' - Target 'CM3_LE'
compiling rt_Task.c...
compiling rt_System.c...
compiling rt_Event.c...
compiling rt_List.c...
compiling rt_Mailbox.c...
compiling rt_Semaphore.c...
compiling rt_Time.c...
compiling rt_Timer.c...
compiling rt_Mutex.c...
compiling rt_Robin.c...
compiling rt_MemBox.c...
compiling rt_user.c...
N:\ECE_254\lab1\RTX_CM3\SRC\CM\rt_user.c(16): error:  #70: incomplete type is not allowed
N:\ECE_254\lab1\RTX_CM3\SRC\CM\rt_user.c(109): warning:  #177-D: variable "CurrentTask" was declared but never referenced
assembling SVC_Table.s...
compiling HAL_CM3.c...
Target not created
  
Build Project 'HelloWorld' - Target 'HelloWorld SIM'
assembling startup_LPC17xx.s...
compiling system_LPC17xx.c...
compiling uart_polling.c...
compiling Retarget.c...
compiling RTX_Conf_CM.c...
compiling lab1_main.c...
linking...
Program Size: Code=8108 RO-data=276 RW-data=216 ZI-data=5544  
".\build\FLASH\HelloWorld.axf" - 0 Error(s), 0 Warning(s).
  
Build Project 'HelloWorld' - Target 'HelloWorld RAM'
assembling startup_LPC17xx.s...
compiling system_LPC17xx.c...
compiling uart_polling.c...
compiling Retarget.c...
compiling RTX_Conf_CM.c...
compiling lab1_main.c...
linking...
Program Size: Code=8108 RO-data=276 RW-data=216 ZI-data=5544  
".\build\RAM\HelloWorld.axf" - 0 Error(s), 0 Warning(s).
  
*** Note: 'Create Batch File' is active - using 'Rebuild'.
Rebuild Project 'RTX_Lib_CM' - Target 'CM3_LE'
compiling rt_Task.c...
compiling rt_System.c...
compiling rt_Event.c...
compiling rt_List.c...
compiling rt_Mailbox.c...
compiling rt_Semaphore.c...
compiling rt_Time.c...
compiling rt_Timer.c...
compiling rt_Mutex.c...
compiling rt_Robin.c...
compiling rt_MemBox.c...
compiling rt_user.c...
N:\ECE_254\lab1\RTX_CM3\SRC\CM\rt_user.c(17): error:  #144: a value of type "int" cannot be used to initialize an entity of type "P_XCB"
N:\ECE_254\lab1\RTX_CM3\SRC\CM\rt_user.c(18): error:  #67: expected a "}"
N:\ECE_254\lab1\RTX_CM3\SRC\CM\rt_user.c(23): warning:  #12-D: parsing restarts here after previous syntax error
N:\ECE_254\lab1\RTX_CM3\SRC\CM\rt_user.c(114): error:  #154: expression must have struct or union type
N:\ECE_254\lab1\RTX_CM3\SRC\CM\rt_user.c(109): warning:  #177-D: variable "CurrentTask" was declared but never referenced
assembling SVC_Table.s...
compiling HAL_CM3.c...
Target not created
  
Build Project 'HelloWorld' - Target 'HelloWorld SIM'
assembling startup_LPC17xx.s...
compiling system_LPC17xx.c...
compiling uart_polling.c...
compiling Retarget.c...
compiling RTX_Conf_CM.c...
compiling lab1_main.c...
linking...
Program Size: Code=8108 RO-data=276 RW-data=216 ZI-data=5544  
".\build\FLASH\HelloWorld.axf" - 0 Error(s), 0 Warning(s).
  
Build Project 'HelloWorld' - Target 'HelloWorld RAM'
assembling startup_LPC17xx.s...
compiling system_LPC17xx.c...
compiling uart_polling.c...
compiling Retarget.c...
compiling RTX_Conf_CM.c...
compiling lab1_main.c...
linking...
Program Size: Code=8108 RO-data=276 RW-data=216 ZI-data=5544  
".\build\RAM\HelloWorld.axf" - 0 Error(s), 0 Warning(s).
  
*** Note: 'Create Batch File' is active - using 'Rebuild'.
Rebuild Project 'RTX_Lib_CM' - Target 'CM3_LE'
compiling rt_Task.c...
compiling rt_System.c...
compiling rt_Event.c...
compiling rt_List.c...
compiling rt_Mailbox.c...
compiling rt_Semaphore.c...
compiling rt_Time.c...
compiling rt_Timer.c...
compiling rt_Mutex.c...
compiling rt_Robin.c...
compiling rt_MemBox.c...
compiling rt_user.c...
N:\ECE_254\lab1\RTX_CM3\SRC\CM\rt_user.c(16): error:  #70: incomplete type is not allowed
N:\ECE_254\lab1\RTX_CM3\SRC\CM\rt_user.c(109): warning:  #177-D: variable "CurrentTask" was declared but never referenced
assembling SVC_Table.s...
compiling HAL_CM3.c...
Target not created
  
Build Project 'HelloWorld' - Target 'HelloWorld SIM'
assembling startup_LPC17xx.s...
compiling system_LPC17xx.c...
compiling uart_polling.c...
compiling Retarget.c...
compiling RTX_Conf_CM.c...
compiling lab1_main.c...
linking...
Program Size: Code=8108 RO-data=276 RW-data=216 ZI-data=5544  
".\build\FLASH\HelloWorld.axf" - 0 Error(s), 0 Warning(s).
  
Build Project 'HelloWorld' - Target 'HelloWorld RAM'
assembling startup_LPC17xx.s...
compiling system_LPC17xx.c...
compiling uart_polling.c...
compiling Retarget.c...
compiling RTX_Conf_CM.c...
compiling lab1_main.c...
linking...
Program Size: Code=8108 RO-data=276 RW-data=216 ZI-data=5544  
".\build\RAM\HelloWorld.axf" - 0 Error(s), 0 Warning(s).
  
*** Note: 'Create Batch File' is active - using 'Rebuild'.
Rebuild Project 'RTX_Lib_CM' - Target 'CM3_LE'
compiling rt_Task.c...
compiling rt_System.c...
compiling rt_Event.c...
compiling rt_List.c...
compiling rt_Mailbox.c...
compiling rt_Semaphore.c...
compiling rt_Time.c...
compiling rt_Timer.c...
compiling rt_Mutex.c...
compiling rt_Robin.c...
compiling rt_MemBox.c...
compiling rt_user.c...
N:\ECE_254\lab1\RTX_CM3\SRC\CM\rt_user.c(97): error:  #167: argument of type "struct OS_XCB" is incompatible with parameter of type "P_XCB"
N:\ECE_254\lab1\RTX_CM3\SRC\CM\rt_user.c(115): error:  #167: argument of type "struct OS_XCB" is incompatible with parameter of type "P_XCB"
N:\ECE_254\lab1\RTX_CM3\SRC\CM\rt_user.c(109): warning:  #177-D: variable "CurrentTask" was declared but never referenced
assembling SVC_Table.s...
compiling HAL_CM3.c...
Target not created
  
Build Project 'HelloWorld' - Target 'HelloWorld SIM'
assembling startup_LPC17xx.s...
compiling system_LPC17xx.c...
compiling uart_polling.c...
compiling Retarget.c...
compiling RTX_Conf_CM.c...
compiling lab1_main.c...
linking...
Program Size: Code=8108 RO-data=276 RW-data=216 ZI-data=5544  
".\build\FLASH\HelloWorld.axf" - 0 Error(s), 0 Warning(s).
  
Build Project 'HelloWorld' - Target 'HelloWorld RAM'
assembling startup_LPC17xx.s...
compiling system_LPC17xx.c...
compiling uart_polling.c...
compiling Retarget.c...
compiling RTX_Conf_CM.c...
compiling lab1_main.c...
linking...
Program Size: Code=8108 RO-data=276 RW-data=216 ZI-data=5544  
".\build\RAM\HelloWorld.axf" - 0 Error(s), 0 Warning(s).
  
*** Note: 'Create Batch File' is active - using 'Rebuild'.
Rebuild Project 'RTX_Lib_CM' - Target 'CM3_LE'
compiling rt_Task.c...
compiling rt_System.c...
compiling rt_Event.c...
compiling rt_List.c...
compiling rt_Mailbox.c...
compiling rt_Semaphore.c...
compiling rt_Time.c...
compiling rt_Timer.c...
compiling rt_Mutex.c...
compiling rt_Robin.c...
compiling rt_MemBox.c...
compiling rt_user.c...
N:\ECE_254\lab1\RTX_CM3\SRC\CM\rt_user.c(109): warning:  #177-D: variable "CurrentTask" was declared but never referenced
assembling SVC_Table.s...
compiling HAL_CM3.c...
creating Library...
User command #1: cmd.exe /C copy ArInp.Scr CM3_LE\BuildLib.scr
        1 file(s) copied.
".\CM3_LE\RTX_CM3.lib" - 0 Error(s), 1 Warning(s).
  
Build Project 'HelloWorld' - Target 'HelloWorld SIM'
assembling startup_LPC17xx.s...
compiling system_LPC17xx.c...
compiling uart_polling.c...
compiling Retarget.c...
compiling RTX_Conf_CM.c...
compiling lab1_main.c...
linking...
Program Size: Code=8108 RO-data=276 RW-data=236 ZI-data=5548  
".\build\FLASH\HelloWorld.axf" - 0 Error(s), 0 Warning(s).
  
Build Project 'HelloWorld' - Target 'HelloWorld RAM'
assembling startup_LPC17xx.s...
compiling system_LPC17xx.c...
compiling uart_polling.c...
compiling Retarget.c...
compiling RTX_Conf_CM.c...
compiling lab1_main.c...
linking...
Program Size: Code=8108 RO-data=276 RW-data=236 ZI-data=5548  
".\build\RAM\HelloWorld.axf" - 0 Error(s), 0 Warning(s).
  
*** Note: 'Create Batch File' is active - using 'Rebuild'.
Rebuild Project 'RTX_Lib_CM' - Target 'CM3_LE'
compiling rt_Task.c...
compiling rt_System.c...
compiling rt_Event.c...
compiling rt_List.c...
compiling rt_Mailbox.c...
compiling rt_Semaphore.c...
compiling rt_Time.c...
compiling rt_Timer.c...
compiling rt_Mutex.c...
compiling rt_Robin.c...
compiling rt_MemBox.c...
compiling rt_user.c...
N:\ECE_254\lab1\RTX_CM3\SRC\CM\rt_user.c(109): warning:  #177-D: variable "CurrentTask" was declared but never referenced
assembling SVC_Table.s...
compiling HAL_CM3.c...
creating Library...
User command #1: cmd.exe /C copy ArInp.Scr CM3_LE\BuildLib.scr
        1 file(s) copied.
".\CM3_LE\RTX_CM3.lib" - 0 Error(s), 1 Warning(s).
  
Build Project 'HelloWorld' - Target 'HelloWorld SIM'
assembling startup_LPC17xx.s...
compiling system_LPC17xx.c...
compiling uart_polling.c...
compiling Retarget.c...
compiling RTX_Conf_CM.c...
compiling lab1_main.c...
linking...
Program Size: Code=8112 RO-data=276 RW-data=236 ZI-data=5548  
".\build\FLASH\HelloWorld.axf" - 0 Error(s), 0 Warning(s).
  
Build Project 'HelloWorld' - Target 'HelloWorld RAM'
assembling startup_LPC17xx.s...
compiling system_LPC17xx.c...
compiling uart_polling.c...
compiling Retarget.c...
compiling RTX_Conf_CM.c...
compiling lab1_main.c...
linking...
Program Size: Code=8112 RO-data=276 RW-data=236 ZI-data=5548  
".\build\RAM\HelloWorld.axf" - 0 Error(s), 0 Warning(s).
Rebuild Project 'HelloWorld' - Target 'HelloWorld SIM'
assembling startup_LPC17xx.s...
compiling system_LPC17xx.c...
compiling uart_polling.c...
compiling Retarget.c...
compiling RTX_Conf_CM.c...
compiling lab1_main.c...
linking...
Program Size: Code=8156 RO-data=276 RW-data=236 ZI-data=5548  
".\build\FLASH\HelloWorld.axf" - 0 Error(s), 0 Warning(s).
  
*** Note: 'Create Batch File' is active - using 'Rebuild'.
Rebuild Project 'RTX_Lib_CM' - Target 'CM3_LE'
compiling rt_Task.c...
compiling rt_System.c...
compiling rt_Event.c...
compiling rt_List.c...
compiling rt_Mailbox.c...
compiling rt_Semaphore.c...
compiling rt_Time.c...
compiling rt_Timer.c...
compiling rt_Mutex.c...
compiling rt_Robin.c...
compiling rt_MemBox.c...
compiling rt_user.c...
N:\ECE_254\lab1\RTX_CM3\SRC\CM\rt_user.c(109): warning:  #177-D: variable "CurrentTask" was declared but never referenced
assembling SVC_Table.s...
compiling HAL_CM3.c...
creating Library...
User command #1: cmd.exe /C copy ArInp.Scr CM3_LE\BuildLib.scr
        1 file(s) copied.
".\CM3_LE\RTX_CM3.lib" - 0 Error(s), 1 Warning(s).
  
Build Project 'HelloWorld' - Target 'HelloWorld SIM'
compiling lab1_main.c...
N:\ECE_254\lab1\HelloWorld\src\lab1_main.c(70): error:  #268: declaration may not appear after executable statement in block
N:\ECE_254\lab1\HelloWorld\src\lab1_main.c(71): error:  #268: declaration may not appear after executable statement in block
Target not created
  
Build Project 'HelloWorld' - Target 'HelloWorld RAM'
assembling startup_LPC17xx.s...
compiling system_LPC17xx.c...
compiling uart_polling.c...
compiling Retarget.c...
compiling RTX_Conf_CM.c...
compiling lab1_main.c...
N:\ECE_254\lab1\HelloWorld\src\lab1_main.c(70): error:  #268: declaration may not appear after executable statement in block
N:\ECE_254\lab1\HelloWorld\src\lab1_main.c(71): error:  #268: declaration may not appear after executable statement in block
Target not created
  
*** Note: 'Create Batch File' is active - using 'Rebuild'.
Rebuild Project 'RTX_Lib_CM' - Target 'CM3_LE'
compiling rt_Task.c...
compiling rt_System.c...
compiling rt_Event.c...
compiling rt_List.c...
compiling rt_Mailbox.c...
compiling rt_Semaphore.c...
compiling rt_Time.c...
compiling rt_Timer.c...
compiling rt_Mutex.c...
compiling rt_Robin.c...
compiling rt_MemBox.c...
compiling rt_user.c...
N:\ECE_254\lab1\RTX_CM3\SRC\CM\rt_user.c(109): warning:  #177-D: variable "CurrentTask" was declared but never referenced
assembling SVC_Table.s...
compiling HAL_CM3.c...
creating Library...
User command #1: cmd.exe /C copy ArInp.Scr CM3_LE\BuildLib.scr
        1 file(s) copied.
".\CM3_LE\RTX_CM3.lib" - 0 Error(s), 1 Warning(s).
  
Build Project 'HelloWorld' - Target 'HelloWorld SIM'
assembling startup_LPC17xx.s...
compiling system_LPC17xx.c...
compiling uart_polling.c...
compiling Retarget.c...
compiling RTX_Conf_CM.c...
compiling lab1_main.c...
linking...
Program Size: Code=8208 RO-data=276 RW-data=236 ZI-data=5548  
".\build\FLASH\HelloWorld.axf" - 0 Error(s), 0 Warning(s).
  
Build Project 'HelloWorld' - Target 'HelloWorld RAM'
assembling startup_LPC17xx.s...
compiling system_LPC17xx.c...
compiling uart_polling.c...
compiling Retarget.c...
compiling RTX_Conf_CM.c...
compiling lab1_main.c...
linking...
Program Size: Code=8208 RO-data=276 RW-data=236 ZI-data=5548  
".\build\RAM\HelloWorld.axf" - 0 Error(s), 0 Warning(s).
  
*** Note: 'Create Batch File' is active - using 'Rebuild'.
Rebuild Project 'RTX_Lib_CM' - Target 'CM3_LE'
compiling rt_Task.c...
compiling rt_System.c...
compiling rt_Event.c...
compiling rt_List.c...
compiling rt_Mailbox.c...
compiling rt_Semaphore.c...
compiling rt_Time.c...
compiling rt_Timer.c...
compiling rt_Mutex.c...
compiling rt_Robin.c...
compiling rt_MemBox.c...
compiling rt_user.c...
N:\ECE_254\lab1\RTX_CM3\SRC\CM\rt_user.c(109): warning:  #177-D: variable "CurrentTask" was declared but never referenced
assembling SVC_Table.s...
compiling HAL_CM3.c...
creating Library...
User command #1: cmd.exe /C copy ArInp.Scr CM3_LE\BuildLib.scr
        1 file(s) copied.
".\CM3_LE\RTX_CM3.lib" - 0 Error(s), 1 Warning(s).
  
Build Project 'HelloWorld' - Target 'HelloWorld SIM'
assembling startup_LPC17xx.s...
compiling system_LPC17xx.c...
compiling uart_polling.c...
compiling Retarget.c...
compiling RTX_Conf_CM.c...
compiling lab1_main.c...
linking...
Program Size: Code=8292 RO-data=276 RW-data=236 ZI-data=5548  
".\build\FLASH\HelloWorld.axf" - 0 Error(s), 0 Warning(s).
  
Build Project 'HelloWorld' - Target 'HelloWorld RAM'
assembling startup_LPC17xx.s...
compiling system_LPC17xx.c...
compiling uart_polling.c...
compiling Retarget.c...
compiling RTX_Conf_CM.c...
compiling lab1_main.c...
linking...
Program Size: Code=8292 RO-data=276 RW-data=236 ZI-data=5548  
".\build\RAM\HelloWorld.axf" - 0 Error(s), 0 Warning(s).
  
*** Note: 'Create Batch File' is active - using 'Rebuild'.
Rebuild Project 'RTX_Lib_CM' - Target 'CM3_LE'
compiling rt_Task.c...
compiling rt_System.c...
compiling rt_Event.c...
compiling rt_List.c...
compiling rt_Mailbox.c...
compiling rt_Semaphore.c...
compiling rt_Time.c...
compiling rt_Timer.c...
compiling rt_Mutex.c...
compiling rt_Robin.c...
compiling rt_MemBox.c...
compiling rt_user.c...
N:\ECE_254\lab1\RTX_CM3\SRC\CM\rt_user.c(91): warning:  #223-D: function "os_mut_wait" declared implicitly
N:\ECE_254\lab1\RTX_CM3\SRC\CM\rt_user.c(91): error:  #20: identifier "g_mut_uart" is undefined
N:\ECE_254\lab1\RTX_CM3\SRC\CM\rt_user.c(92): warning:  #223-D: function "printf" declared implicitly
N:\ECE_254\lab1\RTX_CM3\SRC\CM\rt_user.c(93): warning:  #223-D: function "os_mut_release" declared implicitly
N:\ECE_254\lab1\RTX_CM3\SRC\CM\rt_user.c(112): warning:  #177-D: variable "CurrentTask" was declared but never referenced
assembling SVC_Table.s...
compiling HAL_CM3.c...
Target not created
  
Build Project 'HelloWorld' - Target 'HelloWorld SIM'
assembling startup_LPC17xx.s...
compiling system_LPC17xx.c...
compiling uart_polling.c...
compiling Retarget.c...
compiling RTX_Conf_CM.c...
compiling lab1_main.c...
linking...
Program Size: Code=8292 RO-data=276 RW-data=236 ZI-data=5548  
".\build\FLASH\HelloWorld.axf" - 0 Error(s), 0 Warning(s).
  
Build Project 'HelloWorld' - Target 'HelloWorld RAM'
assembling startup_LPC17xx.s...
compiling system_LPC17xx.c...
compiling uart_polling.c...
compiling Retarget.c...
compiling RTX_Conf_CM.c...
compiling lab1_main.c...
linking...
Program Size: Code=8292 RO-data=276 RW-data=236 ZI-data=5548  
".\build\RAM\HelloWorld.axf" - 0 Error(s), 0 Warning(s).
  
*** Note: 'Create Batch File' is active - using 'Rebuild'.
Rebuild Project 'RTX_Lib_CM' - Target 'CM3_LE'
compiling rt_Task.c...
compiling rt_System.c...
compiling rt_Event.c...
compiling rt_List.c...
compiling rt_Mailbox.c...
compiling rt_Semaphore.c...
compiling rt_Time.c...
compiling rt_Timer.c...
compiling rt_Mutex.c...
compiling rt_Robin.c...
compiling rt_MemBox.c...
compiling rt_user.c...
N:\ECE_254\lab1\RTX_CM3\SRC\CM\rt_user.c(91): error:  #268: declaration may not appear after executable statement in block
N:\ECE_254\lab1\RTX_CM3\SRC\CM\rt_user.c(91): error:  #20: identifier "OS_MUT" is undefined
N:\ECE_254\lab1\RTX_CM3\SRC\CM\rt_user.c(92): warning:  #223-D: function "os_mut_wait" declared implicitly
N:\ECE_254\lab1\RTX_CM3\SRC\CM\rt_user.c(93): warning:  #223-D: function "printf" declared implicitly
N:\ECE_254\lab1\RTX_CM3\SRC\CM\rt_user.c(94): warning:  #223-D: function "os_mut_release" declared implicitly
N:\ECE_254\lab1\RTX_CM3\SRC\CM\rt_user.c(113): warning:  #177-D: variable "CurrentTask" was declared but never referenced
assembling SVC_Table.s...
compiling HAL_CM3.c...
Target not created
  
Build Project 'HelloWorld' - Target 'HelloWorld SIM'
assembling startup_LPC17xx.s...
compiling system_LPC17xx.c...
compiling uart_polling.c...
compiling Retarget.c...
compiling RTX_Conf_CM.c...
compiling lab1_main.c...
linking...
Program Size: Code=8292 RO-data=276 RW-data=236 ZI-data=5548  
".\build\FLASH\HelloWorld.axf" - 0 Error(s), 0 Warning(s).
  
Build Project 'HelloWorld' - Target 'HelloWorld RAM'
assembling startup_LPC17xx.s...
compiling system_LPC17xx.c...
compiling uart_polling.c...
compiling Retarget.c...
compiling RTX_Conf_CM.c...
compiling lab1_main.c...
linking...
Program Size: Code=8292 RO-data=276 RW-data=236 ZI-data=5548  
".\build\RAM\HelloWorld.axf" - 0 Error(s), 0 Warning(s).
  
*** Note: 'Create Batch File' is active - using 'Rebuild'.
Rebuild Project 'RTX_Lib_CM' - Target 'CM3_LE'
compiling rt_Task.c...
compiling rt_System.c...
compiling rt_Event.c...
compiling rt_List.c...
compiling rt_Mailbox.c...
compiling rt_Semaphore.c...
compiling rt_Time.c...
compiling rt_Timer.c...
compiling rt_Mutex.c...
compiling rt_Robin.c...
compiling rt_MemBox.c...
compiling rt_user.c...
N:\ECE_254\lab1\RTX_CM3\SRC\CM\rt_user.c(86): error:  #20: identifier "OS_MUT" is undefined
N:\ECE_254\lab1\RTX_CM3\SRC\CM\rt_user.c(87): warning:  #223-D: function "os_mut_wait" declared implicitly
N:\ECE_254\lab1\RTX_CM3\SRC\CM\rt_user.c(88): warning:  #223-D: function "printf" declared implicitly
N:\ECE_254\lab1\RTX_CM3\SRC\CM\rt_user.c(89): warning:  #223-D: function "os_mut_release" declared implicitly
N:\ECE_254\lab1\RTX_CM3\SRC\CM\rt_user.c(91): error:  #268: declaration may not appear after executable statement in block
N:\ECE_254\lab1\RTX_CM3\SRC\CM\rt_user.c(92): error:  #268: declaration may not appear after executable statement in block
N:\ECE_254\lab1\RTX_CM3\SRC\CM\rt_user.c(114): warning:  #177-D: variable "CurrentTask" was declared but never referenced
assembling SVC_Table.s...
compiling HAL_CM3.c...
Target not created
  
Build Project 'HelloWorld' - Target 'HelloWorld SIM'
assembling startup_LPC17xx.s...
compiling system_LPC17xx.c...
compiling uart_polling.c...
compiling Retarget.c...
compiling RTX_Conf_CM.c...
compiling lab1_main.c...
linking...
Program Size: Code=8292 RO-data=276 RW-data=236 ZI-data=5548  
".\build\FLASH\HelloWorld.axf" - 0 Error(s), 0 Warning(s).
  
Build Project 'HelloWorld' - Target 'HelloWorld RAM'
assembling startup_LPC17xx.s...
compiling system_LPC17xx.c...
compiling uart_polling.c...
compiling Retarget.c...
compiling RTX_Conf_CM.c...
compiling lab1_main.c...
linking...
Program Size: Code=8292 RO-data=276 RW-data=236 ZI-data=5548  
".\build\RAM\HelloWorld.axf" - 0 Error(s), 0 Warning(s).
  
*** Note: 'Create Batch File' is active - using 'Rebuild'.
Rebuild Project 'RTX_Lib_CM' - Target 'CM3_LE'
compiling rt_Task.c...
compiling rt_System.c...
compiling rt_Event.c...
compiling rt_List.c...
compiling rt_Mailbox.c...
compiling rt_Semaphore.c...
compiling rt_Time.c...
compiling rt_Timer.c...
compiling rt_Mutex.c...
compiling rt_Robin.c...
compiling rt_MemBox.c...
compiling rt_user.c...
N:\ECE_254\lab1\RTX_CM3\SRC\CM\rt_user.c(89): warning:  #223-D: function "printf" declared implicitly
N:\ECE_254\lab1\RTX_CM3\SRC\CM\rt_user.c(111): warning:  #177-D: variable "CurrentTask" was declared but never referenced
assembling SVC_Table.s...
compiling HAL_CM3.c...
creating Library...
User command #1: cmd.exe /C copy ArInp.Scr CM3_LE\BuildLib.scr
        1 file(s) copied.
".\CM3_LE\RTX_CM3.lib" - 0 Error(s), 2 Warning(s).
  
Build Project 'HelloWorld' - Target 'HelloWorld SIM'
assembling startup_LPC17xx.s...
compiling system_LPC17xx.c...
compiling uart_polling.c...
compiling Retarget.c...
compiling RTX_Conf_CM.c...
compiling lab1_main.c...
linking...
Program Size: Code=8304 RO-data=276 RW-data=236 ZI-data=5548  
".\build\FLASH\HelloWorld.axf" - 0 Error(s), 0 Warning(s).
  
Build Project 'HelloWorld' - Target 'HelloWorld RAM'
assembling startup_LPC17xx.s...
compiling system_LPC17xx.c...
compiling uart_polling.c...
compiling Retarget.c...
compiling RTX_Conf_CM.c...
compiling lab1_main.c...
linking...
Program Size: Code=8304 RO-data=276 RW-data=236 ZI-data=5548  
".\build\RAM\HelloWorld.axf" - 0 Error(s), 0 Warning(s).
  
*** Note: 'Create Batch File' is active - using 'Rebuild'.
Rebuild Project 'RTX_Lib_CM' - Target 'CM3_LE'
compiling rt_Task.c...
compiling rt_System.c...
compiling rt_Event.c...
compiling rt_List.c...
compiling rt_Mailbox.c...
compiling rt_Semaphore.c...
compiling rt_Time.c...
compiling rt_Timer.c...
compiling rt_Mutex.c...
compiling rt_Robin.c...
compiling rt_MemBox.c...
compiling rt_user.c...
N:\ECE_254\lab1\RTX_CM3\SRC\CM\rt_user.c(91): warning:  #223-D: function "printf" declared implicitly
N:\ECE_254\lab1\RTX_CM3\SRC\CM\rt_user.c(111): warning:  #177-D: variable "CurrentTask" was declared but never referenced
assembling SVC_Table.s...
compiling HAL_CM3.c...
creating Library...
User command #1: cmd.exe /C copy ArInp.Scr CM3_LE\BuildLib.scr
        1 file(s) copied.
".\CM3_LE\RTX_CM3.lib" - 0 Error(s), 2 Warning(s).
  
Build Project 'HelloWorld' - Target 'HelloWorld SIM'
assembling startup_LPC17xx.s...
compiling system_LPC17xx.c...
compiling uart_polling.c...
compiling Retarget.c...
compiling RTX_Conf_CM.c...
compiling lab1_main.c...
linking...
Program Size: Code=8304 RO-data=276 RW-data=236 ZI-data=5548  
".\build\FLASH\HelloWorld.axf" - 0 Error(s), 0 Warning(s).
  
Build Project 'HelloWorld' - Target 'HelloWorld RAM'
assembling startup_LPC17xx.s...
compiling system_LPC17xx.c...
compiling uart_polling.c...
compiling Retarget.c...
compiling RTX_Conf_CM.c...
compiling lab1_main.c...
linking...
Program Size: Code=8304 RO-data=276 RW-data=236 ZI-data=5548  
".\build\RAM\HelloWorld.axf" - 0 Error(s), 0 Warning(s).
  
*** Note: 'Create Batch File' is active - using 'Rebuild'.
Rebuild Project 'RTX_Lib_CM' - Target 'CM3_LE'
compiling rt_Task.c...
compiling rt_System.c...
compiling rt_Event.c...
compiling rt_List.c...
compiling rt_Mailbox.c...
compiling rt_Semaphore.c...
compiling rt_Time.c...
compiling rt_Timer.c...
compiling rt_Mutex.c...
compiling rt_Robin.c...
compiling rt_MemBox.c...
compiling rt_user.c...
N:\ECE_254\lab1\RTX_CM3\SRC\CM\rt_user.c(95): warning:  #223-D: function "printf" declared implicitly
N:\ECE_254\lab1\RTX_CM3\SRC\CM\rt_user.c(112): warning:  #177-D: variable "CurrentTask" was declared but never referenced
assembling SVC_Table.s...
compiling HAL_CM3.c...
creating Library...
User command #1: cmd.exe /C copy ArInp.Scr CM3_LE\BuildLib.scr
        1 file(s) copied.
".\CM3_LE\RTX_CM3.lib" - 0 Error(s), 2 Warning(s).
  
Build Project 'HelloWorld' - Target 'HelloWorld SIM'
assembling startup_LPC17xx.s...
compiling system_LPC17xx.c...
compiling uart_polling.c...
compiling Retarget.c...
compiling RTX_Conf_CM.c...
compiling lab1_main.c...
linking...
Program Size: Code=8304 RO-data=276 RW-data=236 ZI-data=5548  
".\build\FLASH\HelloWorld.axf" - 0 Error(s), 0 Warning(s).
  
Build Project 'HelloWorld' - Target 'HelloWorld RAM'
assembling startup_LPC17xx.s...
compiling system_LPC17xx.c...
compiling uart_polling.c...
compiling Retarget.c...
compiling RTX_Conf_CM.c...
compiling lab1_main.c...
linking...
Program Size: Code=8304 RO-data=276 RW-data=236 ZI-data=5548  
".\build\RAM\HelloWorld.axf" - 0 Error(s), 0 Warning(s).
Rebuild Project 'HelloWorld' - Target 'HelloWorld SIM'
assembling startup_LPC17xx.s...
compiling system_LPC17xx.c...
compiling uart_polling.c...
compiling Retarget.c...
compiling RTX_Conf_CM.c...
compiling lab1_main.c...
linking...
Program Size: Code=8304 RO-data=276 RW-data=236 ZI-data=5548  
".\build\FLASH\HelloWorld.axf" - 0 Error(s), 0 Warning(s).
  
*** Note: 'Create Batch File' is active - using 'Rebuild'.
Rebuild Project 'RTX_Lib_CM' - Target 'CM3_LE'
compiling rt_Task.c...
compiling rt_System.c...
compiling rt_Event.c...
compiling rt_List.c...
compiling rt_Mailbox.c...
compiling rt_Semaphore.c...
compiling rt_Time.c...
compiling rt_Timer.c...
compiling rt_Mutex.c...
compiling rt_Robin.c...
compiling rt_MemBox.c...
compiling rt_user.c...
N:\ECE_254\lab1\RTX_CM3\SRC\CM\rt_user.c(103): warning:  #223-D: function "printf" declared implicitly
N:\ECE_254\lab1\RTX_CM3\SRC\CM\rt_user.c(113): warning:  #177-D: variable "CurrentTask" was declared but never referenced
assembling SVC_Table.s...
compiling HAL_CM3.c...
creating Library...
User command #1: cmd.exe /C copy ArInp.Scr CM3_LE\BuildLib.scr
        1 file(s) copied.
".\CM3_LE\RTX_CM3.lib" - 0 Error(s), 2 Warning(s).
  
Build Project 'HelloWorld' - Target 'HelloWorld SIM'
linking...
Program Size: Code=8304 RO-data=276 RW-data=236 ZI-data=5548  
".\build\FLASH\HelloWorld.axf" - 0 Error(s), 0 Warning(s).
  
Build Project 'HelloWorld' - Target 'HelloWorld RAM'
assembling startup_LPC17xx.s...
compiling system_LPC17xx.c...
compiling uart_polling.c...
compiling Retarget.c...
compiling RTX_Conf_CM.c...
compiling lab1_main.c...
linking...
Program Size: Code=8304 RO-data=276 RW-data=236 ZI-data=5548  
".\build\RAM\HelloWorld.axf" - 0 Error(s), 0 Warning(s).
  
*** Note: 'Create Batch File' is active - using 'Rebuild'.
Rebuild Project 'RTX_Lib_CM' - Target 'CM3_LE'
compiling rt_Task.c...
compiling rt_System.c...
compiling rt_Event.c...
compiling rt_List.c...
compiling rt_Mailbox.c...
compiling rt_Semaphore.c...
compiling rt_Time.c...
compiling rt_Timer.c...
compiling rt_Mutex.c...
compiling rt_Robin.c...
compiling rt_MemBox.c...
compiling rt_user.c...
N:\ECE_254\lab1\RTX_CM3\SRC\CM\rt_user.c(112): warning:  #177-D: variable "CurrentTask" was declared but never referenced
assembling SVC_Table.s...
compiling HAL_CM3.c...
creating Library...
User command #1: cmd.exe /C copy ArInp.Scr CM3_LE\BuildLib.scr
        1 file(s) copied.
".\CM3_LE\RTX_CM3.lib" - 0 Error(s), 1 Warning(s).
  
Build Project 'HelloWorld' - Target 'HelloWorld SIM'
assembling startup_LPC17xx.s...
compiling system_LPC17xx.c...
compiling uart_polling.c...
compiling Retarget.c...
compiling RTX_Conf_CM.c...
compiling lab1_main.c...
linking...
Program Size: Code=8292 RO-data=276 RW-data=236 ZI-data=5548  
".\build\FLASH\HelloWorld.axf" - 0 Error(s), 0 Warning(s).
  
Build Project 'HelloWorld' - Target 'HelloWorld RAM'
assembling startup_LPC17xx.s...
compiling system_LPC17xx.c...
compiling uart_polling.c...
compiling Retarget.c...
compiling RTX_Conf_CM.c...
compiling lab1_main.c...
linking...
Program Size: Code=8292 RO-data=276 RW-data=236 ZI-data=5548  
".\build\RAM\HelloWorld.axf" - 0 Error(s), 0 Warning(s).
  
*** Note: 'Create Batch File' is active - using 'Rebuild'.
Rebuild Project 'RTX_Lib_CM' - Target 'CM3_LE'
compiling rt_Task.c...
compiling rt_System.c...
compiling rt_Event.c...
compiling rt_List.c...
compiling rt_Mailbox.c...
compiling rt_Semaphore.c...
compiling rt_Time.c...
compiling rt_Timer.c...
compiling rt_Mutex.c...
compiling rt_Robin.c...
compiling rt_MemBox.c...
compiling rt_user.c...
N:\ECE_254\lab1\RTX_CM3\SRC\CM\rt_user.c(112): warning:  #177-D: variable "CurrentTask" was declared but never referenced
assembling SVC_Table.s...
compiling HAL_CM3.c...
creating Library...
User command #1: cmd.exe /C copy ArInp.Scr CM3_LE\BuildLib.scr
        1 file(s) copied.
".\CM3_LE\RTX_CM3.lib" - 0 Error(s), 1 Warning(s).
  
Build Project 'HelloWorld' - Target 'HelloWorld SIM'
assembling startup_LPC17xx.s...
compiling system_LPC17xx.c...
compiling uart_polling.c...
compiling Retarget.c...
compiling RTX_Conf_CM.c...
compiling lab1_main.c...
linking...
Program Size: Code=8316 RO-data=276 RW-data=236 ZI-data=5548  
".\build\FLASH\HelloWorld.axf" - 0 Error(s), 0 Warning(s).
  
Build Project 'HelloWorld' - Target 'HelloWorld RAM'
assembling startup_LPC17xx.s...
compiling system_LPC17xx.c...
compiling uart_polling.c...
compiling Retarget.c...
compiling RTX_Conf_CM.c...
compiling lab1_main.c...
linking...
Program Size: Code=8316 RO-data=276 RW-data=236 ZI-data=5548  
".\build\RAM\HelloWorld.axf" - 0 Error(s), 0 Warning(s).
  
*** Note: 'Create Batch File' is active - using 'Rebuild'.
Rebuild Project 'RTX_Lib_CM' - Target 'CM3_LE'
compiling rt_Task.c...
compiling rt_System.c...
compiling rt_Event.c...
compiling rt_List.c...
compiling rt_Mailbox.c...
compiling rt_Semaphore.c...
compiling rt_Time.c...
compiling rt_Timer.c...
compiling rt_Mutex.c...
compiling rt_Robin.c...
compiling rt_MemBox.c...
compiling rt_user.c...
N:\ECE_254\lab1\RTX_CM3\SRC\CM\rt_user.c(112): warning:  #177-D: variable "CurrentTask" was declared but never referenced
assembling SVC_Table.s...
compiling HAL_CM3.c...
creating Library...
User command #1: cmd.exe /C copy ArInp.Scr CM3_LE\BuildLib.scr
        1 file(s) copied.
".\CM3_LE\RTX_CM3.lib" - 0 Error(s), 1 Warning(s).
  
Build Project 'HelloWorld' - Target 'HelloWorld SIM'
assembling startup_LPC17xx.s...
compiling system_LPC17xx.c...
compiling uart_polling.c...
compiling Retarget.c...
compiling RTX_Conf_CM.c...
compiling lab1_main.c...
linking...
Program Size: Code=8316 RO-data=276 RW-data=236 ZI-data=5548  
".\build\FLASH\HelloWorld.axf" - 0 Error(s), 0 Warning(s).
  
Build Project 'HelloWorld' - Target 'HelloWorld RAM'
assembling startup_LPC17xx.s...
compiling system_LPC17xx.c...
compiling uart_polling.c...
compiling Retarget.c...
compiling RTX_Conf_CM.c...
compiling lab1_main.c...
linking...
Program Size: Code=8316 RO-data=276 RW-data=236 ZI-data=5548  
".\build\RAM\HelloWorld.axf" - 0 Error(s), 0 Warning(s).
  
*** Note: 'Create Batch File' is active - using 'Rebuild'.
Rebuild Project 'RTX_Lib_CM' - Target 'CM3_LE'
compiling rt_Task.c...
compiling rt_System.c...
compiling rt_Event.c...
compiling rt_List.c...
compiling rt_Mailbox.c...
compiling rt_Semaphore.c...
compiling rt_Time.c...
compiling rt_Timer.c...
compiling rt_Mutex.c...
compiling rt_Robin.c...
compiling rt_MemBox.c...
compiling rt_user.c...
N:\ECE_254\lab1\RTX_CM3\SRC\CM\rt_user.c(112): warning:  #177-D: variable "CurrentTask" was declared but never referenced
assembling SVC_Table.s...
compiling HAL_CM3.c...
creating Library...
User command #1: cmd.exe /C copy ArInp.Scr CM3_LE\BuildLib.scr
        1 file(s) copied.
".\CM3_LE\RTX_CM3.lib" - 0 Error(s), 1 Warning(s).
  
Build Project 'HelloWorld' - Target 'HelloWorld SIM'
assembling startup_LPC17xx.s...
compiling system_LPC17xx.c...
compiling uart_polling.c...
compiling Retarget.c...
compiling RTX_Conf_CM.c...
compiling lab1_main.c...
linking...
Program Size: Code=8312 RO-data=276 RW-data=236 ZI-data=5548  
".\build\FLASH\HelloWorld.axf" - 0 Error(s), 0 Warning(s).
  
Build Project 'HelloWorld' - Target 'HelloWorld RAM'
assembling startup_LPC17xx.s...
compiling system_LPC17xx.c...
compiling uart_polling.c...
compiling Retarget.c...
compiling RTX_Conf_CM.c...
compiling lab1_main.c...
linking...
Program Size: Code=8312 RO-data=276 RW-data=236 ZI-data=5548  
".\build\RAM\HelloWorld.axf" - 0 Error(s), 0 Warning(s).
  
*** Note: 'Create Batch File' is active - using 'Rebuild'.
Rebuild Project 'RTX_Lib_CM' - Target 'CM3_LE'
compiling rt_Task.c...
compiling rt_System.c...
compiling rt_Event.c...
compiling rt_List.c...
compiling rt_Mailbox.c...
compiling rt_Semaphore.c...
compiling rt_Time.c...
compiling rt_Timer.c...
compiling rt_Mutex.c...
compiling rt_Robin.c...
compiling rt_MemBox.c...
compiling rt_user.c...
N:\ECE_254\lab1\RTX_CM3\SRC\CM\rt_user.c(112): warning:  #177-D: variable "CurrentTask" was declared but never referenced
assembling SVC_Table.s...
compiling HAL_CM3.c...
creating Library...
User command #1: cmd.exe /C copy ArInp.Scr CM3_LE\BuildLib.scr
        1 file(s) copied.
".\CM3_LE\RTX_CM3.lib" - 0 Error(s), 1 Warning(s).
  
Build Project 'HelloWorld' - Target 'HelloWorld SIM'
assembling startup_LPC17xx.s...
compiling system_LPC17xx.c...
compiling uart_polling.c...
compiling Retarget.c...
compiling RTX_Conf_CM.c...
compiling lab1_main.c...
linking...
Program Size: Code=8304 RO-data=276 RW-data=236 ZI-data=5548  
".\build\FLASH\HelloWorld.axf" - 0 Error(s), 0 Warning(s).
  
Build Project 'HelloWorld' - Target 'HelloWorld RAM'
assembling startup_LPC17xx.s...
compiling system_LPC17xx.c...
compiling uart_polling.c...
compiling Retarget.c...
compiling RTX_Conf_CM.c...
compiling lab1_main.c...
linking...
Program Size: Code=8304 RO-data=276 RW-data=236 ZI-data=5548  
".\build\RAM\HelloWorld.axf" - 0 Error(s), 0 Warning(s).
  
Rebuild Project 'RTX_Lib_CM' - Target 'CM3_LE'
compiling rt_Task.c...
compiling rt_System.c...
compiling rt_Event.c...
compiling rt_List.c...
compiling rt_Mailbox.c...
compiling rt_Semaphore.c...
compiling rt_Time.c...
compiling rt_Timer.c...
compiling rt_Mutex.c...
compiling rt_Robin.c...
compiling rt_MemBox.c...
compiling rt_user.c...
N:\ECE_254\lab1\RTX_CM3\SRC\CM\rt_user.c(112): warning:  #177-D: variable "CurrentTask" was declared but never referenced
assembling SVC_Table.s...
compiling HAL_CM3.c...
creating Library...
User command #1: cmd.exe /C copy ArInp.Scr CM3_LE\BuildLib.scr
        1 file(s) copied.
".\CM3_LE\RTX_CM3.lib" - 0 Error(s), 1 Warning(s).
  
Rebuild Project 'HelloWorld' - Target 'HelloWorld SIM'
assembling startup_LPC17xx.s...
compiling system_LPC17xx.c...
compiling uart_polling.c...
compiling Retarget.c...
compiling RTX_Conf_CM.c...
compiling lab1_main.c...
linking...
Program Size: Code=8304 RO-data=276 RW-data=236 ZI-data=5548  
".\build\FLASH\HelloWorld.axf" - 0 Error(s), 0 Warning(s).
  
Rebuild Project 'HelloWorld' - Target 'HelloWorld RAM'
assembling startup_LPC17xx.s...
compiling system_LPC17xx.c...
compiling uart_polling.c...
compiling Retarget.c...
compiling RTX_Conf_CM.c...
compiling lab1_main.c...
linking...
Program Size: Code=8304 RO-data=276 RW-data=236 ZI-data=5548  
".\build\RAM\HelloWorld.axf" - 0 Error(s), 0 Warning(s).
  
*** Note: 'Create Batch File' is active - using 'Rebuild'.
Rebuild Project 'RTX_Lib_CM' - Target 'CM3_LE'
compiling rt_Task.c...
compiling rt_System.c...
compiling rt_Event.c...
compiling rt_List.c...
compiling rt_Mailbox.c...
compiling rt_Semaphore.c...
compiling rt_Time.c...
compiling rt_Timer.c...
compiling rt_Mutex.c...
compiling rt_Robin.c...
compiling rt_MemBox.c...
compiling rt_user.c...
N:\ECE_254\lab1\RTX_CM3\SRC\CM\rt_user.c(112): warning:  #177-D: variable "CurrentTask" was declared but never referenced
assembling SVC_Table.s...
compiling HAL_CM3.c...
creating Library...
User command #1: cmd.exe /C copy ArInp.Scr CM3_LE\BuildLib.scr
        1 file(s) copied.
".\CM3_LE\RTX_CM3.lib" - 0 Error(s), 1 Warning(s).
  
Build Project 'HelloWorld' - Target 'HelloWorld SIM'
assembling startup_LPC17xx.s...
compiling system_LPC17xx.c...
compiling uart_polling.c...
compiling Retarget.c...
compiling RTX_Conf_CM.c...
compiling lab1_main.c...
N:\ECE_254\lab1\HelloWorld\src\lab1_main.c(105): warning:  #111-D: statement is unreachable
N:\ECE_254\lab1\HelloWorld\src\lab1_main.c(107): error:  #65: expected a ";"
N:\ECE_254\lab1\HelloWorld\src\lab1_main.c(132): error:  #65: expected a ";"
N:\ECE_254\lab1\HelloWorld\src\lab1_main.c(140): error:  #65: expected a ";"
N:\ECE_254\lab1\HelloWorld\src\lab1_main.c(148): error:  #65: expected a ";"
N:\ECE_254\lab1\HelloWorld\src\lab1_main.c(172): error:  #65: expected a ";"
Target not created
  
Build Project 'HelloWorld' - Target 'HelloWorld RAM'
assembling startup_LPC17xx.s...
compiling system_LPC17xx.c...
compiling uart_polling.c...
compiling Retarget.c...
compiling RTX_Conf_CM.c...
compiling lab1_main.c...
N:\ECE_254\lab1\HelloWorld\src\lab1_main.c(105): warning:  #111-D: statement is unreachable
N:\ECE_254\lab1\HelloWorld\src\lab1_main.c(107): error:  #65: expected a ";"
N:\ECE_254\lab1\HelloWorld\src\lab1_main.c(132): error:  #65: expected a ";"
N:\ECE_254\lab1\HelloWorld\src\lab1_main.c(140): error:  #65: expected a ";"
N:\ECE_254\lab1\HelloWorld\src\lab1_main.c(148): error:  #65: expected a ";"
N:\ECE_254\lab1\HelloWorld\src\lab1_main.c(172): error:  #65: expected a ";"
Target not created
  
*** Note: 'Create Batch File' is active - using 'Rebuild'.
Rebuild Project 'RTX_Lib_CM' - Target 'CM3_LE'
compiling rt_Task.c...
compiling rt_System.c...
compiling rt_Event.c...
compiling rt_List.c...
compiling rt_Mailbox.c...
compiling rt_Semaphore.c...
compiling rt_Time.c...
compiling rt_Timer.c...
compiling rt_Mutex.c...
compiling rt_Robin.c...
compiling rt_MemBox.c...
compiling rt_user.c...
N:\ECE_254\lab1\RTX_CM3\SRC\CM\rt_user.c(112): warning:  #177-D: variable "CurrentTask" was declared but never referenced
assembling SVC_Table.s...
compiling HAL_CM3.c...
creating Library...
User command #1: cmd.exe /C copy ArInp.Scr CM3_LE\BuildLib.scr
        1 file(s) copied.
".\CM3_LE\RTX_CM3.lib" - 0 Error(s), 1 Warning(s).
  
Build Project 'HelloWorld' - Target 'HelloWorld SIM'
assembling startup_LPC17xx.s...
compiling system_LPC17xx.c...
compiling uart_polling.c...
compiling Retarget.c...
compiling RTX_Conf_CM.c...
compiling lab1_main.c...
N:\ECE_254\lab1\HelloWorld\src\lab1_main.c(105): warning:  #111-D: statement is unreachable
linking...
Program Size: Code=8568 RO-data=276 RW-data=236 ZI-data=5548  
".\build\FLASH\HelloWorld.axf" - 0 Error(s), 1 Warning(s).
  
Build Project 'HelloWorld' - Target 'HelloWorld RAM'
assembling startup_LPC17xx.s...
compiling system_LPC17xx.c...
compiling uart_polling.c...
compiling Retarget.c...
compiling RTX_Conf_CM.c...
compiling lab1_main.c...
N:\ECE_254\lab1\HelloWorld\src\lab1_main.c(105): warning:  #111-D: statement is unreachable
linking...
Program Size: Code=8568 RO-data=276 RW-data=236 ZI-data=5548  
".\build\RAM\HelloWorld.axf" - 0 Error(s), 1 Warning(s).
  
*** Note: 'Create Batch File' is active - using 'Rebuild'.
Rebuild Project 'RTX_Lib_CM' - Target 'CM3_LE'
compiling rt_Task.c...
compiling rt_System.c...
compiling rt_Event.c...
compiling rt_List.c...
compiling rt_Mailbox.c...
compiling rt_Semaphore.c...
compiling rt_Time.c...
compiling rt_Timer.c...
compiling rt_Mutex.c...
compiling rt_Robin.c...
compiling rt_MemBox.c...
compiling rt_user.c...
N:\ECE_254\lab1\RTX_CM3\SRC\CM\rt_user.c(112): warning:  #177-D: variable "CurrentTask" was declared but never referenced
assembling SVC_Table.s...
compiling HAL_CM3.c...
creating Library...
User command #1: cmd.exe /C copy ArInp.Scr CM3_LE\BuildLib.scr
        1 file(s) copied.
".\CM3_LE\RTX_CM3.lib" - 0 Error(s), 1 Warning(s).
  
Build Project 'HelloWorld' - Target 'HelloWorld SIM'
assembling startup_LPC17xx.s...
compiling system_LPC17xx.c...
compiling uart_polling.c...
compiling Retarget.c...
compiling RTX_Conf_CM.c...
compiling lab1_main.c...
N:\ECE_254\lab1\HelloWorld\src\lab1_main.c(104): warning:  #111-D: statement is unreachable
linking...
Program Size: Code=8544 RO-data=276 RW-data=236 ZI-data=5548  
".\build\FLASH\HelloWorld.axf" - 0 Error(s), 1 Warning(s).
  
Build Project 'HelloWorld' - Target 'HelloWorld RAM'
assembling startup_LPC17xx.s...
compiling system_LPC17xx.c...
compiling uart_polling.c...
compiling Retarget.c...
compiling RTX_Conf_CM.c...
compiling lab1_main.c...
N:\ECE_254\lab1\HelloWorld\src\lab1_main.c(104): warning:  #111-D: statement is unreachable
linking...
Program Size: Code=8544 RO-data=276 RW-data=236 ZI-data=5548  
".\build\RAM\HelloWorld.axf" - 0 Error(s), 1 Warning(s).
  
*** Note: 'Create Batch File' is active - using 'Rebuild'.
Rebuild Project 'RTX_Lib_CM' - Target 'CM3_LE'
compiling rt_Task.c...
compiling rt_System.c...
compiling rt_Event.c...
compiling rt_List.c...
compiling rt_Mailbox.c...
compiling rt_Semaphore.c...
compiling rt_Time.c...
compiling rt_Timer.c...
compiling rt_Mutex.c...
compiling rt_Robin.c...
compiling rt_MemBox.c...
compiling rt_user.c...
N:\ECE_254\lab1\RTX_CM3\SRC\CM\rt_user.c(112): warning:  #177-D: variable "CurrentTask" was declared but never referenced
assembling SVC_Table.s...
compiling HAL_CM3.c...
creating Library...
User command #1: cmd.exe /C copy ArInp.Scr CM3_LE\BuildLib.scr
        1 file(s) copied.
".\CM3_LE\RTX_CM3.lib" - 0 Error(s), 1 Warning(s).
  
Build Project 'HelloWorld' - Target 'HelloWorld SIM'
assembling startup_LPC17xx.s...
compiling system_LPC17xx.c...
compiling uart_polling.c...
compiling Retarget.c...
compiling RTX_Conf_CM.c...
compiling lab1_main.c...
N:\ECE_254\lab1\HelloWorld\src\lab1_main.c(104): warning:  #111-D: statement is unreachable
linking...
Program Size: Code=8544 RO-data=276 RW-data=236 ZI-data=5548  
".\build\FLASH\HelloWorld.axf" - 0 Error(s), 1 Warning(s).
  
Build Project 'HelloWorld' - Target 'HelloWorld RAM'
assembling startup_LPC17xx.s...
compiling system_LPC17xx.c...
compiling uart_polling.c...
compiling Retarget.c...
compiling RTX_Conf_CM.c...
compiling lab1_main.c...
N:\ECE_254\lab1\HelloWorld\src\lab1_main.c(104): warning:  #111-D: statement is unreachable
linking...
Program Size: Code=8544 RO-data=276 RW-data=236 ZI-data=5548  
".\build\RAM\HelloWorld.axf" - 0 Error(s), 1 Warning(s).
  
*** Note: 'Create Batch File' is active - using 'Rebuild'.
Rebuild Project 'RTX_Lib_CM' - Target 'CM3_LE'
compiling rt_Task.c...
compiling rt_System.c...
compiling rt_Event.c...
compiling rt_List.c...
compiling rt_Mailbox.c...
compiling rt_Semaphore.c...
compiling rt_Time.c...
compiling rt_Timer.c...
compiling rt_Mutex.c...
compiling rt_Robin.c...
compiling rt_MemBox.c...
compiling rt_user.c...
N:\ECE_254\lab1\RTX_CM3\SRC\CM\rt_user.c(112): warning:  #177-D: variable "CurrentTask" was declared but never referenced
assembling SVC_Table.s...
compiling HAL_CM3.c...
creating Library...
User command #1: cmd.exe /C copy ArInp.Scr CM3_LE\BuildLib.scr
        1 file(s) copied.
".\CM3_LE\RTX_CM3.lib" - 0 Error(s), 1 Warning(s).
  
Build Project 'HelloWorld' - Target 'HelloWorld SIM'
assembling startup_LPC17xx.s...
compiling system_LPC17xx.c...
compiling uart_polling.c...
compiling Retarget.c...
compiling RTX_Conf_CM.c...
compiling lab1_main.c...
N:\ECE_254\lab1\HelloWorld\src\lab1_main.c(104): warning:  #111-D: statement is unreachable
linking...
Program Size: Code=8524 RO-data=276 RW-data=236 ZI-data=5548  
".\build\FLASH\HelloWorld.axf" - 0 Error(s), 1 Warning(s).
  
Build Project 'HelloWorld' - Target 'HelloWorld RAM'
assembling startup_LPC17xx.s...
compiling system_LPC17xx.c...
compiling uart_polling.c...
compiling Retarget.c...
compiling RTX_Conf_CM.c...
compiling lab1_main.c...
N:\ECE_254\lab1\HelloWorld\src\lab1_main.c(104): warning:  #111-D: statement is unreachable
linking...
Program Size: Code=8524 RO-data=276 RW-data=236 ZI-data=5548  
".\build\RAM\HelloWorld.axf" - 0 Error(s), 1 Warning(s).
  
*** Note: 'Create Batch File' is active - using 'Rebuild'.
Rebuild Project 'RTX_Lib_CM' - Target 'CM3_LE'
compiling rt_Task.c...
compiling rt_System.c...
compiling rt_Event.c...
compiling rt_List.c...
compiling rt_Mailbox.c...
compiling rt_Semaphore.c...
compiling rt_Time.c...
compiling rt_Timer.c...
compiling rt_Mutex.c...
compiling rt_Robin.c...
compiling rt_MemBox.c...
compiling rt_user.c...
N:\ECE_254\lab1\RTX_CM3\SRC\CM\rt_user.c(112): warning:  #177-D: variable "CurrentTask" was declared but never referenced
assembling SVC_Table.s...
compiling HAL_CM3.c...
creating Library...
User command #1: cmd.exe /C copy ArInp.Scr CM3_LE\BuildLib.scr
        1 file(s) copied.
".\CM3_LE\RTX_CM3.lib" - 0 Error(s), 1 Warning(s).
  
Build Project 'HelloWorld' - Target 'HelloWorld SIM'
assembling startup_LPC17xx.s...
compiling system_LPC17xx.c...
compiling uart_polling.c...
compiling Retarget.c...
compiling RTX_Conf_CM.c...
compiling lab1_main.c...
N:\ECE_254\lab1\HelloWorld\src\lab1_main.c(104): warning:  #111-D: statement is unreachable
linking...
Program Size: Code=8692 RO-data=276 RW-data=236 ZI-data=5548  
".\build\FLASH\HelloWorld.axf" - 0 Error(s), 1 Warning(s).
  
Build Project 'HelloWorld' - Target 'HelloWorld RAM'
assembling startup_LPC17xx.s...
compiling system_LPC17xx.c...
compiling uart_polling.c...
compiling Retarget.c...
compiling RTX_Conf_CM.c...
compiling lab1_main.c...
N:\ECE_254\lab1\HelloWorld\src\lab1_main.c(104): warning:  #111-D: statement is unreachable
linking...
Program Size: Code=8692 RO-data=276 RW-data=236 ZI-data=5548  
".\build\RAM\HelloWorld.axf" - 0 Error(s), 1 Warning(s).
  
Rebuild Project 'RTX_Lib_CM' - Target 'CM3_LE'
compiling rt_Task.c...
compiling rt_System.c...
compiling rt_Event.c...
compiling rt_List.c...
compiling rt_Mailbox.c...
compiling rt_Semaphore.c...
compiling rt_Time.c...
compiling rt_Timer.c...
compiling rt_Mutex.c...
compiling rt_Robin.c...
compiling rt_MemBox.c...
compiling rt_user.c...
N:\ECE_254\lab1\RTX_CM3\SRC\CM\rt_user.c(112): warning:  #177-D: variable "CurrentTask" was declared but never referenced
assembling SVC_Table.s...
compiling HAL_CM3.c...
creating Library...
User command #1: cmd.exe /C copy ArInp.Scr CM3_LE\BuildLib.scr
        1 file(s) copied.
".\CM3_LE\RTX_CM3.lib" - 0 Error(s), 1 Warning(s).
  
Rebuild Project 'HelloWorld' - Target 'HelloWorld SIM'
assembling startup_LPC17xx.s...
compiling system_LPC17xx.c...
compiling uart_polling.c...
compiling Retarget.c...
compiling RTX_Conf_CM.c...
compiling lab1_main.c...
linking...
Program Size: Code=8692 RO-data=276 RW-data=236 ZI-data=5548  
".\build\FLASH\HelloWorld.axf" - 0 Error(s), 0 Warning(s).
  
Rebuild Project 'HelloWorld' - Target 'HelloWorld RAM'
assembling startup_LPC17xx.s...
compiling system_LPC17xx.c...
compiling uart_polling.c...
compiling Retarget.c...
compiling RTX_Conf_CM.c...
compiling lab1_main.c...
linking...
Program Size: Code=8692 RO-data=276 RW-data=236 ZI-data=5548  
".\build\RAM\HelloWorld.axf" - 0 Error(s), 0 Warning(s).
  
Rebuild Project 'RTX_Lib_CM' - Target 'CM3_LE'
compiling rt_Task.c...
compiling rt_System.c...
compiling rt_Event.c...
compiling rt_List.c...
compiling rt_Mailbox.c...
compiling rt_Semaphore.c...
compiling rt_Time.c...
compiling rt_Timer.c...
compiling rt_Mutex.c...
compiling rt_Robin.c...
compiling rt_MemBox.c...
compiling rt_user.c...
N:\ECE_254\lab1\RTX_CM3\SRC\CM\rt_user.c(112): warning:  #177-D: variable "CurrentTask" was declared but never referenced
assembling SVC_Table.s...
compiling HAL_CM3.c...
creating Library...
User command #1: cmd.exe /C copy ArInp.Scr CM3_LE\BuildLib.scr
        1 file(s) copied.
".\CM3_LE\RTX_CM3.lib" - 0 Error(s), 1 Warning(s).
  
Rebuild Project 'HelloWorld' - Target 'HelloWorld SIM'
assembling startup_LPC17xx.s...
compiling system_LPC17xx.c...
compiling uart_polling.c...
compiling Retarget.c...
compiling RTX_Conf_CM.c...
compiling lab1_main.c...
linking...
Program Size: Code=8716 RO-data=276 RW-data=236 ZI-data=5548  
".\build\FLASH\HelloWorld.axf" - 0 Error(s), 0 Warning(s).
  
Rebuild Project 'HelloWorld' - Target 'HelloWorld RAM'
assembling startup_LPC17xx.s...
compiling system_LPC17xx.c...
compiling uart_polling.c...
compiling Retarget.c...
compiling RTX_Conf_CM.c...
compiling lab1_main.c...
linking...
Program Size: Code=8716 RO-data=276 RW-data=236 ZI-data=5548  
".\build\RAM\HelloWorld.axf" - 0 Error(s), 0 Warning(s).
  
*** Note: 'Create Batch File' is active - using 'Rebuild'.
Rebuild Project 'RTX_Lib_CM' - Target 'CM3_LE'
compiling rt_Task.c...
compiling rt_System.c...
compiling rt_Event.c...
compiling rt_List.c...
compiling rt_Mailbox.c...
compiling rt_Semaphore.c...
compiling rt_Time.c...
compiling rt_Timer.c...
compiling rt_Mutex.c...
compiling rt_Robin.c...
compiling rt_MemBox.c...
compiling rt_user.c...
N:\ECE_254\lab1\RTX_CM3\SRC\CM\rt_user.c(112): warning:  #177-D: variable "CurrentTask" was declared but never referenced
assembling SVC_Table.s...
compiling HAL_CM3.c...
creating Library...
User command #1: cmd.exe /C copy ArInp.Scr CM3_LE\BuildLib.scr
        1 file(s) copied.
".\CM3_LE\RTX_CM3.lib" - 0 Error(s), 1 Warning(s).
  
Build Project 'HelloWorld' - Target 'HelloWorld SIM'
assembling startup_LPC17xx.s...
compiling system_LPC17xx.c...
compiling uart_polling.c...
compiling Retarget.c...
compiling RTX_Conf_CM.c...
compiling lab1_main.c...
linking...
Program Size: Code=8716 RO-data=276 RW-data=236 ZI-data=5548  
".\build\FLASH\HelloWorld.axf" - 0 Error(s), 0 Warning(s).
  
Build Project 'HelloWorld' - Target 'HelloWorld RAM'
assembling startup_LPC17xx.s...
compiling system_LPC17xx.c...
compiling uart_polling.c...
compiling Retarget.c...
compiling RTX_Conf_CM.c...
compiling lab1_main.c...
linking...
Program Size: Code=8716 RO-data=276 RW-data=236 ZI-data=5548  
".\build\RAM\HelloWorld.axf" - 0 Error(s), 0 Warning(s).
  
*** Note: 'Create Batch File' is active - using 'Rebuild'.
Rebuild Project 'RTX_Lib_CM' - Target 'CM3_LE'
compiling rt_Task.c...
compiling rt_System.c...
compiling rt_Event.c...
compiling rt_List.c...
compiling rt_Mailbox.c...
compiling rt_Semaphore.c...
compiling rt_Time.c...
compiling rt_Timer.c...
compiling rt_Mutex.c...
compiling rt_Robin.c...
compiling rt_MemBox.c...
compiling rt_user.c...
N:\ECE_254\lab1\RTX_CM3\SRC\CM\rt_user.c(112): warning:  #177-D: variable "CurrentTask" was declared but never referenced
assembling SVC_Table.s...
compiling HAL_CM3.c...
creating Library...
User command #1: cmd.exe /C copy ArInp.Scr CM3_LE\BuildLib.scr
        1 file(s) copied.
".\CM3_LE\RTX_CM3.lib" - 0 Error(s), 1 Warning(s).
  
Build Project 'HelloWorld' - Target 'HelloWorld SIM'
assembling startup_LPC17xx.s...
compiling system_LPC17xx.c...
compiling uart_polling.c...
compiling Retarget.c...
compiling RTX_Conf_CM.c...
compiling lab1_main.c...
linking...
Program Size: Code=8732 RO-data=276 RW-data=236 ZI-data=5548  
".\build\FLASH\HelloWorld.axf" - 0 Error(s), 0 Warning(s).
  
Build Project 'HelloWorld' - Target 'HelloWorld RAM'
assembling startup_LPC17xx.s...
compiling system_LPC17xx.c...
compiling uart_polling.c...
compiling Retarget.c...
compiling RTX_Conf_CM.c...
compiling lab1_main.c...
linking...
Program Size: Code=8732 RO-data=276 RW-data=236 ZI-data=5548  
".\build\RAM\HelloWorld.axf" - 0 Error(s), 0 Warning(s).
  
*** Note: 'Create Batch File' is active - using 'Rebuild'.
Rebuild Project 'RTX_Lib_CM' - Target 'CM3_LE'
compiling rt_Task.c...
compiling rt_System.c...
compiling rt_Event.c...
compiling rt_List.c...
compiling rt_Mailbox.c...
compiling rt_Semaphore.c...
compiling rt_Time.c...
compiling rt_Timer.c...
compiling rt_Mutex.c...
compiling rt_Robin.c...
compiling rt_MemBox.c...
compiling rt_user.c...
N:\ECE_254\lab1\RTX_CM3\SRC\CM\rt_user.c(112): warning:  #177-D: variable "CurrentTask" was declared but never referenced
assembling SVC_Table.s...
compiling HAL_CM3.c...
creating Library...
User command #1: cmd.exe /C copy ArInp.Scr CM3_LE\BuildLib.scr
        1 file(s) copied.
".\CM3_LE\RTX_CM3.lib" - 0 Error(s), 1 Warning(s).
  
Build Project 'HelloWorld' - Target 'HelloWorld SIM'
assembling startup_LPC17xx.s...
compiling system_LPC17xx.c...
compiling uart_polling.c...
compiling Retarget.c...
compiling RTX_Conf_CM.c...
compiling lab1_main.c...
linking...
Program Size: Code=8732 RO-data=276 RW-data=236 ZI-data=5548  
".\build\FLASH\HelloWorld.axf" - 0 Error(s), 0 Warning(s).
  
Build Project 'HelloWorld' - Target 'HelloWorld RAM'
assembling startup_LPC17xx.s...
compiling system_LPC17xx.c...
compiling uart_polling.c...
compiling Retarget.c...
compiling RTX_Conf_CM.c...
compiling lab1_main.c...
linking...
Program Size: Code=8732 RO-data=276 RW-data=236 ZI-data=5548  
".\build\RAM\HelloWorld.axf" - 0 Error(s), 0 Warning(s).
  
*** Note: 'Create Batch File' is active - using 'Rebuild'.
Rebuild Project 'RTX_Lib_CM' - Target 'CM3_LE'
compiling rt_Task.c...
compiling rt_System.c...
compiling rt_Event.c...
compiling rt_List.c...
compiling rt_Mailbox.c...
compiling rt_Semaphore.c...
compiling rt_Time.c...
compiling rt_Timer.c...
compiling rt_Mutex.c...
compiling rt_Robin.c...
compiling rt_MemBox.c...
compiling rt_user.c...
[...]
compiling RTX_Conf_CM.c...
compiling lab1_main.c...
N:\ECE_254\lab1\HelloWorld\src\lab1_main.c(113): warning:  #177-D: variable "gettingBlocked" was declared but never referenced
N:\ECE_254\lab1\HelloWorld\src\lab1_main.c(138): warning:  #177-D: variable "gettingBlocked" was declared but never referenced
N:\ECE_254\lab1\HelloWorld\src\lab1_main.c(153): warning:  #177-D: variable "gettingBlocked" was declared but never referenced
linking...
Program Size: Code=8796 RO-data=276 RW-data=236 ZI-data=5548  
".\build\RAM\HelloWorld.axf" - 0 Error(s), 3 Warning(s).
  
*** Note: 'Create Batch File' is active - using 'Rebuild'.
Rebuild Project 'RTX_Lib_CM' - Target 'CM3_LE'
compiling rt_Task.c...
compiling rt_System.c...
compiling rt_Event.c...
compiling rt_List.c...
compiling rt_Mailbox.c...
compiling rt_Semaphore.c...
compiling rt_Time.c...
compiling rt_Timer.c...
compiling rt_Mutex.c...
compiling rt_Robin.c...
compiling rt_MemBox.c...
compiling rt_user.c...
N:\ECE_254\lab1\RTX_CM3\SRC\CM\rt_user.c(112): warning:  #177-D: variable "CurrentTask" was declared but never referenced
assembling SVC_Table.s...
compiling HAL_CM3.c...
creating Library...
User command #1: cmd.exe /C copy ArInp.Scr CM3_LE\BuildLib.scr
        1 file(s) copied.
".\CM3_LE\RTX_CM3.lib" - 0 Error(s), 1 Warning(s).
  
Build Project 'HelloWorld' - Target 'HelloWorld SIM'
assembling startup_LPC17xx.s...
compiling system_LPC17xx.c...
compiling uart_polling.c...
compiling Retarget.c...
compiling RTX_Conf_CM.c...
compiling lab1_main.c...
N:\ECE_254\lab1\HelloWorld\src\lab1_main.c(113): warning:  #177-D: variable "gettingBlocked" was declared but never referenced
N:\ECE_254\lab1\HelloWorld\src\lab1_main.c(138): warning:  #177-D: variable "gettingBlocked" was declared but never referenced
N:\ECE_254\lab1\HelloWorld\src\lab1_main.c(153): warning:  #177-D: variable "gettingBlocked" was declared but never referenced
linking...
Program Size: Code=8796 RO-data=276 RW-data=236 ZI-data=5516  
".\build\FLASH\HelloWorld.axf" - 0 Error(s), 3 Warning(s).
  
Build Project 'HelloWorld' - Target 'HelloWorld RAM'
assembling startup_LPC17xx.s...
compiling system_LPC17xx.c...
compiling uart_polling.c...
compiling Retarget.c...
compiling RTX_Conf_CM.c...
compiling lab1_main.c...
N:\ECE_254\lab1\HelloWorld\src\lab1_main.c(113): warning:  #177-D: variable "gettingBlocked" was declared but never referenced
N:\ECE_254\lab1\HelloWorld\src\lab1_main.c(138): warning:  #177-D: variable "gettingBlocked" was declared but never referenced
N:\ECE_254\lab1\HelloWorld\src\lab1_main.c(153): warning:  #177-D: variable "gettingBlocked" was declared but never referenced
linking...
Program Size: Code=8796 RO-data=276 RW-data=236 ZI-data=5516  
".\build\RAM\HelloWorld.axf" - 0 Error(s), 3 Warning(s).
  
*** Note: 'Create Batch File' is active - using 'Rebuild'.
Rebuild Project 'RTX_Lib_CM' - Target 'CM3_LE'
compiling rt_Task.c...
compiling rt_System.c...
compiling rt_Event.c...
compiling rt_List.c...
compiling rt_Mailbox.c...
compiling rt_Semaphore.c...
compiling rt_Time.c...
compiling rt_Timer.c...
compiling rt_Mutex.c...
compiling rt_Robin.c...
compiling rt_MemBox.c...
compiling rt_user.c...
assembling SVC_Table.s...
compiling HAL_CM3.c...
creating Library...
User command #1: cmd.exe /C copy ArInp.Scr CM3_LE\BuildLib.scr
        1 file(s) copied.
".\CM3_LE\RTX_CM3.lib" - 0 Error(s), 0 Warning(s).
  
Build Project 'HelloWorld' - Target 'HelloWorld SIM'
assembling startup_LPC17xx.s...
compiling system_LPC17xx.c...
compiling uart_polling.c...
compiling Retarget.c...
compiling RTX_Conf_CM.c...
compiling lab1_main.c...
linking...
Program Size: Code=8488 RO-data=276 RW-data=236 ZI-data=5516  
".\build\FLASH\HelloWorld.axf" - 0 Error(s), 0 Warning(s).
  
Build Project 'HelloWorld' - Target 'HelloWorld RAM'
assembling startup_LPC17xx.s...
compiling system_LPC17xx.c...
compiling uart_polling.c...
compiling Retarget.c...
compiling RTX_Conf_CM.c...
compiling lab1_main.c...
linking...
Program Size: Code=8488 RO-data=276 RW-data=236 ZI-data=5516  
".\build\RAM\HelloWorld.axf" - 0 Error(s), 0 Warning(s).
  
*** Note: 'Create Batch File' is active - using 'Rebuild'.
Rebuild Project 'RTX_Lib_CM' - Target 'CM3_LE'
compiling rt_Task.c...
compiling rt_System.c...
compiling rt_Event.c...
compiling rt_List.c...
compiling rt_Mailbox.c...
compiling rt_Semaphore.c...
compiling rt_Time.c...
compiling rt_Timer.c...
compiling rt_Mutex.c...
compiling rt_Robin.c...
compiling rt_MemBox.c...
compiling rt_user.c...
assembling SVC_Table.s...
compiling HAL_CM3.c...
creating Library...
User command #1: cmd.exe /C copy ArInp.Scr CM3_LE\BuildLib.scr
        1 file(s) copied.
".\CM3_LE\RTX_CM3.lib" - 0 Error(s), 0 Warning(s).
  
Build Project 'HelloWorld' - Target 'HelloWorld SIM'
assembling startup_LPC17xx.s...
compiling system_LPC17xx.c...
compiling uart_polling.c...
compiling Retarget.c...
compiling RTX_Conf_CM.c...
compiling lab1_main.c...
linking...
Program Size: Code=8488 RO-data=276 RW-data=236 ZI-data=5516  
".\build\FLASH\HelloWorld.axf" - 0 Error(s), 0 Warning(s).
  
Build Project 'HelloWorld' - Target 'HelloWorld RAM'
assembling startup_LPC17xx.s...
compiling system_LPC17xx.c...
compiling uart_polling.c...
compiling Retarget.c...
compiling RTX_Conf_CM.c...
compiling lab1_main.c...
linking...
Program Size: Code=8488 RO-data=276 RW-data=236 ZI-data=5516  
".\build\RAM\HelloWorld.axf" - 0 Error(s), 0 Warning(s).
  
*** Note: 'Create Batch File' is active - using 'Rebuild'.
Rebuild Project 'RTX_Lib_CM' - Target 'CM3_LE'
compiling rt_Task.c...
compiling rt_System.c...
compiling rt_Event.c...
compiling rt_List.c...
compiling rt_Mailbox.c...
compiling rt_Semaphore.c...
compiling rt_Time.c...
compiling rt_Timer.c...
compiling rt_Mutex.c...
compiling rt_Robin.c...
compiling rt_MemBox.c...
compiling rt_user.c...
assembling SVC_Table.s...
compiling HAL_CM3.c...
creating Library...
User command #1: cmd.exe /C copy ArInp.Scr CM3_LE\BuildLib.scr
        1 file(s) copied.
".\CM3_LE\RTX_CM3.lib" - 0 Error(s), 0 Warning(s).
  
Build Project 'HelloWorld' - Target 'HelloWorld SIM'
assembling startup_LPC17xx.s...
compiling system_LPC17xx.c...
compiling uart_polling.c...
compiling Retarget.c...
compiling RTX_Conf_CM.c...
compiling lab1_main.c...
N:\ECE_254\lab1\HelloWorld\src\lab1_main.c(307): error:  #29: expected an expression
Target not created
  
Build Project 'HelloWorld' - Target 'HelloWorld RAM'
assembling startup_LPC17xx.s...
compiling system_LPC17xx.c...
compiling uart_polling.c...
compiling Retarget.c...
compiling RTX_Conf_CM.c...
compiling lab1_main.c...
N:\ECE_254\lab1\HelloWorld\src\lab1_main.c(307): error:  #29: expected an expression
Target not created
  
*** Note: 'Create Batch File' is active - using 'Rebuild'.
Rebuild Project 'RTX_Lib_CM' - Target 'CM3_LE'
compiling rt_Task.c...
compiling rt_System.c...
compiling rt_Event.c...
compiling rt_List.c...
compiling rt_Mailbox.c...
compiling rt_Semaphore.c...
compiling rt_Time.c...
compiling rt_Timer.c...
compiling rt_Mutex.c...
compiling rt_Robin.c...
compiling rt_MemBox.c...
compiling rt_user.c...
assembling SVC_Table.s...
compiling HAL_CM3.c...
creating Library...
User command #1: cmd.exe /C copy ArInp.Scr CM3_LE\BuildLib.scr
        1 file(s) copied.
".\CM3_LE\RTX_CM3.lib" - 0 Error(s), 0 Warning(s).
  
Build Project 'HelloWorld' - Target 'HelloWorld SIM'
assembling startup_LPC17xx.s...
compiling system_LPC17xx.c...
compiling uart_polling.c...
compiling Retarget.c...
compiling RTX_Conf_CM.c...
compiling lab1_main.c...
linking...
Program Size: Code=8668 RO-data=276 RW-data=236 ZI-data=5516  
".\build\FLASH\HelloWorld.axf" - 0 Error(s), 0 Warning(s).
  
Build Project 'HelloWorld' - Target 'HelloWorld RAM'
assembling startup_LPC17xx.s...
compiling system_LPC17xx.c...
compiling uart_polling.c...
compiling Retarget.c...
compiling RTX_Conf_CM.c...
compiling lab1_main.c...
linking...
Program Size: Code=8668 RO-data=276 RW-data=236 ZI-data=5516  
".\build\RAM\HelloWorld.axf" - 0 Error(s), 0 Warning(s).
  
*** Note: 'Create Batch File' is active - using 'Rebuild'.
Rebuild Project 'RTX_Lib_CM' - Target 'CM3_LE'
compiling rt_Task.c...
compiling rt_System.c...
compiling rt_Event.c...
compiling rt_List.c...
compiling rt_Mailbox.c...
compiling rt_Semaphore.c...
compiling rt_Time.c...
compiling rt_Timer.c...
compiling rt_Mutex.c...
compiling rt_Robin.c...
compiling rt_MemBox.c...
compiling rt_user.c...
assembling SVC_Table.s...
compiling HAL_CM3.c...
creating Library...
User command #1: cmd.exe /C copy ArInp.Scr CM3_LE\BuildLib.scr
        1 file(s) copied.
".\CM3_LE\RTX_CM3.lib" - 0 Error(s), 0 Warning(s).
  
Build Project 'HelloWorld' - Target 'HelloWorld SIM'
assembling startup_LPC17xx.s...
compiling system_LPC17xx.c...
compiling uart_polling.c...
compiling Retarget.c...
compiling RTX_Conf_CM.c...
compiling lab1_main.c...
linking...
Program Size: Code=8696 RO-data=276 RW-data=236 ZI-data=5516  
".\build\FLASH\HelloWorld.axf" - 0 Error(s), 0 Warning(s).
  
Build Project 'HelloWorld' - Target 'HelloWorld RAM'
assembling startup_LPC17xx.s...
compiling system_LPC17xx.c...
compiling uart_polling.c...
compiling Retarget.c...
compiling RTX_Conf_CM.c...
compiling lab1_main.c...
linking...
Program Size: Code=8696 RO-data=276 RW-data=236 ZI-data=5516  
".\build\RAM\HelloWorld.axf" - 0 Error(s), 0 Warning(s).
  
*** Note: 'Create Batch File' is active - using 'Rebuild'.
Rebuild Project 'RTX_Lib_CM' - Target 'CM3_LE'
compiling rt_Task.c...
compiling rt_System.c...
compiling rt_Event.c...
compiling rt_List.c...
compiling rt_Mailbox.c...
compiling rt_Semaphore.c...
compiling rt_Time.c...
compiling rt_Timer.c...
compiling rt_Mutex.c...
compiling rt_Robin.c...
compiling rt_MemBox.c...
compiling rt_user.c...
assembling SVC_Table.s...
compiling HAL_CM3.c...
creating Library...
User command #1: cmd.exe /C copy ArInp.Scr CM3_LE\BuildLib.scr
        1 file(s) copied.
".\CM3_LE\RTX_CM3.lib" - 0 Error(s), 0 Warning(s).
  
Build Project 'HelloWorld' - Target 'HelloWorld SIM'
assembling startup_LPC17xx.s...
compiling system_LPC17xx.c...
compiling uart_polling.c...
compiling Retarget.c...
compiling RTX_Conf_CM.c...
compiling lab1_main.c...
linking...
Program Size: Code=8680 RO-data=276 RW-data=236 ZI-data=5516  
".\build\FLASH\HelloWorld.axf" - 0 Error(s), 0 Warning(s).
  
Build Project 'HelloWorld' - Target 'HelloWorld RAM'
assembling startup_LPC17xx.s...
compiling system_LPC17xx.c...
compiling uart_polling.c...
compiling Retarget.c...
compiling RTX_Conf_CM.c...
compiling lab1_main.c...
linking...
Program Size: Code=8680 RO-data=276 RW-data=236 ZI-data=5516  
".\build\RAM\HelloWorld.axf" - 0 Error(s), 0 Warning(s).
  
*** Note: 'Create Batch File' is active - using 'Rebuild'.
Rebuild Project 'RTX_Lib_CM' - Target 'CM3_LE'
compiling rt_Task.c...
compiling rt_System.c...
compiling rt_Event.c...
compiling rt_List.c...
compiling rt_Mailbox.c...
compiling rt_Semaphore.c...
compiling rt_Time.c...
compiling rt_Timer.c...
compiling rt_Mutex.c...
compiling rt_Robin.c...
compiling rt_MemBox.c...
compiling rt_user.c...
assembling SVC_Table.s...
compiling HAL_CM3.c...
creating Library...
User command #1: cmd.exe /C copy ArInp.Scr CM3_LE\BuildLib.scr
        1 file(s) copied.
".\CM3_LE\RTX_CM3.lib" - 0 Error(s), 0 Warning(s).
  
Build Project 'HelloWorld' - Target 'HelloWorld SIM'
assembling startup_LPC17xx.s...
compiling system_LPC17xx.c...
compiling uart_polling.c...
compiling Retarget.c...
compiling RTX_Conf_CM.c...
compiling lab1_main.c...
N:\ECE_254\lab1\HelloWorld\src\lab1_main.c(162): warning:  #111-D: statement is unreachable
N:\ECE_254\lab1\HelloWorld\src\lab1_main.c(176): warning:  #111-D: statement is unreachable
linking...
Program Size: Code=8660 RO-data=276 RW-data=236 ZI-data=5516  
".\build\FLASH\HelloWorld.axf" - 0 Error(s), 2 Warning(s).
  
Build Project 'HelloWorld' - Target 'HelloWorld RAM'
assembling startup_LPC17xx.s...
compiling system_LPC17xx.c...
compiling uart_polling.c...
compiling Retarget.c...
compiling RTX_Conf_CM.c...
compiling lab1_main.c...
N:\ECE_254\lab1\HelloWorld\src\lab1_main.c(162): warning:  #111-D: statement is unreachable
N:\ECE_254\lab1\HelloWorld\src\lab1_main.c(176): warning:  #111-D: statement is unreachable
linking...
Program Size: Code=8660 RO-data=276 RW-data=236 ZI-data=5516  
".\build\RAM\HelloWorld.axf" - 0 Error(s), 2 Warning(s).
  
*** Note: 'Create Batch File' is active - using 'Rebuild'.
Rebuild Project 'RTX_Lib_CM' - Target 'CM3_LE'
compiling rt_Task.c...
compiling rt_System.c...
compiling rt_Event.c...
compiling rt_List.c...
compiling rt_Mailbox.c...
compiling rt_Semaphore.c...
compiling rt_Time.c...
compiling rt_Timer.c...
compiling rt_Mutex.c...
compiling rt_Robin.c...
compiling rt_MemBox.c...
compiling rt_user.c...
assembling SVC_Table.s...
compiling HAL_CM3.c...
creating Library...
User command #1: cmd.exe /C copy ArInp.Scr CM3_LE\BuildLib.scr
        1 file(s) copied.
".\CM3_LE\RTX_CM3.lib" - 0 Error(s), 0 Warning(s).
  
Build Project 'HelloWorld' - Target 'HelloWorld SIM'
assembling startup_LPC17xx.s...
compiling system_LPC17xx.c...
compiling uart_polling.c...
compiling Retarget.c...
compiling RTX_Conf_CM.c...
compiling lab1_main.c...
N:\ECE_254\lab1\HelloWorld\src\lab1_main.c(162): warning:  #111-D: statement is unreachable
N:\ECE_254\lab1\HelloWorld\src\lab1_main.c(176): warning:  #111-D: statement is unreachable
linking...
Program Size: Code=8788 RO-data=276 RW-data=236 ZI-data=5516  
".\build\FLASH\HelloWorld.axf" - 0 Error(s), 2 Warning(s).
  
Build Project 'HelloWorld' - Target 'HelloWorld RAM'
assembling startup_LPC17xx.s...
compiling system_LPC17xx.c...
compiling uart_polling.c...
compiling Retarget.c...
compiling RTX_Conf_CM.c...
compiling lab1_main.c...
N:\ECE_254\lab1\HelloWorld\src\lab1_main.c(162): warning:  #111-D: statement is unreachable
N:\ECE_254\lab1\HelloWorld\src\lab1_main.c(176): warning:  #111-D: statement is unreachable
linking...
Program Size: Code=8788 RO-data=276 RW-data=236 ZI-data=5516  
".\build\RAM\HelloWorld.axf" - 0 Error(s), 2 Warning(s).
  
*** Note: 'Create Batch File' is active - using 'Rebuild'.
Rebuild Project 'RTX_Lib_CM' - Target 'CM3_LE'
compiling rt_Task.c...
compiling rt_System.c...
compiling rt_Event.c...
compiling rt_List.c...
compiling rt_Mailbox.c...
compiling rt_Semaphore.c...
compiling rt_Time.c...
compiling rt_Timer.c...
compiling rt_Mutex.c...
compiling rt_Robin.c...
compiling rt_MemBox.c...
compiling rt_user.c...
assembling SVC_Table.s...
compiling HAL_CM3.c...
creating Library...
User command #1: cmd.exe /C copy ArInp.Scr CM3_LE\BuildLib.scr
        1 file(s) copied.
".\CM3_LE\RTX_CM3.lib" - 0 Error(s), 0 Warning(s).
  
Build Project 'HelloWorld' - Target 'HelloWorld SIM'
assembling startup_LPC17xx.s...
compiling system_LPC17xx.c...
compiling uart_polling.c...
compiling Retarget.c...
compiling RTX_Conf_CM.c...
compiling lab1_main.c...
N:\ECE_254\lab1\HelloWorld\src\lab1_main.c(162): warning:  #111-D: statement is unreachable
N:\ECE_254\lab1\HelloWorld\src\lab1_main.c(176): warning:  #111-D: statement is unreachable
linking...
Program Size: Code=8808 RO-data=276 RW-data=236 ZI-data=5516  
".\build\FLASH\HelloWorld.axf" - 0 Error(s), 2 Warning(s).
  
Build Project 'HelloWorld' - Target 'HelloWorld RAM'
assembling startup_LPC17xx.s...
compiling system_LPC17xx.c...
compiling uart_polling.c...
compiling Retarget.c...
compiling RTX_Conf_CM.c...
compiling lab1_main.c...
N:\ECE_254\lab1\HelloWorld\src\lab1_main.c(162): warning:  #111-D: statement is unreachable
N:\ECE_254\lab1\HelloWorld\src\lab1_main.c(176): warning:  #111-D: statement is unreachable
linking...
Program Size: Code=8808 RO-data=276 RW-data=236 ZI-data=5516  
".\build\RAM\HelloWorld.axf" - 0 Error(s), 2 Warning(s).
  
*** Note: 'Create Batch File' is active - using 'Rebuild'.
Rebuild Project 'RTX_Lib_CM' - Target 'CM3_LE'
compiling rt_Task.c...
compiling rt_System.c...
compiling rt_Event.c...
compiling rt_List.c...
compiling rt_Mailbox.c...
compiling rt_Semaphore.c...
compiling rt_Time.c...
compiling rt_Timer.c...
compiling rt_Mutex.c...
compiling rt_Robin.c...
compiling rt_MemBox.c...
compiling rt_user.c...
assembling SVC_Table.s...
compiling HAL_CM3.c...
creating Library...
User command #1: cmd.exe /C copy ArInp.Scr CM3_LE\BuildLib.scr
        1 file(s) copied.
".\CM3_LE\RTX_CM3.lib" - 0 Error(s), 0 Warning(s).
  
Build Project 'HelloWorld' - Target 'HelloWorld SIM'
assembling startup_LPC17xx.s...
compiling system_LPC17xx.c...
compiling uart_polling.c...
compiling Retarget.c...
compiling RTX_Conf_CM.c...
compiling lab1_main.c...
N:\ECE_254\lab1\HelloWorld\src\lab1_main.c(162): warning:  #111-D: statement is unreachable
N:\ECE_254\lab1\HelloWorld\src\lab1_main.c(176): warning:  #111-D: statement is unreachable
linking...
Program Size: Code=8808 RO-data=276 RW-data=236 ZI-data=5516  
".\build\FLASH\HelloWorld.axf" - 0 Error(s), 2 Warning(s).
  
Build Project 'HelloWorld' - Target 'HelloWorld RAM'
assembling startup_LPC17xx.s...
compiling system_LPC17xx.c...
compiling uart_polling.c...
compiling Retarget.c...
compiling RTX_Conf_CM.c...
compiling lab1_main.c...
N:\ECE_254\lab1\HelloWorld\src\lab1_main.c(162): warning:  #111-D: statement is unreachable
N:\ECE_254\lab1\HelloWorld\src\lab1_main.c(176): warning:  #111-D: statement is unreachable
linking...
Program Size: Code=8808 RO-data=276 RW-data=236 ZI-data=5516  
".\build\RAM\HelloWorld.axf" - 0 Error(s), 2 Warning(s).
  
*** Note: 'Create Batch File' is active - using 'Rebuild'.
Rebuild Project 'RTX_Lib_CM' - Target 'CM3_LE'
compiling rt_Task.c...
compiling rt_System.c...
compiling rt_Event.c...
compiling rt_List.c...
compiling rt_Mailbox.c...
compiling rt_Semaphore.c...
compiling rt_Time.c...
compiling rt_Timer.c...
compiling rt_Mutex.c...
compiling rt_Robin.c...
compiling rt_MemBox.c...
compiling rt_user.c...
assembling SVC_Table.s...
compiling HAL_CM3.c...
creating Library...
User command #1: cmd.exe /C copy ArInp.Scr CM3_LE\BuildLib.scr
        1 file(s) copied.
".\CM3_LE\RTX_CM3.lib" - 0 Error(s), 0 Warning(s).
  
Build Project 'HelloWorld' - Target 'HelloWorld SIM'
assembling startup_LPC17xx.s...
compiling system_LPC17xx.c...
compiling uart_polling.c...
compiling Retarget.c...
compiling RTX_Conf_CM.c...
compiling lab1_main.c...
linking...
Program Size: Code=8820 RO-data=276 RW-data=236 ZI-data=5516  
".\build\FLASH\HelloWorld.axf" - 0 Error(s), 0 Warning(s).
  
Build Project 'HelloWorld' - Target 'HelloWorld RAM'
assembling startup_LPC17xx.s...
compiling system_LPC17xx.c...
compiling uart_polling.c...
compiling Retarget.c...
compiling RTX_Conf_CM.c...
compiling lab1_main.c...
linking...
Program Size: Code=8820 RO-data=276 RW-data=236 ZI-data=5516  
".\build\RAM\HelloWorld.axf" - 0 Error(s), 0 Warning(s).
  
*** Note: 'Create Batch File' is active - using 'Rebuild'.
Rebuild Project 'RTX_Lib_CM' - Target 'CM3_LE'
compiling rt_Task.c...
compiling rt_System.c...
compiling rt_Event.c...
compiling rt_List.c...
compiling rt_Mailbox.c...
compiling rt_Semaphore.c...
compiling rt_Time.c...
compiling rt_Timer.c...
compiling rt_Mutex.c...
compiling rt_Robin.c...
compiling rt_MemBox.c...
compiling rt_user.c...
assembling SVC_Table.s...
compiling HAL_CM3.c...
creating Library...
User command #1: cmd.exe /C copy ArInp.Scr CM3_LE\BuildLib.scr
        1 file(s) copied.
".\CM3_LE\RTX_CM3.lib" - 0 Error(s), 0 Warning(s).
  
Build Project 'HelloWorld' - Target 'HelloWorld SIM'
assembling startup_LPC17xx.s...
compiling system_LPC17xx.c...
compiling uart_polling.c...
compiling Retarget.c...
compiling RTX_Conf_CM.c...
compiling lab1_main.c...
linking...
Program Size: Code=8820 RO-data=276 RW-data=236 ZI-data=5516  
".\build\FLASH\HelloWorld.axf" - 0 Error(s), 0 Warning(s).
  
Build Project 'HelloWorld' - Target 'HelloWorld RAM'
assembling startup_LPC17xx.s...
compiling system_LPC17xx.c...
compiling uart_polling.c...
compiling Retarget.c...
compiling RTX_Conf_CM.c...
compiling lab1_main.c...
linking...
Program Size: Code=8820 RO-data=276 RW-data=236 ZI-data=5516  
".\build\RAM\HelloWorld.axf" - 0 Error(s), 0 Warning(s).
