<html>
<body>
<pre>
<h1>µVision Build Log</h1>
<h2>Project:</h2>
N:\ECE_254\lab1\HelloWorld\HelloWorld.uvproj
Project File Date:  10/15/2013

<h2>Output:</h2>
  
*** Note: 'Create Batch File' is active - using 'Rebuild'.
Rebuild Project 'RTX_Lib_CM' - Target 'CM3_LE'
compiling rt_Task.c...
compiling rt_System.c...
compiling rt_Event.c...
compiling rt_List.c...
compiling rt_Mailbox.c...
compiling rt_Semaphore.c...
compiling rt_Time.c...
compiling rt_Timer.c...
compiling rt_Mutex.c...
compiling rt_Robin.c...
compiling rt_MemBox.c...
compiling rt_user.c...
N:\ECE_254\lab1\RTX_CM3\SRC\CM\rt_TypeDef.h(29): error:  #101: "OS_TCB" has already been declared in the current scope
N:\ECE_254\lab1\RTX_CM3\SRC\CM\rt_TypeDef.h(54): error:  #256: invalid redeclaration of type name "P_TCB" (declared at line 54)
N:\ECE_254\lab1\RTX_CM3\SRC\CM\rt_TypeDef.h(59): error:  #101: "OS_PSFE" has already been declared in the current scope
N:\ECE_254\lab1\RTX_CM3\SRC\CM\rt_TypeDef.h(62): error:  #256: invalid redeclaration of type name "P_PSFE" (declared at line 62)
N:\ECE_254\lab1\RTX_CM3\SRC\CM\rt_TypeDef.h(64): error:  #101: "OS_PSQ" has already been declared in the current scope
N:\ECE_254\lab1\RTX_CM3\SRC\CM\rt_TypeDef.h(70): error:  #256: invalid redeclaration of type name "P_PSQ" (declared at line 70)
N:\ECE_254\lab1\RTX_CM3\SRC\CM\rt_TypeDef.h(72): error:  #101: "OS_TSK" has already been declared in the current scope
N:\ECE_254\lab1\RTX_CM3\SRC\CM\rt_TypeDef.h(75): error:  #256: invalid redeclaration of type name "P_TSK" (declared at line 75)
N:\ECE_254\lab1\RTX_CM3\SRC\CM\rt_TypeDef.h(77): error:  #101: "OS_ROBIN" has already been declared in the current scope
N:\ECE_254\lab1\RTX_CM3\SRC\CM\rt_TypeDef.h(81): error:  #256: invalid redeclaration of type name "P_ROBIN" (declared at line 81)
N:\ECE_254\lab1\RTX_CM3\SRC\CM\rt_TypeDef.h(83): error:  #101: "OS_XCB" has already been declared in the current scope
N:\ECE_254\lab1\RTX_CM3\SRC\CM\rt_TypeDef.h(90): error:  #256: invalid redeclaration of type name "P_XCB" (declared at line 90)
N:\ECE_254\lab1\RTX_CM3\SRC\CM\rt_TypeDef.h(92): error:  #101: "OS_MCB" has already been declared in the current scope
N:\ECE_254\lab1\RTX_CM3\SRC\CM\rt_TypeDef.h(101): error:  #256: invalid redeclaration of type name "P_MCB" (declared at line 101)
N:\ECE_254\lab1\RTX_CM3\SRC\CM\rt_TypeDef.h(103): error:  #101: "OS_SCB" has already been declared in the current scope
N:\ECE_254\lab1\RTX_CM3\SRC\CM\rt_TypeDef.h(107): error:  #256: invalid redeclaration of type name "P_SCB" (declared at line 107)
N:\ECE_254\lab1\RTX_CM3\SRC\CM\rt_TypeDef.h(109): error:  #101: "OS_MUCB" has already been declared in the current scope
N:\ECE_254\lab1\RTX_CM3\SRC\CM\rt_TypeDef.h(115): error:  #256: invalid redeclaration of type name "P_MUCB" (declared at line 115)
N:\ECE_254\lab1\RTX_CM3\SRC\CM\rt_TypeDef.h(117): error:  #101: "OS_XTMR" has already been declared in the current scope
N:\ECE_254\lab1\RTX_CM3\SRC\CM\rt_TypeDef.h(120): error:  #256: invalid redeclaration of type name "P_XTMR" (declared at line 120)
N:\ECE_254\lab1\RTX_CM3\SRC\CM\rt_TypeDef.h(122): error:  #101: "OS_TMR" has already been declared in the current scope
N:\ECE_254\lab1\RTX_CM3\SRC\CM\rt_TypeDef.h(126): error:  #256: invalid redeclaration of type name "P_TMR" (declared at line 126)
N:\ECE_254\lab1\RTX_CM3\SRC\CM\rt_TypeDef.h(128): error:  #101: "OS_BM" has already been declared in the current scope
N:\ECE_254\lab1\RTX_CM3\SRC\CM\rt_TypeDef.h(132): error:  #256: invalid redeclaration of type name "P_BM" (declared at line 132)
N:\ECE_254\lab1\RTX_CM3\SRC\CM\rt_Task.h(37): error:  #147: declaration is incompatible with "struct OS_TSK os_tsk" (declared at line 37)
N:\ECE_254\lab1\RTX_CM3\SRC\CM\rt_Task.h(38): error:  #147: declaration is incompatible with "struct OS_TCB os_idle_TCB" (declared at line 38)
N:\ECE_254\lab1\RTX_CM3\SRC\CM\rt_Task.h(41): error:  #147-D: declaration is incompatible with "void rt_switch_req(P_TCB)" (declared at line 41)
N:\ECE_254\lab1\RTX_CM3\SRC\CM\rt_Task.h(42): error:  #147-D: declaration is incompatible with "void rt_dispatch(P_TCB)" (declared at line 42)
N:\ECE_254\lab1\RTX_CM3\SRC\CM\rt_List.h(22): error:  #147: declaration is incompatible with "struct OS_XCB os_rdy" (declared at line 22)
N:\ECE_254\lab1\RTX_CM3\SRC\CM\rt_List.h(23): error:  #147: declaration is incompatible with "struct OS_XCB os_dly" (declared at line 23)
assembling SVC_Table.s...
compiling HAL_CM3.c...
Target not created
  
Build Project 'HelloWorld' - Target 'HelloWorld SIM'
assembling startup_LPC17xx.s...
compiling system_LPC17xx.c...
compiling uart_polling.c...
compiling Retarget.c...
compiling RTX_Conf_CM.c...
compiling lab1_main.c...
N:\ECE_254\lab1\RTX_CM3\SRC\CM\rt_TypeDef.h(13): error:  #256: invalid redeclaration of type name "S8" (declared at line 38 of "src\../../RTX_CM3/INC/RTL.h")
N:\ECE_254\lab1\RTX_CM3\SRC\CM\RTX_Config.h(22): warning:  #47-D: incompatible redefinition of macro "_init_box8" (declared at line 372 of "src\../../RTX_CM3/INC/RTL.h")
N:\ECE_254\lab1\RTX_CM3\SRC\CM\rt_Task.h(47): error:  #147-D: declaration is incompatible with "OS_TID rt_tsk_create(void (*)(void), U8, void *, void *)" (declared at line 216 of "src\../../RTX_CM3/INC/RTL.h")
N:\ECE_254\lab1\RTX_CM3\SRC\CM\rt_Task.h(49): error:  #147-D: declaration is incompatible with "void rt_sys_init(void (*)(void), U8, void *)" (declared at line 211 of "src\../../RTX_CM3/INC/RTL.h")
N:\ECE_254\lab1\RTX_CM3\SRC\CM\rt_List.h(17): warning:  #47-D: incompatible redefinition of macro "SCB" (declared at line 1229 of "C:\Software\Keil\ARM\CMSIS\Include\core_cm3.h")
N:\ECE_254\lab1\RTX_CM3\SRC\CM\rt_TypeDef.h(29): error:  #101: "OS_TCB" has already been declared in the current scope
N:\ECE_254\lab1\RTX_CM3\SRC\CM\rt_TypeDef.h(54): error:  #256: invalid redeclaration of type name "P_TCB" (declared at line 54)
N:\ECE_254\lab1\RTX_CM3\SRC\CM\rt_TypeDef.h(59): error:  #101: "OS_PSFE" has already been declared in the current scope
N:\ECE_254\lab1\RTX_CM3\SRC\CM\rt_TypeDef.h(62): error:  #256: invalid redeclaration of type name "P_PSFE" (declared at line 62)
N:\ECE_254\lab1\RTX_CM3\SRC\CM\rt_TypeDef.h(64): error:  #101: "OS_PSQ" has already been declared in the current scope
N:\ECE_254\lab1\RTX_CM3\SRC\CM\rt_TypeDef.h(70): error:  #256: invalid redeclaration of type name "P_PSQ" (declared at line 70)
N:\ECE_254\lab1\RTX_CM3\SRC\CM\rt_TypeDef.h(72): error:  #101: "OS_TSK" has already been declared in the current scope
N:\ECE_254\lab1\RTX_CM3\SRC\CM\rt_TypeDef.h(75): error:  #256: invalid redeclaration of type name "P_TSK" (declared at line 75)
N:\ECE_254\lab1\RTX_CM3\SRC\CM\rt_TypeDef.h(77): error:  #101: "OS_ROBIN" has already been declared in the current scope
N:\ECE_254\lab1\RTX_CM3\SRC\CM\rt_TypeDef.h(81): error:  #256: invalid redeclaration of type name "P_ROBIN" (declared at line 81)
N:\ECE_254\lab1\RTX_CM3\SRC\CM\rt_TypeDef.h(83): error:  #101: "OS_XCB" has already been declared in the current scope
N:\ECE_254\lab1\RTX_CM3\SRC\CM\rt_TypeDef.h(90): error:  #256: invalid redeclaration of type name "P_XCB" (declared at line 90)
N:\ECE_254\lab1\RTX_CM3\SRC\CM\rt_TypeDef.h(92): error:  #101: "OS_MCB" has already been declared in the current scope
N:\ECE_254\lab1\RTX_CM3\SRC\CM\rt_TypeDef.h(101): error:  #256: invalid redeclaration of type name "P_MCB" (declared at line 101)
N:\ECE_254\lab1\RTX_CM3\SRC\CM\rt_TypeDef.h(103): error:  #101: "OS_SCB" has already been declared in the current scope
N:\ECE_254\lab1\RTX_CM3\SRC\CM\rt_TypeDef.h(107): error:  #256: invalid redeclaration of type name "P_SCB" (declared at line 107)
N:\ECE_254\lab1\RTX_CM3\SRC\CM\rt_TypeDef.h(109): error:  #101: "OS_MUCB" has already been declared in the current scope
N:\ECE_254\lab1\RTX_CM3\SRC\CM\rt_TypeDef.h(115): error:  #256: invalid redeclaration of type name "P_MUCB" (declared at line 115)
N:\ECE_254\lab1\RTX_CM3\SRC\CM\rt_TypeDef.h(117): error:  #101: "OS_XTMR" has already been declared in the current scope
N:\ECE_254\lab1\RTX_CM3\SRC\CM\rt_TypeDef.h(120): error:  #256: invalid redeclaration of type name "P_XTMR" (declared at line 120)
N:\ECE_254\lab1\RTX_CM3\SRC\CM\rt_TypeDef.h(122): error:  #101: "OS_TMR" has already been declared in the current scope
N:\ECE_254\lab1\RTX_CM3\SRC\CM\rt_TypeDef.h(126): error:  #256: invalid redeclaration of type name "P_TMR" (declared at line 126)
N:\ECE_254\lab1\RTX_CM3\SRC\CM\rt_TypeDef.h(128): error:  #101: "OS_BM" has already been declared in the current scope
N:\ECE_254\lab1\RTX_CM3\SRC\CM\rt_TypeDef.h(132): error:  #256: invalid redeclaration of type name "P_BM" (declared at line 132)
N:\ECE_254\lab1\RTX_CM3\SRC\CM\rt_Task.h(37): error:  #147: declaration is incompatible with "struct OS_TSK os_tsk" (declared at line 37)
N:\ECE_254\lab1\RTX_CM3\SRC\CM\rt_Task.h(38): error:  #147: declaration is incompatible with "struct OS_TCB os_idle_TCB" (declared at line 38)
N:\ECE_254\lab1\RTX_CM3\SRC\CM\rt_Task.h(41): error:  #147-D: declaration is incompatible with "void rt_switch_req(P_TCB)" (declared at line 41)
Target not created
  
Build Project 'HelloWorld' - Target 'HelloWorld RAM'
assembling startup_LPC17xx.s...
compiling system_LPC17xx.c...
compiling uart_polling.c...
compiling Retarget.c...
compiling RTX_Conf_CM.c...
compiling lab1_main.c...
N:\ECE_254\lab1\RTX_CM3\SRC\CM\rt_TypeDef.h(13): error:  #256: invalid redeclaration of type name "S8" (declared at line 38 of "src\../../RTX_CM3/INC/RTL.h")
N:\ECE_254\lab1\RTX_CM3\SRC\CM\RTX_Config.h(22): warning:  #47-D: incompatible redefinition of macro "_init_box8" (declared at line 372 of "src\../../RTX_CM3/INC/RTL.h")
N:\ECE_254\lab1\RTX_CM3\SRC\CM\rt_Task.h(47): error:  #147-D: declaration is incompatible with "OS_TID rt_tsk_create(void (*)(void), U8, void *, void *)" (declared at line 216 of "src\../../RTX_CM3/INC/RTL.h")
N:\ECE_254\lab1\RTX_CM3\SRC\CM\rt_Task.h(49): error:  #147-D: declaration is incompatible with "void rt_sys_init(void (*)(void), U8, void *)" (declared at line 211 of "src\../../RTX_CM3/INC/RTL.h")
N:\ECE_254\lab1\RTX_CM3\SRC\CM\rt_List.h(17): warning:  #47-D: incompatible redefinition of macro "SCB" (declared at line 1229 of "C:\Software\Keil\ARM\CMSIS\Include\core_cm3.h")
N:\ECE_254\lab1\RTX_CM3\SRC\CM\rt_TypeDef.h(29): error:  #101: "OS_TCB" has already been declared in the current scope
N:\ECE_254\lab1\RTX_CM3\SRC\CM\rt_TypeDef.h(54): error:  #256: invalid redeclaration of type name "P_TCB" (declared at line 54)
N:\ECE_254\lab1\RTX_CM3\SRC\CM\rt_TypeDef.h(59): error:  #101: "OS_PSFE" has already been declared in the current scope
N:\ECE_254\lab1\RTX_CM3\SRC\CM\rt_TypeDef.h(62): error:  #256: invalid redeclaration of type name "P_PSFE" (declared at line 62)
N:\ECE_254\lab1\RTX_CM3\SRC\CM\rt_TypeDef.h(64): error:  #101: "OS_PSQ" has already been declared in the current scope
N:\ECE_254\lab1\RTX_CM3\SRC\CM\rt_TypeDef.h(70): error:  #256: invalid redeclaration of type name "P_PSQ" (declared at line 70)
N:\ECE_254\lab1\RTX_CM3\SRC\CM\rt_TypeDef.h(72): error:  #101: "OS_TSK" has already been declared in the current scope
N:\ECE_254\lab1\RTX_CM3\SRC\CM\rt_TypeDef.h(75): error:  #256: invalid redeclaration of type name "P_TSK" (declared at line 75)
N:\ECE_254\lab1\RTX_CM3\SRC\CM\rt_TypeDef.h(77): error:  #101: "OS_ROBIN" has already been declared in the current scope
N:\ECE_254\lab1\RTX_CM3\SRC\CM\rt_TypeDef.h(81): error:  #256: invalid redeclaration of type name "P_ROBIN" (declared at line 81)
N:\ECE_254\lab1\RTX_CM3\SRC\CM\rt_TypeDef.h(83): error:  #101: "OS_XCB" has already been declared in the current scope
N:\ECE_254\lab1\RTX_CM3\SRC\CM\rt_TypeDef.h(90): error:  #256: invalid redeclaration of type name "P_XCB" (declared at line 90)
N:\ECE_254\lab1\RTX_CM3\SRC\CM\rt_TypeDef.h(92): error:  #101: "OS_MCB" has already been declared in the current scope
N:\ECE_254\lab1\RTX_CM3\SRC\CM\rt_TypeDef.h(101): error:  #256: invalid redeclaration of type name "P_MCB" (declared at line 101)
N:\ECE_254\lab1\RTX_CM3\SRC\CM\rt_TypeDef.h(103): error:  #101: "OS_SCB" has already been declared in the current scope
N:\ECE_254\lab1\RTX_CM3\SRC\CM\rt_TypeDef.h(107): error:  #256: invalid redeclaration of type name "P_SCB" (declared at line 107)
N:\ECE_254\lab1\RTX_CM3\SRC\CM\rt_TypeDef.h(109): error:  #101: "OS_MUCB" has already been declared in the current scope
N:\ECE_254\lab1\RTX_CM3\SRC\CM\rt_TypeDef.h(115): error:  #256: invalid redeclaration of type name "P_MUCB" (declared at line 115)
N:\ECE_254\lab1\RTX_CM3\SRC\CM\rt_TypeDef.h(117): error:  #101: "OS_XTMR" has already been declared in the current scope
N:\ECE_254\lab1\RTX_CM3\SRC\CM\rt_TypeDef.h(120): error:  #256: invalid redeclaration of type name "P_XTMR" (declared at line 120)
N:\ECE_254\lab1\RTX_CM3\SRC\CM\rt_TypeDef.h(122): error:  #101: "OS_TMR" has already been declared in the current scope
N:\ECE_254\lab1\RTX_CM3\SRC\CM\rt_TypeDef.h(126): error:  #256: invalid redeclaration of type name "P_TMR" (declared at line 126)
N:\ECE_254\lab1\RTX_CM3\SRC\CM\rt_TypeDef.h(128): error:  #101: "OS_BM" has already been declared in the current scope
N:\ECE_254\lab1\RTX_CM3\SRC\CM\rt_TypeDef.h(132): error:  #256: invalid redeclaration of type name "P_BM" (declared at line 132)
N:\ECE_254\lab1\RTX_CM3\SRC\CM\rt_Task.h(37): error:  #147: declaration is incompatible with "struct OS_TSK os_tsk" (declared at line 37)
N:\ECE_254\lab1\RTX_CM3\SRC\CM\rt_Task.h(38): error:  #147: declaration is incompatible with "struct OS_TCB os_idle_TCB" (declared at line 38)
N:\ECE_254\lab1\RTX_CM3\SRC\CM\rt_Task.h(41): error:  #147-D: declaration is incompatible with "void rt_switch_req(P_TCB)" (declared at line 41)
Target not created
  
*** Note: 'Create Batch File' is active - using 'Rebuild'.
Rebuild Project 'RTX_Lib_CM' - Target 'CM3_LE'
compiling rt_Task.c...
compiling rt_System.c...
compiling rt_Event.c...
compiling rt_List.c...
compiling rt_Mailbox.c...
compiling rt_Semaphore.c...
compiling rt_Time.c...
compiling rt_Timer.c...
compiling rt_Mutex.c...
compiling rt_Robin.c...
compiling rt_MemBox.c...
compiling rt_user.c...
N:\ECE_254\lab1\RTX_CM3\SRC\CM\rt_user.c(76): error:  #29: expected an expression
N:\ECE_254\lab1\RTX_CM3\SRC\CM\rt_user.c(76): error:  #144: a value of type "void" cannot be used to initialize an entity of type "void *"
N:\ECE_254\lab1\RTX_CM3\SRC\CM\rt_user.c(80): error:  #20: identifier "p_xcb" is undefined
N:\ECE_254\lab1\RTX_CM3\SRC\CM\rt_user.c(80): error:  #20: identifier "current" is undefined
N:\ECE_254\lab1\RTX_CM3\SRC\CM\rt_user.c(80): error:  #18: expected a ")"
N:\ECE_254\lab1\RTX_CM3\SRC\CM\rt_user.c(81): error:  #254: type name is not allowed
N:\ECE_254\lab1\RTX_CM3\SRC\CM\rt_user.c(81): error:  #165: too few arguments in function call
N:\ECE_254\lab1\RTX_CM3\SRC\CM\rt_user.c(81): error:  #18: expected a ")"
N:\ECE_254\lab1\RTX_CM3\SRC\CM\rt_user.c(87): warning:  #940-D: missing return statement at end of non-void function "rt_mem_alloc"
N:\ECE_254\lab1\RTX_CM3\SRC\CM\rt_user.c(93): error:  #29: expected an expression
N:\ECE_254\lab1\RTX_CM3\SRC\CM\rt_user.c(93): error:  #29: expected an expression
N:\ECE_254\lab1\RTX_CM3\SRC\CM\rt_user.c(95): error:  #65: expected a ";"
N:\ECE_254\lab1\RTX_CM3\SRC\CM\rt_user.c(102): warning:  #12-D: parsing restarts here after previous syntax error
N:\ECE_254\lab1\RTX_CM3\SRC\CM\rt_user.c(103): warning:  #1-D: last line of file ends without a newline
N:\ECE_254\lab1\RTX_CM3\SRC\CM\rt_user.c(103): warning:  #940-D: missing return statement at end of non-void function "rt_mem_free"
N:\ECE_254\lab1\RTX_CM3\SRC\CM\rt_user.c(91): warning:  #550-D: variable "OK" was set but never used
N:\ECE_254\lab1\RTX_CM3\SRC\CM\rt_user.c(92): warning:  #177-D: variable "unblocked" was declared but never referenced
assembling SVC_Table.s...
compiling HAL_CM3.c...
Target not created
  
Build Project 'HelloWorld' - Target 'HelloWorld SIM'
assembling startup_LPC17xx.s...
compiling system_LPC17xx.c...
compiling uart_polling.c...
compiling Retarget.c...
compiling RTX_Conf_CM.c...
compiling lab1_main.c...
linking...
Program Size: Code=6736 RO-data=276 RW-data=148 ZI-data=5484  
".\build\FLASH\HelloWorld.axf" - 0 Error(s), 0 Warning(s).
  
Build Project 'HelloWorld' - Target 'HelloWorld RAM'
assembling startup_LPC17xx.s...
compiling system_LPC17xx.c...
compiling uart_polling.c...
compiling Retarget.c...
compiling RTX_Conf_CM.c...
compiling lab1_main.c...
linking...
Program Size: Code=6736 RO-data=276 RW-data=148 ZI-data=5484  
".\build\RAM\HelloWorld.axf" - 0 Error(s), 0 Warning(s).
  
*** Note: 'Create Batch File' is active - using 'Rebuild'.
Rebuild Project 'RTX_Lib_CM' - Target 'CM3_LE'
compiling rt_Task.c...
compiling rt_System.c...
compiling rt_Event.c...
compiling rt_List.c...
compiling rt_Mailbox.c...
compiling rt_Semaphore.c...
compiling rt_Time.c...
compiling rt_Timer.c...
compiling rt_Mutex.c...
compiling rt_Robin.c...
compiling rt_MemBox.c...
compiling rt_user.c...
N:\ECE_254\lab1\RTX_CM3\SRC\CM\rt_user.c(76): error:  #29: expected an expression
N:\ECE_254\lab1\RTX_CM3\SRC\CM\rt_user.c(76): error:  #144: a value of type "void" cannot be used to initialize an entity of type "void *"
N:\ECE_254\lab1\RTX_CM3\SRC\CM\rt_user.c(80): error:  #20: identifier "p_xcb" is undefined
N:\ECE_254\lab1\RTX_CM3\SRC\CM\rt_user.c(80): error:  #20: identifier "current" is undefined
N:\ECE_254\lab1\RTX_CM3\SRC\CM\rt_user.c(80): error:  #18: expected a ")"
N:\ECE_254\lab1\RTX_CM3\SRC\CM\rt_user.c(81): error:  #254: type name is not allowed
N:\ECE_254\lab1\RTX_CM3\SRC\CM\rt_user.c(81): error:  #165: too few arguments in function call
N:\ECE_254\lab1\RTX_CM3\SRC\CM\rt_user.c(81): error:  #18: expected a ")"
N:\ECE_254\lab1\RTX_CM3\SRC\CM\rt_user.c(87): warning:  #940-D: missing return statement at end of non-void function "rt_mem_alloc"
N:\ECE_254\lab1\RTX_CM3\SRC\CM\rt_user.c(93): error:  #29: expected an expression
N:\ECE_254\lab1\RTX_CM3\SRC\CM\rt_user.c(93): error:  #29: expected an expression
N:\ECE_254\lab1\RTX_CM3\SRC\CM\rt_user.c(95): error:  #65: expected a ";"
N:\ECE_254\lab1\RTX_CM3\SRC\CM\rt_user.c(102): warning:  #12-D: parsing restarts here after previous syntax error
N:\ECE_254\lab1\RTX_CM3\SRC\CM\rt_user.c(103): warning:  #940-D: missing return statement at end of non-void function "rt_mem_free"
N:\ECE_254\lab1\RTX_CM3\SRC\CM\rt_user.c(91): warning:  #550-D: variable "OK" was set but never used
N:\ECE_254\lab1\RTX_CM3\SRC\CM\rt_user.c(92): warning:  #177-D: variable "unblocked" was declared but never referenced
assembling SVC_Table.s...
compiling HAL_CM3.c...
Target not created
  
Build Project 'HelloWorld' - Target 'HelloWorld SIM'
assembling startup_LPC17xx.s...
compiling system_LPC17xx.c...
compiling uart_polling.c...
compiling Retarget.c...
compiling RTX_Conf_CM.c...
compiling lab1_main.c...
linking...
Program Size: Code=6736 RO-data=276 RW-data=148 ZI-data=5484  
".\build\FLASH\HelloWorld.axf" - 0 Error(s), 0 Warning(s).
  
Build Project 'HelloWorld' - Target 'HelloWorld RAM'
assembling startup_LPC17xx.s...
compiling system_LPC17xx.c...
compiling uart_polling.c...
compiling Retarget.c...
compiling RTX_Conf_CM.c...
compiling lab1_main.c...
linking...
Program Size: Code=6736 RO-data=276 RW-data=148 ZI-data=5484  
".\build\RAM\HelloWorld.axf" - 0 Error(s), 0 Warning(s).
  
*** Note: 'Create Batch File' is active - using 'Rebuild'.
Rebuild Project 'RTX_Lib_CM' - Target 'CM3_LE'
compiling rt_Task.c...
compiling rt_System.c...
compiling rt_Event.c...
compiling rt_List.c...
compiling rt_Mailbox.c...
compiling rt_Semaphore.c...
compiling rt_Time.c...
compiling rt_Timer.c...
compiling rt_Mutex.c...
compiling rt_Robin.c...
compiling rt_MemBox.c...
compiling rt_user.c...
N:\ECE_254\lab1\RTX_CM3\SRC\CM\rt_user.c(88): warning:  #940-D: missing return statement at end of non-void function "rt_mem_alloc"
N:\ECE_254\lab1\RTX_CM3\SRC\CM\rt_user.c(96): error:  #65: expected a ";"
N:\ECE_254\lab1\RTX_CM3\SRC\CM\rt_user.c(103): warning:  #12-D: parsing restarts here after previous syntax error
N:\ECE_254\lab1\RTX_CM3\SRC\CM\rt_user.c(104): warning:  #940-D: missing return statement at end of non-void function "rt_mem_free"
N:\ECE_254\lab1\RTX_CM3\SRC\CM\rt_user.c(92): warning:  #550-D: variable "OK" was set but never used
N:\ECE_254\lab1\RTX_CM3\SRC\CM\rt_user.c(93): warning:  #177-D: variable "unblocked" was declared but never referenced
assembling SVC_Table.s...
compiling HAL_CM3.c...
Target not created
  
Build Project 'HelloWorld' - Target 'HelloWorld SIM'
assembling startup_LPC17xx.s...
compiling system_LPC17xx.c...
compiling uart_polling.c...
compiling Retarget.c...
compiling RTX_Conf_CM.c...
compiling lab1_main.c...
linking...
Program Size: Code=6736 RO-data=276 RW-data=148 ZI-data=5484  
".\build\FLASH\HelloWorld.axf" - 0 Error(s), 0 Warning(s).
  
Build Project 'HelloWorld' - Target 'HelloWorld RAM'
assembling startup_LPC17xx.s...
compiling system_LPC17xx.c...
compiling uart_polling.c...
compiling Retarget.c...
compiling RTX_Conf_CM.c...
compiling lab1_main.c...
linking...
Program Size: Code=6736 RO-data=276 RW-data=148 ZI-data=5484  
".\build\RAM\HelloWorld.axf" - 0 Error(s), 0 Warning(s).
  
*** Note: 'Create Batch File' is active - using 'Rebuild'.
Rebuild Project 'RTX_Lib_CM' - Target 'CM3_LE'
compiling rt_Task.c...
compiling rt_System.c...
compiling rt_Event.c...
compiling rt_List.c...
compiling rt_Mailbox.c...
compiling rt_Semaphore.c...
compiling rt_Time.c...
compiling rt_Timer.c...
compiling rt_Mutex.c...
compiling rt_Robin.c...
compiling rt_MemBox.c...
compiling rt_user.c...
N:\ECE_254\lab1\RTX_CM3\SRC\CM\rt_user.c(83): warning:  #117-D: non-void function "rt_mem_alloc" should return a value
N:\ECE_254\lab1\RTX_CM3\SRC\CM\rt_user.c(104): error:  #20: identifier "ON_R_NOK" is undefined
assembling SVC_Table.s...
compiling HAL_CM3.c...
Target not created
  
Build Project 'HelloWorld' - Target 'HelloWorld SIM'
assembling startup_LPC17xx.s...
compiling system_LPC17xx.c...
compiling uart_polling.c...
compiling Retarget.c...
compiling RTX_Conf_CM.c...
compiling lab1_main.c...
linking...
Program Size: Code=6736 RO-data=276 RW-data=148 ZI-data=5484  
".\build\FLASH\HelloWorld.axf" - 0 Error(s), 0 Warning(s).
  
Build Project 'HelloWorld' - Target 'HelloWorld RAM'
assembling startup_LPC17xx.s...
compiling system_LPC17xx.c...
compiling uart_polling.c...
compiling Retarget.c...
compiling RTX_Conf_CM.c...
compiling lab1_main.c...
linking...
Program Size: Code=6736 RO-data=276 RW-data=148 ZI-data=5484  
".\build\RAM\HelloWorld.axf" - 0 Error(s), 0 Warning(s).
  
*** Note: 'Create Batch File' is active - using 'Rebuild'.
Rebuild Project 'RTX_Lib_CM' - Target 'CM3_LE'
compiling rt_Task.c...
compiling rt_System.c...
compiling rt_Event.c...
compiling rt_List.c...
compiling rt_Mailbox.c...
compiling rt_Semaphore.c...
compiling rt_Time.c...
compiling rt_Timer.c...
compiling rt_Mutex.c...
compiling rt_Robin.c...
compiling rt_MemBox.c...
compiling rt_user.c...
assembling SVC_Table.s...
compiling HAL_CM3.c...
creating Library...
User command #1: cmd.exe /C copy ArInp.Scr CM3_LE\BuildLib.scr
        1 file(s) copied.
".\CM3_LE\RTX_CM3.lib" - 0 Error(s), 0 Warning(s).
  
Build Project 'HelloWorld' - Target 'HelloWorld SIM'
assembling startup_LPC17xx.s...
compiling system_LPC17xx.c...
compiling uart_polling.c...
compiling Retarget.c...
compiling RTX_Conf_CM.c...
compiling lab1_main.c...
linking...
Program Size: Code=8120 RO-data=276 RW-data=148 ZI-data=5484  
".\build\FLASH\HelloWorld.axf" - 0 Error(s), 0 Warning(s).
  
Build Project 'HelloWorld' - Target 'HelloWorld RAM'
assembling startup_LPC17xx.s...
compiling system_LPC17xx.c...
compiling uart_polling.c...
compiling Retarget.c...
compiling RTX_Conf_CM.c...
compiling lab1_main.c...
linking...
Program Size: Code=8120 RO-data=276 RW-data=148 ZI-data=5484  
".\build\RAM\HelloWorld.axf" - 0 Error(s), 0 Warning(s).
Load "N:\\ECE_254\\lab1\\HelloWorld\\build\\RAM\\HelloWorld.AXF" 
Internal DLL Error
