ARM Linker, 5.02 [Build 28] [MDK-ARM Lite]

==============================================================================

Section Cross References

    startup_lpc17xx.o(STACK) refers (Special) to heapauxi.o(.text) for __use_two_region_memory
    startup_lpc17xx.o(HEAP) refers (Special) to heapauxi.o(.text) for __use_two_region_memory
    startup_lpc17xx.o(RESET) refers (Special) to heapauxi.o(.text) for __use_two_region_memory
    startup_lpc17xx.o(RESET) refers to startup_lpc17xx.o(STACK) for __initial_sp
    startup_lpc17xx.o(RESET) refers to startup_lpc17xx.o(.text) for Reset_Handler
    startup_lpc17xx.o(RESET) refers to hal_cm3.o(.emb_text) for SVC_Handler
    startup_lpc17xx.o(.ARM.__at_0x02FC) refers (Special) to heapauxi.o(.text) for __use_two_region_memory
    startup_lpc17xx.o(.text) refers (Special) to heapauxi.o(.text) for __use_two_region_memory
    startup_lpc17xx.o(.text) refers to __main.o(!!!main) for __main
    startup_lpc17xx.o(.text) refers to startup_lpc17xx.o(HEAP) for Heap_Mem
    startup_lpc17xx.o(.text) refers to startup_lpc17xx.o(STACK) for Stack_Mem
    system_lpc17xx.o(.text) refers to system_lpc17xx.o(.data) for SystemFrequency
    retarget.o(.text) refers (Special) to use_no_semi.o(.text) for __use_no_semihosting_swi
    retarget.o(.text) refers to uart_polling.o(.text) for uart_put_char
    retarget.o(.data) refers (Special) to use_no_semi.o(.text) for __use_no_semihosting_swi
    rtx_conf_cm.o(.text) refers to rt_task.o(i.rt_tsk_self) for rt_tsk_self
    rtx_conf_cm.o(.text) refers to rt_mutex.o(i.rt_mut_init) for rt_mut_init
    rtx_conf_cm.o(.text) refers to rtx_conf_cm.o(.bss) for .bss
    rtx_conf_cm.o(.text) refers to libspace.o(.bss) for __libspace_start
    rtx_conf_cm.o(.text) refers to rtx_conf_cm.o(.data) for .data
    rtx_conf_cm.o(.text) refers to rt_mutex.o(i.rt_mut_wait) for rt_mut_wait
    rtx_conf_cm.o(.text) refers to rt_mutex.o(i.rt_mut_release) for rt_mut_release
    lab1_main.o(.text) refers to _printf_percent.o(.ARM.Collect$$_printf_percent$$00000000) for _printf_percent
    lab1_main.o(.text) refers to _printf_d.o(.ARM.Collect$$_printf_percent$$00000009) for _printf_d
    lab1_main.o(.text) refers to _printf_s.o(.ARM.Collect$$_printf_percent$$00000014) for _printf_s
    lab1_main.o(.text) refers to _printf_dec.o(.text) for _printf_int_dec
    lab1_main.o(.text) refers to _printf_str.o(.text) for _printf_str
    lab1_main.o(.text) refers to strcpy.o(.text) for strcpy
    lab1_main.o(.text) refers to noretval__2printf.o(.text) for __2printf
    lab1_main.o(.text) refers to rt_membox.o(i._init_box) for _init_box
    lab1_main.o(.text) refers to lab1_main.o(.data) for g_counter
    lab1_main.o(.text) refers to lab1_main.o(.bss) for g_mut_uart
    lab1_main.o(.text) refers to rt_mutex.o(i.rt_mut_wait) for rt_mut_wait
    lab1_main.o(.text) refers to rt_mutex.o(i.rt_mut_release) for rt_mut_release
    lab1_main.o(.text) refers to rt_time.o(i.rt_dly_wait) for rt_dly_wait
    lab1_main.o(.text) refers to rt_user.o(i.rt_tsk_get) for rt_tsk_get
    lab1_main.o(.text) refers to rt_user.o(i.rt_mem_alloc) for rt_mem_alloc
    lab1_main.o(.text) refers to rt_user.o(i.rt_mem_free) for rt_mem_free
    lab1_main.o(.text) refers to rt_task.o(i.rt_tsk_delete) for rt_tsk_delete
    lab1_main.o(.text) refers to rt_mutex.o(i.rt_mut_init) for rt_mut_init
    lab1_main.o(.text) refers to rt_task.o(i.rt_tsk_create) for rt_tsk_create
    lab1_main.o(.text) refers to system_lpc17xx.o(.text) for SystemInit
    lab1_main.o(.text) refers to uart_polling.o(.text) for uart_init
    lab1_main.o(.text) refers to hal_cm3.o(.emb_text) for os_set_env
    lab1_main.o(.text) refers to rtx_conf_cm.o(.text) for os_idle_demon
    lab1_main.o(.text) refers to rt_task.o(i.rt_sys_init) for rt_sys_init
    lab1_main.o(.data) refers to lab1_main.o(.text) for task1
    rt_task.o(i.rt_block) refers to rt_list.o(i.rt_put_dly) for rt_put_dly
    rt_task.o(i.rt_block) refers to rt_list.o(i.rt_get_first) for rt_get_first
    rt_task.o(i.rt_block) refers to rt_task.o(i.rt_switch_req) for rt_switch_req
    rt_task.o(i.rt_block) refers to rt_task.o(.data) for os_tsk
    rt_task.o(i.rt_block) refers to rt_list.o(.bss) for os_rdy
    rt_task.o(i.rt_dispatch) refers to rt_list.o(i.rt_get_first) for rt_get_first
    rt_task.o(i.rt_dispatch) refers to rt_task.o(i.rt_switch_req) for rt_switch_req
    rt_task.o(i.rt_dispatch) refers to rt_list.o(i.rt_put_rdy_first) for rt_put_rdy_first
    rt_task.o(i.rt_dispatch) refers to rt_list.o(i.rt_put_prio) for rt_put_prio
    rt_task.o(i.rt_dispatch) refers to rt_list.o(.bss) for os_rdy
    rt_task.o(i.rt_dispatch) refers to rt_task.o(.data) for os_tsk
    rt_task.o(i.rt_get_TID) refers to rtx_conf_cm.o(.bss) for os_active_TCB
    rt_task.o(i.rt_get_TID) refers to rtx_conf_cm.o(.constdata) for os_maxtaskrun
    rt_task.o(i.rt_init_context) refers to rt_membox.o(i.rt_alloc_box) for rt_alloc_box
[...]
    rt_timer.o(i.rt_tmr_kill) refers to rt_timer.o(.data) for os_tmr
    rt_timer.o(i.rt_tmr_kill) refers to rtx_conf_cm.o(.data) for m_tmr
    rt_timer.o(i.rt_tmr_tick) refers to rtx_conf_cm.o(.text) for os_tmr_call
    rt_timer.o(i.rt_tmr_tick) refers to rt_membox.o(i.rt_free_box) for rt_free_box
    rt_timer.o(i.rt_tmr_tick) refers to rt_timer.o(.data) for os_tmr
    rt_timer.o(i.rt_tmr_tick) refers to rtx_conf_cm.o(.data) for m_tmr
    libspace.o(.text) refers to libspace.o(.bss) for __libspace_start
    __2printf.o(.text) refers to _printf_char_file.o(.text) for _printf_char_file
    __2printf.o(.text) refers to retarget.o(.data) for __stdout
    noretval__2printf.o(.text) refers to _printf_char_file.o(.text) for _printf_char_file
    noretval__2printf.o(.text) refers to retarget.o(.data) for __stdout
    __printf.o(.text) refers to _printf_percent.o(.ARM.Collect$$_printf_percent$$00000000) for _printf_percent
    _printf_str.o(.text) refers (Special) to _printf_char.o(.text) for _printf_cs_common
    _printf_dec.o(.text) refers to _printf_intcommon.o(.text) for _printf_int_common
    __printf_flags.o(.text) refers to _printf_percent.o(.ARM.Collect$$_printf_percent$$00000000) for _printf_percent
    __printf_flags.o(.text) refers to __printf_flags.o(.constdata) for .constdata
    __printf_ss.o(.text) refers to _printf_percent.o(.ARM.Collect$$_printf_percent$$00000000) for _printf_percent
    __printf_flags_ss.o(.text) refers to _printf_percent.o(.ARM.Collect$$_printf_percent$$00000000) for _printf_percent
    __printf_flags_ss.o(.text) refers to __printf_flags_ss.o(.constdata) for .constdata
    __printf_wp.o(.text) refers to __printf_wp.o(i._is_digit) for _is_digit
    __printf_wp.o(.text) refers to _printf_percent.o(.ARM.Collect$$_printf_percent$$00000000) for _printf_percent
    __printf_flags_wp.o(.text) refers to __printf_wp.o(i._is_digit) for _is_digit
    __printf_flags_wp.o(.text) refers to _printf_percent.o(.ARM.Collect$$_printf_percent$$00000000) for _printf_percent
    __printf_flags_wp.o(.text) refers to __printf_flags_wp.o(.constdata) for .constdata
    __printf_ss_wp.o(.text) refers to __printf_wp.o(i._is_digit) for _is_digit
    __printf_ss_wp.o(.text) refers to _printf_percent.o(.ARM.Collect$$_printf_percent$$00000000) for _printf_percent
    __printf_flags_ss_wp.o(.text) refers to __printf_wp.o(i._is_digit) for _is_digit
    __printf_flags_ss_wp.o(.text) refers to _printf_percent.o(.ARM.Collect$$_printf_percent$$00000000) for _printf_percent
    __printf_flags_ss_wp.o(.text) refers to __printf_flags_ss_wp.o(.constdata) for .constdata
    _printf_s.o(.ARM.Collect$$_printf_percent$$00000014) refers (Weak) to _printf_char.o(.text) for _printf_string
    _printf_d.o(.ARM.Collect$$_printf_percent$$00000009) refers (Weak) to _printf_dec.o(.text) for _printf_int_dec
    _printf_percent.o(.ARM.Collect$$_printf_percent$$00000000) refers (Special) to _printf_percent_end.o(.ARM.Collect$$_printf_percent$$00000017) for _printf_percent_end
    __main.o(!!!main) refers to rtentry.o(.ARM.Collect$$rtentry$$00000000) for __rt_entry
    ddiv.o(x$fpl$drdiv) refers (Special) to usenofp.o(x$fpl$usenofp) for __I$use$fp
    ddiv.o(x$fpl$drdiv) refers to ddiv.o(x$fpl$ddiv) for ddiv_entry
    ddiv.o(x$fpl$ddiv) refers (Special) to usenofp.o(x$fpl$usenofp) for __I$use$fp
    ddiv.o(x$fpl$ddiv) refers to dretinf.o(x$fpl$dretinf) for __fpl_dretinf
    ddiv.o(x$fpl$ddiv) refers to dnaninf.o(x$fpl$dnaninf) for __fpl_dnaninf
    dfixu.o(x$fpl$dfixu) refers (Special) to usenofp.o(x$fpl$usenofp) for __I$use$fp
    dfixu.o(x$fpl$dfixu) refers to dnaninf.o(x$fpl$dnaninf) for __fpl_dnaninf
    dfixu.o(x$fpl$dfixur) refers (Special) to usenofp.o(x$fpl$usenofp) for __I$use$fp
    dfixu.o(x$fpl$dfixur) refers to dnaninf.o(x$fpl$dnaninf) for __fpl_dnaninf
    dflt_clz.o(x$fpl$dfltu) refers (Special) to usenofp.o(x$fpl$usenofp) for __I$use$fp
    dflt_clz.o(x$fpl$dflt) refers (Special) to usenofp.o(x$fpl$usenofp) for __I$use$fp
    dflt_clz.o(x$fpl$dfltn) refers (Special) to usenofp.o(x$fpl$usenofp) for __I$use$fp
    dmul.o(x$fpl$dmul) refers (Special) to usenofp.o(x$fpl$usenofp) for __I$use$fp
    dmul.o(x$fpl$dmul) refers to dretinf.o(x$fpl$dretinf) for __fpl_dretinf
    dmul.o(x$fpl$dmul) refers to dnaninf.o(x$fpl$dnaninf) for __fpl_dnaninf
    rtentry.o(.ARM.Collect$$rtentry$$00000000) refers (Special) to rtentry2.o(.ARM.Collect$$rtentry$$0000000A) for __rt_entry_li
    rtentry.o(.ARM.Collect$$rtentry$$00000000) refers (Special) to rtentry2.o(.ARM.Collect$$rtentry$$0000000D) for __rt_entry_main
    rtentry.o(.ARM.Collect$$rtentry$$00000000) refers (Special) to rtentry2.o(.ARM.Collect$$rtentry$$0000000C) for __rt_entry_postli_1
    rtentry.o(.ARM.Collect$$rtentry$$00000000) refers (Special) to rtentry2.o(.ARM.Collect$$rtentry$$00000009) for __rt_entry_postsh_1
    rtentry.o(.ARM.Collect$$rtentry$$00000000) refers (Special) to rtentry2.o(.ARM.Collect$$rtentry$$00000002) for __rt_entry_presh_1
    rtentry.o(.ARM.Collect$$rtentry$$00000000) refers (Special) to rtentry4.o(.ARM.Collect$$rtentry$$00000004) for __rt_entry_sh
    _printf_char.o(.text) refers (Weak) to _printf_str.o(.text) for _printf_str
    _printf_char_file.o(.text) refers to _printf_char_common.o(.text) for _printf_char_common
    _printf_char_file.o(.text) refers to retarget.o(.text) for ferror
    dnaninf.o(x$fpl$dnaninf) refers (Special) to usenofp.o(x$fpl$usenofp) for __I$use$fp
    dretinf.o(x$fpl$dretinf) refers (Special) to usenofp.o(x$fpl$usenofp) for __I$use$fp
    rtentry2.o(.ARM.Collect$$rtentry$$00000008) refers to boardinit2.o(.text) for _platform_post_stackheap_init
    rtentry2.o(.ARM.Collect$$rtentry$$0000000A) refers to libinit.o(.ARM.Collect$$libinit$$00000000) for __rt_lib_init
    rtentry2.o(.ARM.Collect$$rtentry$$0000000B) refers to boardinit3.o(.text) for _platform_post_lib_init
    rtentry2.o(.ARM.Collect$$rtentry$$0000000D) refers to lab1_main.o(.text) for main
    rtentry2.o(.ARM.Collect$$rtentry$$0000000D) refers to exit.o(.text) for exit
    rtentry2.o(.ARM.exidx) refers to rtentry2.o(.ARM.Collect$$rtentry$$00000001) for .ARM.Collect$$rtentry$$00000001
    rtentry2.o(.ARM.exidx) refers to rtentry2.o(.ARM.Collect$$rtentry$$00000008) for .ARM.Collect$$rtentry$$00000008
    rtentry2.o(.ARM.exidx) refers to rtentry2.o(.ARM.Collect$$rtentry$$0000000A) for .ARM.Collect$$rtentry$$0000000A
    rtentry2.o(.ARM.exidx) refers to rtentry2.o(.ARM.Collect$$rtentry$$0000000B) for .ARM.Collect$$rtentry$$0000000B
    rtentry2.o(.ARM.exidx) refers to rtentry2.o(.ARM.Collect$$rtentry$$0000000D) for .ARM.Collect$$rtentry$$0000000D
    rtentry4.o(.ARM.Collect$$rtentry$$00000004) refers to sys_stackheap_outer.o(.text) for __user_setup_stackheap
    rtentry4.o(.ARM.exidx) refers to rtentry4.o(.ARM.Collect$$rtentry$$00000004) for .ARM.Collect$$rtentry$$00000004
    _printf_char_common.o(.text) refers to __printf.o(.text) for __printf
    sys_stackheap_outer.o(.text) refers to libspace.o(.text) for __user_perproc_libspace
    sys_stackheap_outer.o(.text) refers to startup_lpc17xx.o(.text) for __user_initial_stackheap
    exit.o(.text) refers to rtexit.o(.ARM.Collect$$rtexit$$00000000) for __rt_exit
    libinit.o(.ARM.Collect$$libinit$$00000000) refers (Special) to libinit2.o(.ARM.Collect$$libinit$$0000002C) for __rt_lib_init_alloca_1
    libinit.o(.ARM.Collect$$libinit$$00000000) refers (Special) to libinit2.o(.ARM.Collect$$libinit$$0000002A) for __rt_lib_init_argv_1
    libinit.o(.ARM.Collect$$libinit$$00000000) refers (Special) to libinit2.o(.ARM.Collect$$libinit$$00000019) for __rt_lib_init_atexit_1
    libinit.o(.ARM.Collect$$libinit$$00000000) refers (Special) to libinit2.o(.ARM.Collect$$libinit$$0000001F) for __rt_lib_init_clock_1
    libinit.o(.ARM.Collect$$libinit$$00000000) refers (Special) to libinit2.o(.ARM.Collect$$libinit$$00000030) for __rt_lib_init_cpp_1
    libinit.o(.ARM.Collect$$libinit$$00000000) refers (Special) to libinit2.o(.ARM.Collect$$libinit$$0000002E) for __rt_lib_init_exceptions_1
    libinit.o(.ARM.Collect$$libinit$$00000000) refers (Special) to libinit2.o(.ARM.Collect$$libinit$$00000002) for __rt_lib_init_fp_1
    libinit.o(.ARM.Collect$$libinit$$00000000) refers (Special) to libinit2.o(.ARM.Collect$$libinit$$0000001D) for __rt_lib_init_fp_trap_1
    libinit.o(.ARM.Collect$$libinit$$00000000) refers (Special) to libinit2.o(.ARM.Collect$$libinit$$00000021) for __rt_lib_init_getenv_1
    libinit.o(.ARM.Collect$$libinit$$00000000) refers (Special) to libinit2.o(.ARM.Collect$$libinit$$00000008) for __rt_lib_init_heap_1
    libinit.o(.ARM.Collect$$libinit$$00000000) refers (Special) to libinit2.o(.ARM.Collect$$libinit$$0000000F) for __rt_lib_init_lc_collate_1
    libinit.o(.ARM.Collect$$libinit$$00000000) refers (Special) to libinit2.o(.ARM.Collect$$libinit$$00000011) for __rt_lib_init_lc_ctype_1
    libinit.o(.ARM.Collect$$libinit$$00000000) refers (Special) to libinit2.o(.ARM.Collect$$libinit$$00000013) for __rt_lib_init_lc_monetary_1
    libinit.o(.ARM.Collect$$libinit$$00000000) refers (Special) to libinit2.o(.ARM.Collect$$libinit$$00000015) for __rt_lib_init_lc_numeric_1
    libinit.o(.ARM.Collect$$libinit$$00000000) refers (Special) to libinit2.o(.ARM.Collect$$libinit$$00000017) for __rt_lib_init_lc_time_1
    libinit.o(.ARM.Collect$$libinit$$00000000) refers (Special) to libinit2.o(.ARM.Collect$$libinit$$0000000C) for __rt_lib_init_rand_1
    libinit.o(.ARM.Collect$$libinit$$00000000) refers (Special) to libinit2.o(.ARM.Collect$$libinit$$00000031) for __rt_lib_init_return
    libinit.o(.ARM.Collect$$libinit$$00000000) refers (Special) to libinit2.o(.ARM.Collect$$libinit$$0000001B) for __rt_lib_init_signal_1
    libinit.o(.ARM.Collect$$libinit$$00000000) refers (Special) to libinit2.o(.ARM.Collect$$libinit$$00000023) for __rt_lib_init_stdio_1
    libinit.o(.ARM.Collect$$libinit$$00000000) refers (Special) to libinit2.o(.ARM.Collect$$libinit$$0000000A) for __rt_lib_init_user_alloc_1
    rtexit.o(.ARM.Collect$$rtexit$$00000000) refers (Special) to rtexit2.o(.ARM.Collect$$rtexit$$00000004) for __rt_exit_exit
    rtexit.o(.ARM.Collect$$rtexit$$00000000) refers (Special) to rtexit2.o(.ARM.Collect$$rtexit$$00000003) for __rt_exit_ls
    rtexit.o(.ARM.Collect$$rtexit$$00000000) refers (Special) to rtexit2.o(.ARM.Collect$$rtexit$$00000002) for __rt_exit_prels_1
    rtexit.o(.ARM.exidx) refers (Special) to rtexit2.o(.ARM.Collect$$rtexit$$00000004) for __rt_exit_exit
    rtexit.o(.ARM.exidx) refers (Special) to rtexit2.o(.ARM.Collect$$rtexit$$00000003) for __rt_exit_ls
    rtexit.o(.ARM.exidx) refers (Special) to rtexit2.o(.ARM.Collect$$rtexit$$00000002) for __rt_exit_prels_1
    rtexit.o(.ARM.exidx) refers to rtexit.o(.ARM.Collect$$rtexit$$00000000) for .ARM.Collect$$rtexit$$00000000
    libinit2.o(.ARM.Collect$$libinit$$0000000E) refers to libinit2.o(.ARM.Collect$$libinit$$0000000D) for .ARM.Collect$$libinit$$0000000D
    libinit2.o(.ARM.Collect$$libinit$$00000010) refers to libinit2.o(.ARM.Collect$$libinit$$0000000D) for .ARM.Collect$$libinit$$0000000D
    libinit2.o(.ARM.Collect$$libinit$$00000012) refers to libinit2.o(.ARM.Collect$$libinit$$0000000D) for .ARM.Collect$$libinit$$0000000D
    libinit2.o(.ARM.Collect$$libinit$$00000014) refers to libinit2.o(.ARM.Collect$$libinit$$0000000D) for .ARM.Collect$$libinit$$0000000D
    libinit2.o(.ARM.Collect$$libinit$$00000016) refers to libinit2.o(.ARM.Collect$$libinit$$0000000D) for .ARM.Collect$$libinit$$0000000D
    libinit2.o(.ARM.Collect$$libinit$$00000024) refers to argv_veneer.o(.emb_text) for __ARM_argv_veneer
    libinit2.o(.ARM.Collect$$libinit$$00000025) refers to argv_veneer.o(.emb_text) for __ARM_argv_veneer
    rtexit2.o(.ARM.Collect$$rtexit$$00000003) refers to libshutdown.o(.ARM.Collect$$libshutdown$$00000000) for __rt_lib_shutdown
    rtexit2.o(.ARM.Collect$$rtexit$$00000004) refers to retarget.o(.text) for _sys_exit
    rtexit2.o(.ARM.exidx) refers to rtexit2.o(.ARM.Collect$$rtexit$$00000001) for .ARM.Collect$$rtexit$$00000001
    rtexit2.o(.ARM.exidx) refers to rtexit2.o(.ARM.Collect$$rtexit$$00000003) for .ARM.Collect$$rtexit$$00000003
    rtexit2.o(.ARM.exidx) refers to rtexit2.o(.ARM.Collect$$rtexit$$00000004) for .ARM.Collect$$rtexit$$00000004
    argv_veneer.o(.emb_text) refers to no_argv.o(.text) for __ARM_get_argv
    _get_argv_nomalloc.o(.text) refers (Special) to hrguard.o(.text) for __heap_region$guard
    _get_argv_nomalloc.o(.text) refers to defsig_rtmem_outer.o(.text) for __rt_SIGRTMEM
    _get_argv_nomalloc.o(.text) refers to sys_command.o(.text) for _sys_command_string
    libshutdown.o(.ARM.Collect$$libshutdown$$00000000) refers (Special) to libshutdown2.o(.ARM.Collect$$libshutdown$$00000006) for __rt_lib_shutdown_fp_trap_1
    libshutdown.o(.ARM.Collect$$libshutdown$$00000000) refers (Special) to libshutdown2.o(.ARM.Collect$$libshutdown$$0000000E) for __rt_lib_shutdown_heap_1
    libshutdown.o(.ARM.Collect$$libshutdown$$00000000) refers (Special) to libshutdown2.o(.ARM.Collect$$libshutdown$$0000000F) for __rt_lib_shutdown_return
    libshutdown.o(.ARM.Collect$$libshutdown$$00000000) refers (Special) to libshutdown2.o(.ARM.Collect$$libshutdown$$00000009) for __rt_lib_shutdown_signal_1
    libshutdown.o(.ARM.Collect$$libshutdown$$00000000) refers (Special) to libshutdown2.o(.ARM.Collect$$libshutdown$$00000003) for __rt_lib_shutdown_stdio_1
    libshutdown.o(.ARM.Collect$$libshutdown$$00000000) refers (Special) to libshutdown2.o(.ARM.Collect$$libshutdown$$0000000B) for __rt_lib_shutdown_user_alloc_1
    sys_command.o(.text) refers (Special) to use_no_semi.o(.text) for __I$use$semihosting
    sys_command.o(.text) refers (Special) to indicate_semi.o(.text) for __semihosting_library_function
    defsig_rtmem_outer.o(.text) refers to defsig_rtmem_inner.o(.text) for __rt_SIGRTMEM_inner
    defsig_rtmem_outer.o(.text) refers to defsig_exit.o(.text) for __sig_exit
    defsig_rtmem_formal.o(.text) refers to rt_raise.o(.text) for __rt_raise
    rt_raise.o(.text) refers to __raise.o(.text) for __raise
    rt_raise.o(.text) refers to retarget.o(.text) for _sys_exit
    defsig_exit.o(.text) refers to retarget.o(.text) for _sys_exit
    defsig_rtmem_inner.o(.text) refers to defsig_general.o(.text) for __default_signal_display
    __raise.o(.text) refers to defsig.o(CL$$defsig) for __default_signal_handler
    defsig_general.o(.text) refers to retarget.o(.text) for _ttywrch
    defsig.o(CL$$defsig) refers to defsig_rtmem_inner.o(.text) for __rt_SIGRTMEM_inner
    defsig_abrt_inner.o(.text) refers to defsig_general.o(.text) for __default_signal_display
    defsig_fpe_inner.o(.text) refers to defsig_general.o(.text) for __default_signal_display
    defsig_rtred_inner.o(.text) refers to defsig_general.o(.text) for __default_signal_display
    defsig_stak_inner.o(.text) refers to defsig_general.o(.text) for __default_signal_display
    defsig_pvfn_inner.o(.text) refers to defsig_general.o(.text) for __default_signal_display
    defsig_cppl_inner.o(.text) refers to defsig_general.o(.text) for __default_signal_display
    defsig_segv_inner.o(.text) refers to defsig_general.o(.text) for __default_signal_display
    defsig_other.o(.text) refers to defsig_general.o(.text) for __default_signal_display


==============================================================================

Removing Unused input sections from the image.

    Removing system_lpc17xx.o(.rev16_text), (4 bytes).
    Removing system_lpc17xx.o(.revsh_text), (4 bytes).
    Removing uart_polling.o(.rev16_text), (4 bytes).
    Removing uart_polling.o(.revsh_text), (4 bytes).
    Removing lab1_main.o(.rev16_text), (4 bytes).
    Removing lab1_main.o(.revsh_text), (4 bytes).
    Removing rt_task.o(i.rt_tsk_pass), (44 bytes).
    Removing rt_task.o(i.rt_tsk_prio), (160 bytes).
    Removing rt_time.o(i.rt_itv_set), (28 bytes).
    Removing rt_time.o(i.rt_itv_wait), (60 bytes).
    Removing rt_time.o(i.rt_time_get), (12 bytes).
    Removing rt_membox.o(i._calloc_box), (40 bytes).
    Removing rt_user.o(i.rt_tsk_count_get), (60 bytes).
    Removing rt_system.o(.emb_text), (0 bytes).
    Removing rt_system.o(i.rt_psh_req), (36 bytes).
    Removing rt_system.o(i.rt_resume), (236 bytes).
    Removing rt_system.o(i.rt_suspend), (52 bytes).
    Removing rt_system.o(i.rt_tsk_lock), (116 bytes).
    Removing rt_system.o(i.rt_tsk_unlock), (128 bytes).
    Removing rt_list.o(i.rt_get_same_rdy_prio), (44 bytes).
    Removing rt_list.o(i.rt_psq_enq), (116 bytes).
    Removing rt_event.o(i.isr_evt_set), (40 bytes).
    Removing rt_event.o(i.rt_evt_clr), (32 bytes).
    Removing rt_event.o(i.rt_evt_get), (12 bytes).
    Removing rt_event.o(i.rt_evt_set), (108 bytes).
    Removing rt_event.o(i.rt_evt_wait), (116 bytes).
    Removing rt_mailbox.o(i.isr_mbx_receive), (96 bytes).
    Removing rt_mailbox.o(i.isr_mbx_send), (22 bytes).
    Removing rt_mailbox.o(i.rt_mbx_check), (12 bytes).
    Removing rt_mailbox.o(i.rt_mbx_init), (32 bytes).
    Removing rt_mailbox.o(i.rt_mbx_send), (200 bytes).
    Removing rt_mailbox.o(i.rt_mbx_wait), (220 bytes).
    Removing rt_semaphore.o(i.isr_sem_send), (20 bytes).
    Removing rt_semaphore.o(i.rt_sem_init), (16 bytes).
    Removing rt_semaphore.o(i.rt_sem_send), (64 bytes).
    Removing rt_semaphore.o(i.rt_sem_wait), (80 bytes).
    Removing rt_timer.o(i.rt_tmr_create), (100 bytes).
    Removing rt_timer.o(i.rt_tmr_kill), (60 bytes).

38 unused section(s) (total 2386 bytes) removed from the image.

==============================================================================

Image Symbol Table

    Local Symbols

    Symbol Name                              Value     Ov Type        Size  Object(Section)

    ../clib/angel/boardlib.s                 0x00000000   Number         0  boardshut.o ABSOLUTE
    ../clib/angel/boardlib.s                 0x00000000   Number         0  boardinit1.o ABSOLUTE
    ../clib/angel/boardlib.s                 0x00000000   Number         0  boardinit2.o ABSOLUTE
    ../clib/angel/boardlib.s                 0x00000000   Number         0  boardinit3.o ABSOLUTE
    ../clib/angel/handlers.s                 0x00000000   Number         0  __scatter_zi.o ABSOLUTE
    ../clib/angel/handlers.s                 0x00000000   Number         0  __scatter_copy.o ABSOLUTE
    ../clib/angel/kernel.s                   0x00000000   Number         0  rtentry.o ABSOLUTE
    ../clib/angel/kernel.s                   0x00000000   Number         0  rtentry2.o ABSOLUTE
    ../clib/angel/kernel.s                   0x00000000   Number         0  rtentry4.o ABSOLUTE
    ../clib/angel/kernel.s                   0x00000000   Number         0  rtexit.o ABSOLUTE
    ../clib/angel/kernel.s                   0x00000000   Number         0  rtexit2.o ABSOLUTE
    ../clib/angel/rt.s                       0x00000000   Number         0  rt_raise.o ABSOLUTE
    ../clib/angel/scatter.s                  0x00000000   Number         0  __scatter.o ABSOLUTE
    ../clib/angel/startup.s                  0x00000000   Number         0  __main.o ABSOLUTE
    ../clib/angel/sys.s                      0x00000000   Number         0  libspace.o ABSOLUTE
    ../clib/angel/sys.s                      0x00000000   Number         0  sys_stackheap_outer.o ABSOLUTE
    ../clib/angel/sys.s                      0x00000000   Number         0  use_no_semi.o ABSOLUTE
    ../clib/angel/sys.s                      0x00000000   Number         0  indicate_semi.o ABSOLUTE
    ../clib/angel/sysapp.c                   0x00000000   Number         0  sys_command.o ABSOLUTE
    ../clib/armsys.c                         0x00000000   Number         0  argv_veneer.o ABSOLUTE
    ../clib/armsys.c                         0x00000000   Number         0  _get_argv_nomalloc.o ABSOLUTE
    ../clib/armsys.c                         0x00000000   Number         0  no_argv.o ABSOLUTE
    ../clib/armsys.c                         0x00000000   Number         0  argv_veneer.o ABSOLUTE
    ../clib/heapalloc.c                      0x00000000   Number         0  hrguard.o ABSOLUTE
    ../clib/heapaux.c                        0x00000000   Number         0  heapauxi.o ABSOLUTE
    ../clib/libinit.s                        0x00000000   Number         0  libshutdown.o ABSOLUTE
    ../clib/libinit.s                        0x00000000   Number         0  libinit2.o ABSOLUTE
    ../clib/libinit.s                        0x00000000   Number         0  libinit.o ABSOLUTE
    ../clib/libinit.s                        0x00000000   Number         0  libshutdown2.o ABSOLUTE
    ../clib/printf.c                         0x00000000   Number         0  _printf_dec.o ABSOLUTE
    ../clib/printf.c                         0x00000000   Number         0  _printf_char_file.o ABSOLUTE
    ../clib/printf.c                         0x00000000   Number         0  __2printf.o ABSOLUTE
    ../clib/printf.c                         0x00000000   Number         0  noretval__2printf.o ABSOLUTE
    ../clib/printf.c                         0x00000000   Number         0  __printf.o ABSOLUTE
    ../clib/printf.c                         0x00000000   Number         0  __printf_flags_ss_wp.o ABSOLUTE
    ../clib/printf.c                         0x00000000   Number         0  _printf_str.o ABSOLUTE
    ../clib/printf.c                         0x00000000   Number         0  __printf_ss_wp.o ABSOLUTE
    ../clib/printf.c                         0x00000000   Number         0  __printf_flags_wp.o ABSOLUTE
    ../clib/printf.c                         0x00000000   Number         0  __printf_flags.o ABSOLUTE
    ../clib/printf.c                         0x00000000   Number         0  __printf_ss.o ABSOLUTE
    ../clib/printf.c                         0x00000000   Number         0  __printf_flags_ss.o ABSOLUTE
    ../clib/printf.c                         0x00000000   Number         0  _printf_char.o ABSOLUTE
    ../clib/printf.c                         0x00000000   Number         0  __printf_nopercent.o ABSOLUTE
    ../clib/printf.c                         0x00000000   Number         0  _printf_char_common.o ABSOLUTE
    ../clib/printf.c                         0x00000000   Number         0  _printf_intcommon.o ABSOLUTE
    ../clib/printf.c                         0x00000000   Number         0  __printf_wp.o ABSOLUTE
    ../clib/printf_percent.s                 0x00000000   Number         0  _printf_percent_end.o ABSOLUTE
    ../clib/printf_percent.s                 0x00000000   Number         0  _printf_d.o ABSOLUTE
    ../clib/printf_percent.s                 0x00000000   Number         0  _printf_percent.o ABSOLUTE
    ../clib/printf_percent.s                 0x00000000   Number         0  _printf_s.o ABSOLUTE
    ../clib/signal.c                         0x00000000   Number         0  defsig_abrt_inner.o ABSOLUTE
    ../clib/signal.c                         0x00000000   Number         0  defsig_stak_inner.o ABSOLUTE
    ../clib/signal.c                         0x00000000   Number         0  defsig_general.o ABSOLUTE
    ../clib/signal.c                         0x00000000   Number         0  __raise.o ABSOLUTE
    ../clib/signal.c                         0x00000000   Number         0  defsig_segv_inner.o ABSOLUTE
    ../clib/signal.c                         0x00000000   Number         0  defsig_rtmem_inner.o ABSOLUTE
    ../clib/signal.c                         0x00000000   Number         0  defsig_exit.o ABSOLUTE
    ../clib/signal.c                         0x00000000   Number         0  defsig_other.o ABSOLUTE
    ../clib/signal.c                         0x00000000   Number         0  defsig_cppl_inner.o ABSOLUTE
    ../clib/signal.c                         0x00000000   Number         0  defsig_rtmem_formal.o ABSOLUTE
    ../clib/signal.c                         0x00000000   Number         0  defsig_rtmem_outer.o ABSOLUTE
    ../clib/signal.c                         0x00000000   Number         0  defsig_rtred_inner.o ABSOLUTE
    ../clib/signal.c                         0x00000000   Number         0  defsig_fpe_inner.o ABSOLUTE
    ../clib/signal.c                         0x00000000   Number         0  defsig_pvfn_inner.o ABSOLUTE
    ../clib/signal.s                         0x00000000   Number         0  defsig.o ABSOLUTE
    ../clib/stdlib.c                         0x00000000   Number         0  exit.o ABSOLUTE
    ../clib/string.c                         0x00000000   Number         0  strcpy.o ABSOLUTE
    ../fplib/ddiv.s                          0x00000000   Number         0  ddiv.o ABSOLUTE
    ../fplib/dfixu.s                         0x00000000   Number         0  dfixu.o ABSOLUTE
    ../fplib/dflt.s                          0x00000000   Number         0  dflt_clz.o ABSOLUTE
    ../fplib/dmul.s                          0x00000000   Number         0  dmul.o ABSOLUTE
    ../fplib/dnaninf.s                       0x00000000   Number         0  dnaninf.o ABSOLUTE
    ../fplib/dretinf.s                       0x00000000   Number         0  dretinf.o ABSOLUTE
    ../fplib/fpinit.s                        0x00000000   Number         0  fpinit.o ABSOLUTE
    ../fplib/usenofp.s                       0x00000000   Number         0  usenofp.o ABSOLUTE
    ..\Startup\RTX_Conf_CM.c                 0x00000000   Number         0  rtx_conf_cm.o ABSOLUTE
    ..\Startup\Retarget.c                    0x00000000   Number         0  retarget.o ABSOLUTE
    SRC\CM\HAL_CM3.c                         0x00000000   Number         0  hal_cm3.o ABSOLUTE
    SRC\CM\SVC_Table.s                       0x00000000   Number         0  SVC_Table.o ABSOLUTE
    SRC\CM\rt_Event.c                        0x00000000   Number         0  rt_event.o ABSOLUTE
    SRC\CM\rt_List.c                         0x00000000   Number         0  rt_list.o ABSOLUTE
    SRC\CM\rt_Mailbox.c                      0x00000000   Number         0  rt_mailbox.o ABSOLUTE
    SRC\CM\rt_MemBox.c                       0x00000000   Number         0  rt_membox.o ABSOLUTE
    SRC\CM\rt_Mutex.c                        0x00000000   Number         0  rt_mutex.o ABSOLUTE
    SRC\CM\rt_Robin.c                        0x00000000   Number         0  rt_robin.o ABSOLUTE
    SRC\CM\rt_Semaphore.c                    0x00000000   Number         0  rt_semaphore.o ABSOLUTE
    SRC\CM\rt_System.c                       0x00000000   Number         0  rt_system.o ABSOLUTE
    SRC\CM\rt_Task.c                         0x00000000   Number         0  rt_task.o ABSOLUTE
    SRC\CM\rt_Time.c                         0x00000000   Number         0  rt_time.o ABSOLUTE
    SRC\CM\rt_Timer.c                        0x00000000   Number         0  rt_timer.o ABSOLUTE
    SRC\CM\rt_user.c                         0x00000000   Number         0  rt_user.o ABSOLUTE
    SRC\\CM\\HAL_CM3.c                       0x00000000   Number         0  hal_cm3.o ABSOLUTE
    SRC\\CM\\rt_System.c                     0x00000000   Number         0  rt_system.o ABSOLUTE
    dc.s                                     0x00000000   Number         0  dc.o ABSOLUTE
    src\\lab1_main.c                         0x00000000   Number         0  lab1_main.o ABSOLUTE
    src\\system_LPC17xx.c                    0x00000000   Number         0  system_lpc17xx.o ABSOLUTE
    src\\uart_polling.c                      0x00000000   Number         0  uart_polling.o ABSOLUTE
    src\lab1_main.c                          0x00000000   Number         0  lab1_main.o ABSOLUTE
    src\startup_LPC17xx.s                    0x00000000   Number         0  startup_lpc17xx.o ABSOLUTE
    src\system_LPC17xx.c                     0x00000000   Number         0  system_lpc17xx.o ABSOLUTE
    src\uart_polling.c                       0x00000000   Number         0  uart_polling.o ABSOLUTE
    .ARM.__at_0x02FC                         0x000002fc   Section        4  startup_lpc17xx.o(.ARM.__at_0x02FC)
    RESET                                    0x10000000   Section      204  startup_lpc17xx.o(RESET)
    !!!main                                  0x100000cc   Section        8  __main.o(!!!main)
    !!!scatter                               0x100000d4   Section       52  __scatter.o(!!!scatter)
    !!handler_copy                           0x10000108   Section       26  __scatter_copy.o(!!handler_copy)
    !!handler_zi                             0x10000124   Section       28  __scatter_zi.o(!!handler_zi)
    .ARM.Collect$$_printf_percent$$00000000  0x10000140   Section        0  _printf_percent.o(.ARM.Collect$$_printf_percent$$00000000)
    .ARM.Collect$$_printf_percent$$00000009  0x10000140   Section        6  _printf_d.o(.ARM.Collect$$_printf_percent$$00000009)
    .ARM.Collect$$_printf_percent$$00000014  0x10000146   Section        6  _printf_s.o(.ARM.Collect$$_printf_percent$$00000014)
    .ARM.Collect$$_printf_percent$$00000017  0x1000014c   Section        4  _printf_percent_end.o(.ARM.Collect$$_printf_percent$$00000017)
    .ARM.Collect$$libinit$$00000000          0x10000150   Section        2  libinit.o(.ARM.Collect$$libinit$$00000000)
    .ARM.Collect$$libinit$$00000002          0x10000152   Section        0  libinit2.o(.ARM.Collect$$libinit$$00000002)
    .ARM.Collect$$libinit$$00000008          0x10000152   Section        0  libinit2.o(.ARM.Collect$$libinit$$00000008)
    .ARM.Collect$$libinit$$0000000A          0x10000152   Section        0  libinit2.o(.ARM.Collect$$libinit$$0000000A)
    .ARM.Collect$$libinit$$0000000C          0x10000152   Section        0  libinit2.o(.ARM.Collect$$libinit$$0000000C)
    .ARM.Collect$$libinit$$0000000F          0x10000152   Section        0  libinit2.o(.ARM.Collect$$libinit$$0000000F)
    .ARM.Collect$$libinit$$00000011          0x10000152   Section        0  libinit2.o(.ARM.Collect$$libinit$$00000011)
    .ARM.Collect$$libinit$$00000013          0x10000152   Section        0  libinit2.o(.ARM.Collect$$libinit$$00000013)
    .ARM.Collect$$libinit$$00000015          0x10000152   Section        0  libinit2.o(.ARM.Collect$$libinit$$00000015)
    .ARM.Collect$$libinit$$00000017          0x10000152   Section        0  libinit2.o(.ARM.Collect$$libinit$$00000017)
    .ARM.Collect$$libinit$$00000019          0x10000152   Section        0  libinit2.o(.ARM.Collect$$libinit$$00000019)
    .ARM.Collect$$libinit$$0000001B          0x10000152   Section        0  libinit2.o(.ARM.Collect$$libinit$$0000001B)
    .ARM.Collect$$libinit$$0000001D          0x10000152   Section        0  libinit2.o(.ARM.Collect$$libinit$$0000001D)
    .ARM.Collect$$libinit$$0000001F          0x10000152   Section        0  libinit2.o(.ARM.Collect$$libinit$$0000001F)
    .ARM.Collect$$libinit$$00000021          0x10000152   Section        0  libinit2.o(.ARM.Collect$$libinit$$00000021)
    .ARM.Collect$$libinit$$00000023          0x10000152   Section        0  libinit2.o(.ARM.Collect$$libinit$$00000023)
    .ARM.Collect$$libinit$$0000002A          0x10000152   Section        0  libinit2.o(.ARM.Collect$$libinit$$0000002A)
    .ARM.Collect$$libinit$$0000002C          0x10000152   Section        0  libinit2.o(.ARM.Collect$$libinit$$0000002C)
    .ARM.Collect$$libinit$$0000002E          0x10000152   Section        0  libinit2.o(.ARM.Collect$$libinit$$0000002E)
    .ARM.Collect$$libinit$$00000030          0x10000152   Section        0  libinit2.o(.ARM.Collect$$libinit$$00000030)
    .ARM.Collect$$libinit$$00000031          0x10000152   Section        2  libinit2.o(.ARM.Collect$$libinit$$00000031)
    .ARM.Collect$$libshutdown$$00000000      0x10000154   Section        2  libshutdown.o(.ARM.Collect$$libshutdown$$00000000)
    .ARM.Collect$$libshutdown$$00000003      0x10000156   Section        0  libshutdown2.o(.ARM.Collect$$libshutdown$$00000003)
    .ARM.Collect$$libshutdown$$00000006      0x10000156   Section        0  libshutdown2.o(.ARM.Collect$$libshutdown$$00000006)
    .ARM.Collect$$libshutdown$$00000009      0x10000156   Section        0  libshutdown2.o(.ARM.Collect$$libshutdown$$00000009)
    .ARM.Collect$$libshutdown$$0000000B      0x10000156   Section        0  libshutdown2.o(.ARM.Collect$$libshutdown$$0000000B)
    .ARM.Collect$$libshutdown$$0000000E      0x10000156   Section        0  libshutdown2.o(.ARM.Collect$$libshutdown$$0000000E)
    .ARM.Collect$$libshutdown$$0000000F      0x10000156   Section        2  libshutdown2.o(.ARM.Collect$$libshutdown$$0000000F)
    .ARM.Collect$$rtentry$$00000000          0x10000158   Section        0  rtentry.o(.ARM.Collect$$rtentry$$00000000)
    .ARM.Collect$$rtentry$$00000002          0x10000158   Section        0  rtentry2.o(.ARM.Collect$$rtentry$$00000002)
    .ARM.Collect$$rtentry$$00000004          0x10000158   Section        6  rtentry4.o(.ARM.Collect$$rtentry$$00000004)
    .ARM.Collect$$rtentry$$00000009          0x1000015e   Section        0  rtentry2.o(.ARM.Collect$$rtentry$$00000009)
    .ARM.Collect$$rtentry$$0000000A          0x1000015e   Section        4  rtentry2.o(.ARM.Collect$$rtentry$$0000000A)
    .ARM.Collect$$rtentry$$0000000C          0x10000162   Section        0  rtentry2.o(.ARM.Collect$$rtentry$$0000000C)
    .ARM.Collect$$rtentry$$0000000D          0x10000162   Section        8  rtentry2.o(.ARM.Collect$$rtentry$$0000000D)
    .ARM.Collect$$rtexit$$00000000           0x1000016a   Section        2  rtexit.o(.ARM.Collect$$rtexit$$00000000)
    .ARM.Collect$$rtexit$$00000002           0x1000016c   Section        0  rtexit2.o(.ARM.Collect$$rtexit$$00000002)
    .ARM.Collect$$rtexit$$00000003           0x1000016c   Section        4  rtexit2.o(.ARM.Collect$$rtexit$$00000003)
    .ARM.Collect$$rtexit$$00000004           0x10000170   Section        6  rtexit2.o(.ARM.Collect$$rtexit$$00000004)
    .emb_text                                0x10000178   Section      340  hal_cm3.o(.emb_text)
    .text                                    0x100002cc   Section       52  startup_lpc17xx.o(.text)
    .text                                    0x10000300   Section        0  system_lpc17xx.o(.text)
    .text                                    0x1000051c   Section        0  uart_polling.o(.text)
    .text                                    0x100005f8   Section        0  retarget.o(.text)
    .text                                    0x10000650   Section        0  rtx_conf_cm.o(.text)
    __tagsym$$used                           0x1000069b   Number         0  rtx_conf_cm.o(.text)
    __tagsym$$used                           0x100006b5   Number         0  rtx_conf_cm.o(.text)
    .text                                    0x100006e4   Section        0  lab1_main.o(.text)
    .text                                    0x10000d00   Section        8  libspace.o(.text)
    .text                                    0x10000d08   Section        2  use_no_semi.o(.text)
    .text                                    0x10000d0c   Section        0  noretval__2printf.o(.text)
    .text                                    0x10000d24   Section        0  __printf.o(.text)
    .text                                    0x10000d8e   Section        0  _printf_str.o(.text)
    .text                                    0x10000de0   Section        0  _printf_dec.o(.text)
    .text                                    0x10000e58   Section        0  strcpy.o(.text)
    .text                                    0x10000ea0   Section        0  heapauxi.o(.text)
    .text                                    0x10000ea6   Section        0  _printf_intcommon.o(.text)
    .text                                    0x10000f5e   Section        0  _printf_char.o(.text)
    .text                                    0x10000f8c   Section        0  _printf_char_file.o(.text)
    .text                                    0x10000fb0   Section        0  _printf_char_common.o(.text)
    _printf_input_char                       0x10000fb1   Thumb Code    10  _printf_char_common.o(.text)
    .text                                    0x10000fe0   Section       74  sys_stackheap_outer.o(.text)
    .text                                    0x1000102a   Section        0  exit.o(.text)
    SVC_TABLE                                0x10001038   Section        4  SVC_Table.o(SVC_TABLE)
    i._init_box                              0x1000103c   Section        0  rt_membox.o(i._init_box)
    i.dbg_init                               0x10001094   Section        0  hal_cm3.o(i.dbg_init)
    i.dbg_task_notify                        0x100010c8   Section        0  hal_cm3.o(i.dbg_task_notify)
    i.dbg_task_switch                        0x100010f8   Section        0  hal_cm3.o(i.dbg_task_switch)
    i.os_tick_init                           0x10001110   Section        0  rt_system.o(i.os_tick_init)
    i.os_tick_irqack                         0x10001140   Section        0  rt_system.o(i.os_tick_irqack)
    i.rt_alloc_box                           0x10001142   Section        0  rt_membox.o(i.rt_alloc_box)
    i.rt_block                               0x10001160   Section        0  rt_task.o(i.rt_block)
    i.rt_chk_robin                           0x10001198   Section        0  rt_robin.o(i.rt_chk_robin)
    i.rt_dec_dly                             0x100011f0   Section        0  rt_list.o(i.rt_dec_dly)
    i.rt_dispatch                            0x10001284   Section        0  rt_task.o(i.rt_dispatch)
    i.rt_dly_wait                            0x100012d4   Section        0  rt_time.o(i.rt_dly_wait)
    i.rt_evt_psh                             0x100012e4   Section        0  rt_event.o(i.rt_evt_psh)
    i.rt_free_box                            0x1000133c   Section        0  rt_membox.o(i.rt_free_box)
    i.rt_get_TID                             0x10001360   Section        0  rt_task.o(i.rt_get_TID)
    rt_get_TID                               0x10001361   Thumb Code    32  rt_task.o(i.rt_get_TID)
    i.rt_get_first                           0x10001388   Section        0  rt_list.o(i.rt_get_first)
    i.rt_init_context                        0x100013bc   Section        0  rt_task.o(i.rt_init_context)
    rt_init_context                          0x100013bd   Thumb Code    66  rt_task.o(i.rt_init_context)
    i.rt_init_robin                          0x10001404   Section        0  rt_robin.o(i.rt_init_robin)
    i.rt_init_stack                          0x1000141c   Section        0  hal_cm3.o(i.rt_init_stack)
    i.rt_mbx_psh                             0x10001470   Section        0  rt_mailbox.o(i.rt_mbx_psh)
    i.rt_mem_alloc                           0x10001544   Section        0  rt_user.o(i.rt_mem_alloc)
    i.rt_mem_free                            0x10001584   Section        0  rt_user.o(i.rt_mem_free)
    i.rt_mut_init                            0x100015cc   Section        0  rt_mutex.o(i.rt_mut_init)
    i.rt_mut_release                         0x100015e0   Section        0  rt_mutex.o(i.rt_mut_release)
    i.rt_mut_wait                            0x100016b8   Section        0  rt_mutex.o(i.rt_mut_wait)
    i.rt_pop_req                             0x10001740   Section        0  rt_system.o(i.rt_pop_req)
    i.rt_put_dly                             0x100017e4   Section        0  rt_list.o(i.rt_put_dly)
    i.rt_put_prio                            0x10001840   Section        0  rt_list.o(i.rt_put_prio)
    i.rt_put_rdy_first                       0x10001880   Section        0  rt_list.o(i.rt_put_rdy_first)
    i.rt_resort_prio                         0x10001894   Section        0  rt_list.o(i.rt_resort_prio)
    i.rt_rmv_dly                             0x100018c8   Section        0  rt_list.o(i.rt_rmv_dly)
    i.rt_rmv_list                            0x100018f0   Section        0  rt_list.o(i.rt_rmv_list)
    i.rt_sem_psh                             0x10001924   Section        0  rt_semaphore.o(i.rt_sem_psh)
    i.rt_stk_check                           0x1000195c   Section        0  rt_system.o(i.rt_stk_check)
    i.rt_switch_req                          0x1000198c   Section        0  rt_task.o(i.rt_switch_req)
    i.rt_sys_init                            0x100019bc   Section        0  rt_task.o(i.rt_sys_init)
    i.rt_systick                             0x10001b44   Section        0  rt_system.o(i.rt_systick)
    i.rt_tmr_tick                            0x10001b88   Section        0  rt_timer.o(i.rt_tmr_tick)
    i.rt_tsk_create                          0x10001bd4   Section        0  rt_task.o(i.rt_tsk_create)
    i.rt_tsk_delete                          0x10001c50   Section        0  rt_task.o(i.rt_tsk_delete)
    i.rt_tsk_get                             0x10001d34   Section        0  rt_user.o(i.rt_tsk_get)
    i.rt_tsk_self                            0x10001df8   Section        0  rt_task.o(i.rt_tsk_self)
    x$fpl$ddiv                               0x10001e10   Section      688  ddiv.o(x$fpl$ddiv)
    ddiv_entry                               0x10001e17   Thumb Code     0  ddiv.o(x$fpl$ddiv)
    x$fpl$dfixu                              0x100020c0   Section       90  dfixu.o(x$fpl$dfixu)
    x$fpl$dfltu                              0x1000211a   Section       38  dflt_clz.o(x$fpl$dfltu)
    x$fpl$dmul                               0x10002140   Section      340  dmul.o(x$fpl$dmul)
    x$fpl$dnaninf                            0x10002294   Section      156  dnaninf.o(x$fpl$dnaninf)
    x$fpl$dretinf                            0x10002330   Section       12  dretinf.o(x$fpl$dretinf)
    .constdata                               0x1000233c   Section       40  rtx_conf_cm.o(.constdata)
    x$fpl$usenofp                            0x1000233c   Section        0  usenofp.o(x$fpl$usenofp)
    __tagsym$$used                           0x10002350   Number         0  rtx_conf_cm.o(.constdata)
    __tagsym$$used                           0x10002354   Number         0  rtx_conf_cm.o(.constdata)
    .data                                    0x10004000   Section        4  system_lpc17xx.o(.data)
    .data                                    0x10004004   Section        8  retarget.o(.data)
    .data                                    0x1000400c   Section        8  rtx_conf_cm.o(.data)
    nr_mutex                                 0x10004010   Data           4  rtx_conf_cm.o(.data)
    .data                                    0x10004014   Section      152  lab1_main.o(.data)
    .data                                    0x100040ac   Section        8  rt_task.o(.data)
    .data                                    0x100040b4   Section        4  rt_time.o(.data)
    .data                                    0x100040b8   Section       24  rt_user.o(.data)
    .data                                    0x100040d0   Section        1  hal_cm3.o(.data)
    .data                                    0x100040d4   Section        7  rt_system.o(.data)
    os_lock                                  0x100040d8   Data           1  rt_system.o(.data)
    os_psh_flag                              0x100040d9   Data           1  rt_system.o(.data)
    pend_flags                               0x100040da   Data           1  rt_system.o(.data)
    .data                                    0x100040dc   Section        8  rt_robin.o(.data)
    .data                                    0x100040e4   Section        8  rt_timer.o(.data)
    .bss                                     0x100040f0   Section     4732  rtx_conf_cm.o(.bss)
    std_libspace                             0x100050cc   Data         576  rtx_conf_cm.o(.bss)
    std_libmutex                             0x1000530c   Data          96  rtx_conf_cm.o(.bss)
    .bss                                     0x1000536c   Section       72  lab1_main.o(.bss)
    .bss                                     0x100053b4   Section       48  rt_task.o(.bss)
    .bss                                     0x100053e4   Section       48  rt_list.o(.bss)
    .bss                                     0x10005414   Section       96  libspace.o(.bss)
    HEAP                                     0x10005478   Section        0  startup_lpc17xx.o(HEAP)
    STACK                                    0x10005478   Section      512  startup_lpc17xx.o(STACK)
    Heap_Mem                                 0x10005478   Data           0  startup_lpc17xx.o(HEAP)
    Stack_Mem                                0x10005478   Data         512  startup_lpc17xx.o(STACK)
    __initial_sp                             0x10005678   Data           0  startup_lpc17xx.o(STACK)

    Global Symbols

    Symbol Name                              Value     Ov Type        Size  Object(Section)

    BuildAttributes$$THM_ISAv4$P$D$K$B$S$PE$A:L22UL41UL21$X:L11$S22US41US21$IEEE1$IW$USESV6$~STKCKD$USESV7$~SHL$OSPACE$ROPI$EBA8$UX$STANDARDLIB$REQ8$PRES8$EABIv2 0x00000000   Number         0  anon$$obj.o ABSOLUTE
    __ARM_use_no_argv                        0x00000000   Number         0  lab1_main.o ABSOLUTE
    __ARM_exceptions_init                     - Undefined Weak Reference
    __alloca_initialize                       - Undefined Weak Reference
    __cpp_initialize__aeabi_                  - Undefined Weak Reference
    __cxa_finalize                            - Undefined Weak Reference
    __rt_locale                               - Undefined Weak Reference
    __sigvec_lookup                           - Undefined Weak Reference
    _atexit_init                              - Undefined Weak Reference
    _call_atexit_fns                          - Undefined Weak Reference
    _clock_init                               - Undefined Weak Reference
    _fp_trap_init                             - Undefined Weak Reference
    _fp_trap_shutdown                         - Undefined Weak Reference
    _get_lc_collate                           - Undefined Weak Reference
    _get_lc_ctype                             - Undefined Weak Reference
    _get_lc_monetary                          - Undefined Weak Reference
    _get_lc_numeric                           - Undefined Weak Reference
    _get_lc_time                              - Undefined Weak Reference
    _getenv_init                              - Undefined Weak Reference
    _handle_redirection                       - Undefined Weak Reference
    _init_alloc                               - Undefined Weak Reference
    _init_user_alloc                          - Undefined Weak Reference
    _initio                                   - Undefined Weak Reference
    _printf_mbtowc                            - Undefined Weak Reference
    _printf_post_padding                      - Undefined Weak Reference
    _printf_pre_padding                       - Undefined Weak Reference
    _printf_truncate_signed                   - Undefined Weak Reference
    _printf_truncate_unsigned                 - Undefined Weak Reference
    _rand_init                                - Undefined Weak Reference
    _signal_finish                            - Undefined Weak Reference
    _signal_init                              - Undefined Weak Reference
    _terminate_alloc                          - Undefined Weak Reference
    _terminate_user_alloc                     - Undefined Weak Reference
    _terminateio                              - Undefined Weak Reference
    __RL_RTX_VER                             0x00000460   Number         0  rt_system.o ABSOLUTE
    __Vectors                                0x10000000   Data           4  startup_lpc17xx.o(RESET)
    __main                                   0x100000cd   Thumb Code     8  __main.o(!!!main)
    __scatterload                            0x100000d5   Thumb Code     0  __scatter.o(!!!scatter)
    __scatterload_rt2                        0x100000d5   Thumb Code    44  __scatter.o(!!!scatter)
    __scatterload_rt2_thumb_only             0x100000d5   Thumb Code     0  __scatter.o(!!!scatter)
    __scatterload_null                       0x100000e3   Thumb Code     0  __scatter.o(!!!scatter)
    __scatterload_copy                       0x10000109   Thumb Code    26  __scatter_copy.o(!!handler_copy)
    __scatterload_zeroinit                   0x10000125   Thumb Code    28  __scatter_zi.o(!!handler_zi)
    _printf_d                                0x10000141   Thumb Code     0  _printf_d.o(.ARM.Collect$$_printf_percent$$00000009)
    _printf_percent                          0x10000141   Thumb Code     0  _printf_percent.o(.ARM.Collect$$_printf_percent$$00000000)
    _printf_s                                0x10000147   Thumb Code     0  _printf_s.o(.ARM.Collect$$_printf_percent$$00000014)
    _printf_percent_end                      0x1000014d   Thumb Code     0  _printf_percent_end.o(.ARM.Collect$$_printf_percent$$00000017)
    __rt_lib_init                            0x10000151   Thumb Code     0  libinit.o(.ARM.Collect$$libinit$$00000000)
    __rt_lib_init_alloca_1                   0x10000153   Thumb Code     0  libinit2.o(.ARM.Collect$$libinit$$0000002C)
    __rt_lib_init_argv_1                     0x10000153   Thumb Code     0  libinit2.o(.ARM.Collect$$libinit$$0000002A)
    __rt_lib_init_atexit_1                   0x10000153   Thumb Code     0  libinit2.o(.ARM.Collect$$libinit$$00000019)
    __rt_lib_init_clock_1                    0x10000153   Thumb Code     0  libinit2.o(.ARM.Collect$$libinit$$0000001F)
    __rt_lib_init_cpp_1                      0x10000153   Thumb Code     0  libinit2.o(.ARM.Collect$$libinit$$00000030)
    __rt_lib_init_exceptions_1               0x10000153   Thumb Code     0  libinit2.o(.ARM.Collect$$libinit$$0000002E)
    __rt_lib_init_fp_1                       0x10000153   Thumb Code     0  libinit2.o(.ARM.Collect$$libinit$$00000002)
    __rt_lib_init_fp_trap_1                  0x10000153   Thumb Code     0  libinit2.o(.ARM.Collect$$libinit$$0000001D)
    __rt_lib_init_getenv_1                   0x10000153   Thumb Code     0  libinit2.o(.ARM.Collect$$libinit$$00000021)
    __rt_lib_init_heap_1                     0x10000153   Thumb Code     0  libinit2.o(.ARM.Collect$$libinit$$00000008)
    __rt_lib_init_lc_collate_1               0x10000153   Thumb Code     0  libinit2.o(.ARM.Collect$$libinit$$0000000F)
    __rt_lib_init_lc_ctype_1                 0x10000153   Thumb Code     0  libinit2.o(.ARM.Collect$$libinit$$00000011)
    __rt_lib_init_lc_monetary_1              0x10000153   Thumb Code     0  libinit2.o(.ARM.Collect$$libinit$$00000013)
    __rt_lib_init_lc_numeric_1               0x10000153   Thumb Code     0  libinit2.o(.ARM.Collect$$libinit$$00000015)
    __rt_lib_init_lc_time_1                  0x10000153   Thumb Code     0  libinit2.o(.ARM.Collect$$libinit$$00000017)
    __rt_lib_init_rand_1                     0x10000153   Thumb Code     0  libinit2.o(.ARM.Collect$$libinit$$0000000C)
    __rt_lib_init_return                     0x10000153   Thumb Code     0  libinit2.o(.ARM.Collect$$libinit$$00000031)
    __rt_lib_init_signal_1                   0x10000153   Thumb Code     0  libinit2.o(.ARM.Collect$$libinit$$0000001B)
    __rt_lib_init_stdio_1                    0x10000153   Thumb Code     0  libinit2.o(.ARM.Collect$$libinit$$00000023)
    __rt_lib_init_user_alloc_1               0x10000153   Thumb Code     0  libinit2.o(.ARM.Collect$$libinit$$0000000A)
    __rt_lib_shutdown                        0x10000155   Thumb Code     0  libshutdown.o(.ARM.Collect$$libshutdown$$00000000)
    __rt_lib_shutdown_fp_trap_1              0x10000157   Thumb Code     0  libshutdown2.o(.ARM.Collect$$libshutdown$$00000006)
    __rt_lib_shutdown_heap_1                 0x10000157   Thumb Code     0  libshutdown2.o(.ARM.Collect$$libshutdown$$0000000E)
    __rt_lib_shutdown_return                 0x10000157   Thumb Code     0  libshutdown2.o(.ARM.Collect$$libshutdown$$0000000F)
    __rt_lib_shutdown_signal_1               0x10000157   Thumb Code     0  libshutdown2.o(.ARM.Collect$$libshutdown$$00000009)
    __rt_lib_shutdown_stdio_1                0x10000157   Thumb Code     0  libshutdown2.o(.ARM.Collect$$libshutdown$$00000003)
    __rt_lib_shutdown_user_alloc_1           0x10000157   Thumb Code     0  libshutdown2.o(.ARM.Collect$$libshutdown$$0000000B)
    __rt_entry                               0x10000159   Thumb Code     0  rtentry.o(.ARM.Collect$$rtentry$$00000000)
    __rt_entry_presh_1                       0x10000159   Thumb Code     0  rtentry2.o(.ARM.Collect$$rtentry$$00000002)
    __rt_entry_sh                            0x10000159   Thumb Code     0  rtentry4.o(.ARM.Collect$$rtentry$$00000004)
    __rt_entry_li                            0x1000015f   Thumb Code     0  rtentry2.o(.ARM.Collect$$rtentry$$0000000A)
    __rt_entry_postsh_1                      0x1000015f   Thumb Code     0  rtentry2.o(.ARM.Collect$$rtentry$$00000009)
    __rt_entry_main                          0x10000163   Thumb Code     0  rtentry2.o(.ARM.Collect$$rtentry$$0000000D)
    __rt_entry_postli_1                      0x10000163   Thumb Code     0  rtentry2.o(.ARM.Collect$$rtentry$$0000000C)
    __rt_exit                                0x1000016b   Thumb Code     0  rtexit.o(.ARM.Collect$$rtexit$$00000000)
    __rt_exit_ls                             0x1000016d   Thumb Code     0  rtexit2.o(.ARM.Collect$$rtexit$$00000003)
    __rt_exit_prels_1                        0x1000016d   Thumb Code     0  rtexit2.o(.ARM.Collect$$rtexit$$00000002)
    __rt_exit_exit                           0x10000171   Thumb Code     0  rtexit2.o(.ARM.Collect$$rtexit$$00000004)
    rt_set_PSP                               0x10000179   Thumb Code     6  hal_cm3.o(.emb_text)
    rt_get_PSP                               0x1000017f   Thumb Code     6  hal_cm3.o(.emb_text)
    os_set_env                               0x10000185   Thumb Code    24  hal_cm3.o(.emb_text)
    _alloc_box                               0x100001a1   Thumb Code    28  hal_cm3.o(.emb_text)
    _free_box                                0x100001c1   Thumb Code    28  hal_cm3.o(.emb_text)
    SVC_Handler                              0x100001e1   Thumb Code   124  hal_cm3.o(.emb_text)
    PendSV_Handler                           0x10000269   Thumb Code    76  hal_cm3.o(.emb_text)
    SysTick_Handler                          0x100002b9   Thumb Code     8  hal_cm3.o(.emb_text)
    OS_Tick_Handler                          0x100002c1   Thumb Code    12  hal_cm3.o(.emb_text)
    Reset_Handler                            0x100002cd   Thumb Code     4  startup_lpc17xx.o(.text)
    NMI_Handler                              0x100002d1   Thumb Code     2  startup_lpc17xx.o(.text)
    HardFault_Handler                        0x100002d3   Thumb Code     2  startup_lpc17xx.o(.text)
    MemManage_Handler                        0x100002d5   Thumb Code     2  startup_lpc17xx.o(.text)
    BusFault_Handler                         0x100002d7   Thumb Code     2  startup_lpc17xx.o(.text)
    UsageFault_Handler                       0x100002d9   Thumb Code     2  startup_lpc17xx.o(.text)
    DebugMon_Handler                         0x100002dd   Thumb Code     2  startup_lpc17xx.o(.text)
    ADC_IRQHandler                           0x100002e3   Thumb Code     0  startup_lpc17xx.o(.text)
    BOD_IRQHandler                           0x100002e3   Thumb Code     0  startup_lpc17xx.o(.text)
    CANActivity_IRQHandler                   0x100002e3   Thumb Code     0  startup_lpc17xx.o(.text)
    CAN_IRQHandler                           0x100002e3   Thumb Code     0  startup_lpc17xx.o(.text)
    DMA_IRQHandler                           0x100002e3   Thumb Code     0  startup_lpc17xx.o(.text)
    EINT0_IRQHandler                         0x100002e3   Thumb Code     0  startup_lpc17xx.o(.text)
    EINT1_IRQHandler                         0x100002e3   Thumb Code     0  startup_lpc17xx.o(.text)
    EINT2_IRQHandler                         0x100002e3   Thumb Code     0  startup_lpc17xx.o(.text)
    EINT3_IRQHandler                         0x100002e3   Thumb Code     0  startup_lpc17xx.o(.text)
    ENET_IRQHandler                          0x100002e3   Thumb Code     0  startup_lpc17xx.o(.text)
    I2C0_IRQHandler                          0x100002e3   Thumb Code     0  startup_lpc17xx.o(.text)
    I2C1_IRQHandler                          0x100002e3   Thumb Code     0  startup_lpc17xx.o(.text)
    I2C2_IRQHandler                          0x100002e3   Thumb Code     0  startup_lpc17xx.o(.text)
    I2S_IRQHandler                           0x100002e3   Thumb Code     0  startup_lpc17xx.o(.text)
    MCPWM_IRQHandler                         0x100002e3   Thumb Code     0  startup_lpc17xx.o(.text)
    PLL0_IRQHandler                          0x100002e3   Thumb Code     0  startup_lpc17xx.o(.text)
    PLL1_IRQHandler                          0x100002e3   Thumb Code     0  startup_lpc17xx.o(.text)
    PWM1_IRQHandler                          0x100002e3   Thumb Code     0  startup_lpc17xx.o(.text)
    QEI_IRQHandler                           0x100002e3   Thumb Code     0  startup_lpc17xx.o(.text)
    RIT_IRQHandler                           0x100002e3   Thumb Code     0  startup_lpc17xx.o(.text)
    RTC_IRQHandler                           0x100002e3   Thumb Code     0  startup_lpc17xx.o(.text)
    SPI_IRQHandler                           0x100002e3   Thumb Code     0  startup_lpc17xx.o(.text)
    SSP0_IRQHandler                          0x100002e3   Thumb Code     0  startup_lpc17xx.o(.text)
    SSP1_IRQHandler                          0x100002e3   Thumb Code     0  startup_lpc17xx.o(.text)
    TIMER0_IRQHandler                        0x100002e3   Thumb Code     0  startup_lpc17xx.o(.text)
    TIMER1_IRQHandler                        0x100002e3   Thumb Code     0  startup_lpc17xx.o(.text)
    TIMER2_IRQHandler                        0x100002e3   Thumb Code     0  startup_lpc17xx.o(.text)
    TIMER3_IRQHandler                        0x100002e3   Thumb Code     0  startup_lpc17xx.o(.text)
    UART0_IRQHandler                         0x100002e3   Thumb Code     0  startup_lpc17xx.o(.text)
    UART1_IRQHandler                         0x100002e3   Thumb Code     0  startup_lpc17xx.o(.text)
    UART2_IRQHandler                         0x100002e3   Thumb Code     0  startup_lpc17xx.o(.text)
    UART3_IRQHandler                         0x100002e3   Thumb Code     0  startup_lpc17xx.o(.text)
    USBActivity_IRQHandler                   0x100002e3   Thumb Code     0  startup_lpc17xx.o(.text)
    USB_IRQHandler                           0x100002e3   Thumb Code     0  startup_lpc17xx.o(.text)
    WDT_IRQHandler                           0x100002e3   Thumb Code     0  startup_lpc17xx.o(.text)
    __user_initial_stackheap                 0x100002e5   Thumb Code     0  startup_lpc17xx.o(.text)
    SystemInit                               0x10000301   Thumb Code   476  system_lpc17xx.o(.text)
    uart_init                                0x1000051d   Thumb Code    94  uart_polling.o(.text)
    uart_get_char                            0x1000057b   Thumb Code    36  uart_polling.o(.text)
    uart_put_char                            0x1000059f   Thumb Code    38  uart_polling.o(.text)
    uart_put_string                          0x100005c5   Thumb Code    38  uart_polling.o(.text)
    sendchar                                 0x100005f9   Thumb Code    28  retarget.o(.text)
    getkey                                   0x10000615   Thumb Code    10  retarget.o(.text)
    fputc                                    0x1000061f   Thumb Code    14  retarget.o(.text)
    fgetc                                    0x1000062d   Thumb Code    10  retarget.o(.text)
    ferror                                   0x10000637   Thumb Code     8  retarget.o(.text)
    _ttywrch                                 0x1000063f   Thumb Code    12  retarget.o(.text)
    _sys_exit                                0x1000064b   Thumb Code     4  retarget.o(.text)
    os_idle_demon                            0x10000651   Thumb Code     4  rtx_conf_cm.o(.text)
    os_tmr_call                              0x10000655   Thumb Code     2  rtx_conf_cm.o(.text)
    os_error                                 0x10000657   Thumb Code     4  rtx_conf_cm.o(.text)
    __user_perthread_libspace                0x1000065b   Thumb Code    26  rtx_conf_cm.o(.text)
    _mutex_initialize                        0x10000675   Thumb Code    38  rtx_conf_cm.o(.text)
    _mutex_acquire                           0x1000069b   Thumb Code    26  rtx_conf_cm.o(.text)
    _mutex_release                           0x100006b5   Thumb Code    22  rtx_conf_cm.o(.text)
    task1                                    0x100006e5   Thumb Code    14  lab1_main.o(.text)
    state2str                                0x100006f3   Thumb Code   152  lab1_main.o(.text)
    fp2name                                  0x1000078b   Thumb Code    76  lab1_main.o(.text)
    task2                                    0x100007d7   Thumb Code   238  lab1_main.o(.text)
    taskAllocate                             0x100008c5   Thumb Code    48  lab1_main.o(.text)
    taskBlocked                              0x100008f5   Thumb Code    40  lab1_main.o(.text)
    taskHigherPriority                       0x1000091d   Thumb Code    40  lab1_main.o(.text)
    taskAllocateOnly                         0x10000945   Thumb Code    28  lab1_main.o(.text)
    taskDeleteOnly                           0x10000961   Thumb Code    28  lab1_main.o(.text)
    init                                     0x1000097d   Thumb Code   196  lab1_main.o(.text)
    init2                                    0x10000a41   Thumb Code   588  lab1_main.o(.text)
    main                                     0x10000c8d   Thumb Code    46  lab1_main.o(.text)
    __user_libspace                          0x10000d01   Thumb Code     8  libspace.o(.text)
    __user_perproc_libspace                  0x10000d01   Thumb Code     0  libspace.o(.text)
    __I$use$semihosting                      0x10000d09   Thumb Code     0  use_no_semi.o(.text)
    __use_no_semihosting_swi                 0x10000d09   Thumb Code     2  use_no_semi.o(.text)
    __2printf                                0x10000d0d   Thumb Code    20  noretval__2printf.o(.text)
    __printf                                 0x10000d25   Thumb Code   106  __printf.o(.text)
    _printf_str                              0x10000d8f   Thumb Code    82  _printf_str.o(.text)
    _printf_int_dec                          0x10000de1   Thumb Code   102  _printf_dec.o(.text)
    strcpy                                   0x10000e59   Thumb Code    72  strcpy.o(.text)
    __use_two_region_memory                  0x10000ea1   Thumb Code     2  heapauxi.o(.text)
    __rt_heap_escrow$2region                 0x10000ea3   Thumb Code     2  heapauxi.o(.text)
    __rt_heap_expand$2region                 0x10000ea5   Thumb Code     2  heapauxi.o(.text)
    _printf_int_common                       0x10000ea7   Thumb Code   184  _printf_intcommon.o(.text)
    _printf_cs_common                        0x10000f5f   Thumb Code    20  _printf_char.o(.text)
    _printf_char                             0x10000f73   Thumb Code    16  _printf_char.o(.text)
    _printf_string                           0x10000f83   Thumb Code     8  _printf_char.o(.text)
    _printf_char_file                        0x10000f8d   Thumb Code    32  _printf_char_file.o(.text)
    _printf_char_common                      0x10000fbb   Thumb Code    32  _printf_char_common.o(.text)
    __user_setup_stackheap                   0x10000fe1   Thumb Code    74  sys_stackheap_outer.o(.text)
    exit                                     0x1000102b   Thumb Code    12  exit.o(.text)
    SVC_Count                                0x10001038   Data           4  SVC_Table.o(SVC_TABLE)
    SVC_Table                                0x1000103c   Data           0  SVC_Table.o(SVC_TABLE)
    _init_box                                0x1000103d   Thumb Code    88  rt_membox.o(i._init_box)
    dbg_init                                 0x10001095   Thumb Code    40  hal_cm3.o(i.dbg_init)
    dbg_task_notify                          0x100010c9   Thumb Code    44  hal_cm3.o(i.dbg_task_notify)
    dbg_task_switch                          0x100010f9   Thumb Code    18  hal_cm3.o(i.dbg_task_switch)
    os_tick_init                             0x10001111   Thumb Code    38  rt_system.o(i.os_tick_init)
    os_tick_irqack                           0x10001141   Thumb Code     2  rt_system.o(i.os_tick_irqack)
    rt_alloc_box                             0x10001143   Thumb Code    30  rt_membox.o(i.rt_alloc_box)
    rt_block                                 0x10001161   Thumb Code    48  rt_task.o(i.rt_block)
    rt_chk_robin                             0x10001199   Thumb Code    76  rt_robin.o(i.rt_chk_robin)
    rt_dec_dly                               0x100011f1   Thumb Code   134  rt_list.o(i.rt_dec_dly)
    rt_dispatch                              0x10001285   Thumb Code    72  rt_task.o(i.rt_dispatch)
    rt_dly_wait                              0x100012d5   Thumb Code    14  rt_time.o(i.rt_dly_wait)
    rt_evt_psh                               0x100012e5   Thumb Code    84  rt_event.o(i.rt_evt_psh)
    rt_free_box                              0x1000133d   Thumb Code    36  rt_membox.o(i.rt_free_box)
    rt_get_first                             0x10001389   Thumb Code    50  rt_list.o(i.rt_get_first)
    rt_init_robin                            0x10001405   Thumb Code    14  rt_robin.o(i.rt_init_robin)
    rt_init_stack                            0x1000141d   Thumb Code    76  hal_cm3.o(i.rt_init_stack)
    rt_mbx_psh                               0x10001471   Thumb Code   208  rt_mailbox.o(i.rt_mbx_psh)
    rt_mem_alloc                             0x10001545   Thumb Code    54  rt_user.o(i.rt_mem_alloc)
    rt_mem_free                              0x10001585   Thumb Code    68  rt_user.o(i.rt_mem_free)
    rt_mut_init                              0x100015cd   Thumb Code    18  rt_mutex.o(i.rt_mut_init)
    rt_mut_release                           0x100015e1   Thumb Code   208  rt_mutex.o(i.rt_mut_release)
    rt_mut_wait                              0x100016b9   Thumb Code   132  rt_mutex.o(i.rt_mut_wait)
    rt_pop_req                               0x10001741   Thumb Code   152  rt_system.o(i.rt_pop_req)
    rt_put_dly                               0x100017e5   Thumb Code    88  rt_list.o(i.rt_put_dly)
    rt_put_prio                              0x10001841   Thumb Code    64  rt_list.o(i.rt_put_prio)
    rt_put_rdy_first                         0x10001881   Thumb Code    16  rt_list.o(i.rt_put_rdy_first)
    rt_resort_prio                           0x10001895   Thumb Code    48  rt_list.o(i.rt_resort_prio)
    rt_rmv_dly                               0x100018c9   Thumb Code    40  rt_list.o(i.rt_rmv_dly)
    rt_rmv_list                              0x100018f1   Thumb Code    48  rt_list.o(i.rt_rmv_list)
    rt_sem_psh                               0x10001925   Thumb Code    50  rt_semaphore.o(i.rt_sem_psh)
    rt_stk_check                             0x1000195d   Thumb Code    40  rt_system.o(i.rt_stk_check)
    rt_switch_req                            0x1000198d   Thumb Code    38  rt_task.o(i.rt_switch_req)
    rt_sys_init                              0x100019bd   Thumb Code   314  rt_task.o(i.rt_sys_init)
    rt_systick                               0x10001b45   Thumb Code    56  rt_system.o(i.rt_systick)
    rt_tmr_tick                              0x10001b89   Thumb Code    66  rt_timer.o(i.rt_tmr_tick)
    rt_tsk_create                            0x10001bd5   Thumb Code   108  rt_task.o(i.rt_tsk_create)
    rt_tsk_delete                            0x10001c51   Thumb Code   202  rt_task.o(i.rt_tsk_delete)
    rt_tsk_get                               0x10001d35   Thumb Code   182  rt_user.o(i.rt_tsk_get)
    rt_tsk_self                              0x10001df9   Thumb Code    18  rt_task.o(i.rt_tsk_self)
    __aeabi_ddiv                             0x10001e11   Thumb Code     0  ddiv.o(x$fpl$ddiv)
    _ddiv                                    0x10001e11   Thumb Code   552  ddiv.o(x$fpl$ddiv)
    __aeabi_d2uiz                            0x100020c1   Thumb Code     0  dfixu.o(x$fpl$dfixu)
    _dfixu                                   0x100020c1   Thumb Code    90  dfixu.o(x$fpl$dfixu)
    __aeabi_ui2d                             0x1000211b   Thumb Code     0  dflt_clz.o(x$fpl$dfltu)
    _dfltu                                   0x1000211b   Thumb Code    38  dflt_clz.o(x$fpl$dfltu)
    __aeabi_dmul                             0x10002141   Thumb Code     0  dmul.o(x$fpl$dmul)
    _dmul                                    0x10002141   Thumb Code   332  dmul.o(x$fpl$dmul)
    __fpl_dnaninf                            0x10002295   Thumb Code   156  dnaninf.o(x$fpl$dnaninf)
    __fpl_dretinf                            0x10002331   Thumb Code    12  dretinf.o(x$fpl$dretinf)
    __I$use$fp                               0x1000233c   Number         0  usenofp.o(x$fpl$usenofp)
    os_maxtaskrun                            0x1000233c   Data           2  rtx_conf_cm.o(.constdata)
    os_stackinfo                             0x10002340   Data           4  rtx_conf_cm.o(.constdata)
    os_rrobin                                0x10002344   Data           4  rtx_conf_cm.o(.constdata)
    os_trv                                   0x10002348   Data           4  rtx_conf_cm.o(.constdata)
    os_flags                                 0x1000234c   Data           1  rtx_conf_cm.o(.constdata)
    os_clockrate                             0x10002350   Data           4  rtx_conf_cm.o(.constdata)
    os_timernum                              0x10002354   Data           4  rtx_conf_cm.o(.constdata)
    mp_tcb_size                              0x10002358   Data           2  rtx_conf_cm.o(.constdata)
    mp_stk_size                              0x1000235c   Data           4  rtx_conf_cm.o(.constdata)
    os_fifo_size                             0x10002360   Data           1  rtx_conf_cm.o(.constdata)
    mp_tmr_size                              0x10002362   Data           2  rtx_conf_cm.o(.constdata)
    Region$$Table$$Base                      0x10002364   Number         0  anon$$obj.o(Region$$Table)
    Region$$Table$$Limit                     0x10002384   Number         0  anon$$obj.o(Region$$Table)
    SystemFrequency                          0x10004000   Data           4  system_lpc17xx.o(.data)
    __stdout                                 0x10004004   Data           4  retarget.o(.data)
    __stdin                                  0x10004008   Data           4  retarget.o(.data)
    m_tmr                                    0x1000400c   Data           4  rtx_conf_cm.o(.data)
    g_tid                                    0x10004014   Data           4  lab1_main.o(.data)
    g_counter                                0x10004018   Data           4  lab1_main.o(.data)
    g_task_map                               0x1000401c   Data         140  lab1_main.o(.data)
    allocated                                0x100040a8   Data           4  lab1_main.o(.data)
    os_tsk                                   0x100040ac   Data           8  rt_task.o(.data)
    os_time                                  0x100040b4   Data           4  rt_time.o(.data)
    WaitingForMem                            0x100040b8   Data          24  rt_user.o(.data)
    dbg_msg                                  0x100040d0   Data           1  hal_cm3.o(.data)
    os_tick_irqn                             0x100040d4   Data           4  rt_system.o(.data)
    os_robin                                 0x100040dc   Data           8  rt_robin.o(.data)
    os_tmr                                   0x100040e4   Data           8  rt_timer.o(.data)
    mp_tcb                                   0x100040f0   Data         300  rtx_conf_cm.o(.bss)
    mp_stk                                   0x10004220   Data        3600  rtx_conf_cm.o(.bss)
    os_fifo                                  0x10005030   Data         132  rtx_conf_cm.o(.bss)
    os_active_TCB                            0x100050b4   Data          24  rtx_conf_cm.o(.bss)
    g_mut_uart                               0x1000536c   Data          12  lab1_main.o(.bss)
    g_str                                    0x10005378   Data          16  lab1_main.o(.bss)
    g_tsk_name                               0x10005388   Data          16  lab1_main.o(.bss)
    memoryPool                               0x10005398   Data          28  lab1_main.o(.bss)
    os_idle_TCB                              0x100053b4   Data          48  rt_task.o(.bss)
    os_rdy                                   0x100053e4   Data          24  rt_list.o(.bss)
    os_dly                                   0x100053fc   Data          24  rt_list.o(.bss)
    __libspace_start                         0x10005414   Data          96  libspace.o(.bss)
    __temporary_stack_top$libspace           0x10005474   Data           0  libspace.o(.bss)



==============================================================================

Memory Map of the image

  Image Entry point : 0x100000cd

  Load Region LR_IROM1 (Base: 0x10000000, Size: 0x00002470, Max: 0x00004000, ABSOLUTE)

    Execution Region ER_IROM1 (Base: 0x10000000, Size: 0x00002384, Max: 0x00004000, ABSOLUTE)

    Base Addr    Size         Type   Attr      Idx    E Section Name        Object

    0x10000000   0x000000cc   Data   RO            3    RESET               startup_lpc17xx.o
    0x100000cc   0x00000008   Code   RO          826  * !!!main             c_w.l(__main.o)
    0x100000d4   0x00000034   Code   RO         1003    !!!scatter          c_w.l(__scatter.o)
    0x10000108   0x0000001a   Code   RO         1005    !!handler_copy      c_w.l(__scatter_copy.o)
    0x10000122   0x00000002   PAD
    0x10000124   0x0000001c   Code   RO         1007    !!handler_zi        c_w.l(__scatter_zi.o)
    0x10000140   0x00000000   Code   RO          821    .ARM.Collect$$_printf_percent$$00000000  c_w.l(_printf_percent.o)
    0x10000140   0x00000006   Code   RO          820    .ARM.Collect$$_printf_percent$$00000009  c_w.l(_printf_d.o)
    0x10000146   0x00000006   Code   RO          819    .ARM.Collect$$_printf_percent$$00000014  c_w.l(_printf_s.o)
    0x1000014c   0x00000004   Code   RO          851    .ARM.Collect$$_printf_percent$$00000017  c_w.l(_printf_percent_end.o)
    0x10000150   0x00000002   Code   RO          885    .ARM.Collect$$libinit$$00000000  c_w.l(libinit.o)
    0x10000152   0x00000000   Code   RO          889    .ARM.Collect$$libinit$$00000002  c_w.l(libinit2.o)
    0x10000152   0x00000000   Code   RO          892    .ARM.Collect$$libinit$$00000008  c_w.l(libinit2.o)
    0x10000152   0x00000000   Code   RO          894    .ARM.Collect$$libinit$$0000000A  c_w.l(libinit2.o)
    0x10000152   0x00000000   Code   RO          896    .ARM.Collect$$libinit$$0000000C  c_w.l(libinit2.o)
    0x10000152   0x00000000   Code   RO          899    .ARM.Collect$$libinit$$0000000F  c_w.l(libinit2.o)
    0x10000152   0x00000000   Code   RO          901    .ARM.Collect$$libinit$$00000011  c_w.l(libinit2.o)
    0x10000152   0x00000000   Code   RO          903    .ARM.Collect$$libinit$$00000013  c_w.l(libinit2.o)
    0x10000152   0x00000000   Code   RO          905    .ARM.Collect$$libinit$$00000015  c_w.l(libinit2.o)
    0x10000152   0x00000000   Code   RO          907    .ARM.Collect$$libinit$$00000017  c_w.l(libinit2.o)
    0x10000152   0x00000000   Code   RO          909    .ARM.Collect$$libinit$$00000019  c_w.l(libinit2.o)
    0x10000152   0x00000000   Code   RO          911    .ARM.Collect$$libinit$$0000001B  c_w.l(libinit2.o)
    0x10000152   0x00000000   Code   RO          913    .ARM.Collect$$libinit$$0000001D  c_w.l(libinit2.o)
    0x10000152   0x00000000   Code   RO          915    .ARM.Collect$$libinit$$0000001F  c_w.l(libinit2.o)
    0x10000152   0x00000000   Code   RO          917    .ARM.Collect$$libinit$$00000021  c_w.l(libinit2.o)
    0x10000152   0x00000000   Code   RO          919    .ARM.Collect$$libinit$$00000023  c_w.l(libinit2.o)
    0x10000152   0x00000000   Code   RO          923    .ARM.Collect$$libinit$$0000002A  c_w.l(libinit2.o)
    0x10000152   0x00000000   Code   RO          925    .ARM.Collect$$libinit$$0000002C  c_w.l(libinit2.o)
    0x10000152   0x00000000   Code   RO          927    .ARM.Collect$$libinit$$0000002E  c_w.l(libinit2.o)
    0x10000152   0x00000000   Code   RO          929    .ARM.Collect$$libinit$$00000030  c_w.l(libinit2.o)
    0x10000152   0x00000002   Code   RO          930    .ARM.Collect$$libinit$$00000031  c_w.l(libinit2.o)
    0x10000154   0x00000002   Code   RO          948    .ARM.Collect$$libshutdown$$00000000  c_w.l(libshutdown.o)
    0x10000156   0x00000000   Code   RO          959    .ARM.Collect$$libshutdown$$00000003  c_w.l(libshutdown2.o)
    0x10000156   0x00000000   Code   RO          962    .ARM.Collect$$libshutdown$$00000006  c_w.l(libshutdown2.o)
    0x10000156   0x00000000   Code   RO          965    .ARM.Collect$$libshutdown$$00000009  c_w.l(libshutdown2.o)
    0x10000156   0x00000000   Code   RO          967    .ARM.Collect$$libshutdown$$0000000B  c_w.l(libshutdown2.o)
    0x10000156   0x00000000   Code   RO          970    .ARM.Collect$$libshutdown$$0000000E  c_w.l(libshutdown2.o)
    0x10000156   0x00000002   Code   RO          971    .ARM.Collect$$libshutdown$$0000000F  c_w.l(libshutdown2.o)
    0x10000158   0x00000000   Code   RO          844    .ARM.Collect$$rtentry$$00000000  c_w.l(rtentry.o)
    0x10000158   0x00000000   Code   RO          858    .ARM.Collect$$rtentry$$00000002  c_w.l(rtentry2.o)
    0x10000158   0x00000006   Code   RO          870    .ARM.Collect$$rtentry$$00000004  c_w.l(rtentry4.o)
    0x1000015e   0x00000000   Code   RO          860    .ARM.Collect$$rtentry$$00000009  c_w.l(rtentry2.o)
    0x1000015e   0x00000004   Code   RO          861    .ARM.Collect$$rtentry$$0000000A  c_w.l(rtentry2.o)
    0x10000162   0x00000000   Code   RO          863    .ARM.Collect$$rtentry$$0000000C  c_w.l(rtentry2.o)
    0x10000162   0x00000008   Code   RO          864    .ARM.Collect$$rtentry$$0000000D  c_w.l(rtentry2.o)
    0x1000016a   0x00000002   Code   RO          886    .ARM.Collect$$rtexit$$00000000  c_w.l(rtexit.o)
    0x1000016c   0x00000000   Code   RO          932    .ARM.Collect$$rtexit$$00000002  c_w.l(rtexit2.o)
    0x1000016c   0x00000004   Code   RO          933    .ARM.Collect$$rtexit$$00000003  c_w.l(rtexit2.o)
    0x10000170   0x00000006   Code   RO          934    .ARM.Collect$$rtexit$$00000004  c_w.l(rtexit2.o)
    0x10000176   0x00000002   PAD
    0x10000178   0x00000154   Code   RO          401    .emb_text           RTX_CM3.lib(hal_cm3.o)
    0x100002cc   0x00000034   Code   RO            5    .text               startup_lpc17xx.o
    0x10000300   0x0000021c   Code   RO           15    .text               system_lpc17xx.o
    0x1000051c   0x000000dc   Code   RO           59    .text               uart_polling.o
    0x100005f8   0x00000056   Code   RO           80    .text               retarget.o
    0x1000064e   0x00000002   PAD
    0x10000650   0x00000094   Code   RO          105    .text               rtx_conf_cm.o
    0x100006e4   0x0000061c   Code   RO          131    .text               lab1_main.o
    0x10000d00   0x00000008   Code   RO          784    .text               c_w.l(libspace.o)
    0x10000d08   0x00000002   Code   RO          787    .text               c_w.l(use_no_semi.o)
    0x10000d0a   0x00000002   PAD
    0x10000d0c   0x00000018   Code   RO          791    .text               c_w.l(noretval__2printf.o)
    0x10000d24   0x0000006a   Code   RO          793    .text               c_w.l(__printf.o)
    0x10000d8e   0x00000052   Code   RO          795    .text               c_w.l(_printf_str.o)
    0x10000de0   0x00000078   Code   RO          797    .text               c_w.l(_printf_dec.o)
    0x10000e58   0x00000048   Code   RO          822    .text               c_w.l(strcpy.o)
    0x10000ea0   0x00000006   Code   RO          824    .text               c_w.l(heapauxi.o)
    0x10000ea6   0x000000b8   Code   RO          845    .text               c_w.l(_printf_intcommon.o)
    0x10000f5e   0x0000002c   Code   RO          847    .text               c_w.l(_printf_char.o)
    0x10000f8a   0x00000002   PAD
    0x10000f8c   0x00000024   Code   RO          849    .text               c_w.l(_printf_char_file.o)
    0x10000fb0   0x00000030   Code   RO          872    .text               c_w.l(_printf_char_common.o)
    0x10000fe0   0x0000004a   Code   RO          874    .text               c_w.l(sys_stackheap_outer.o)
    0x1000102a   0x0000000c   Code   RO          878    .text               c_w.l(exit.o)
    0x10001036   0x00000002   PAD
    0x10001038   0x00000004   Code   RO          626    SVC_TABLE           RTX_CM3.lib(SVC_Table.o)
    0x1000103c   0x00000058   Code   RO          332    i._init_box         RTX_CM3.lib(rt_membox.o)
    0x10001094   0x00000034   Code   RO          402    i.dbg_init          RTX_CM3.lib(hal_cm3.o)
    0x100010c8   0x00000030   Code   RO          403    i.dbg_task_notify   RTX_CM3.lib(hal_cm3.o)
    0x100010f8   0x00000018   Code   RO          404    i.dbg_task_switch   RTX_CM3.lib(hal_cm3.o)
    0x10001110   0x00000030   Code   RO          443    i.os_tick_init      RTX_CM3.lib(rt_system.o)
    0x10001140   0x00000002   Code   RO          444    i.os_tick_irqack    RTX_CM3.lib(rt_system.o)
    0x10001142   0x0000001e   Code   RO          333    i.rt_alloc_box      RTX_CM3.lib(rt_membox.o)
    0x10001160   0x00000038   Code   RO          166    i.rt_block          RTX_CM3.lib(rt_task.o)
    0x10001198   0x00000058   Code   RO          605    i.rt_chk_robin      RTX_CM3.lib(rt_robin.o)
    0x100011f0   0x00000094   Code   RO          526    i.rt_dec_dly        RTX_CM3.lib(rt_list.o)
    0x10001284   0x00000050   Code   RO          167    i.rt_dispatch       RTX_CM3.lib(rt_task.o)
    0x100012d4   0x0000000e   Code   RO          270    i.rt_dly_wait       RTX_CM3.lib(rt_time.o)
    0x100012e2   0x00000002   PAD
    0x100012e4   0x00000058   Code   RO          632    i.rt_evt_psh        RTX_CM3.lib(rt_event.o)
    0x1000133c   0x00000024   Code   RO          334    i.rt_free_box       RTX_CM3.lib(rt_membox.o)
    0x10001360   0x00000028   Code   RO          168    i.rt_get_TID        RTX_CM3.lib(rt_task.o)
    0x10001388   0x00000032   Code   RO          527    i.rt_get_first      RTX_CM3.lib(rt_list.o)
    0x100013ba   0x00000002   PAD
    0x100013bc   0x00000048   Code   RO          169    i.rt_init_context   RTX_CM3.lib(rt_task.o)
    0x10001404   0x00000018   Code   RO          606    i.rt_init_robin     RTX_CM3.lib(rt_robin.o)
    0x1000141c   0x00000054   Code   RO          405    i.rt_init_stack     RTX_CM3.lib(hal_cm3.o)
    0x10001470   0x000000d4   Code   RO          675    i.rt_mbx_psh        RTX_CM3.lib(rt_mailbox.o)
    0x10001544   0x00000040   Code   RO          365    i.rt_mem_alloc      RTX_CM3.lib(rt_user.o)
    0x10001584   0x00000048   Code   RO          366    i.rt_mem_free       RTX_CM3.lib(rt_user.o)
    0x100015cc   0x00000012   Code   RO          307    i.rt_mut_init       RTX_CM3.lib(rt_mutex.o)
    0x100015de   0x00000002   PAD
    0x100015e0   0x000000d8   Code   RO          308    i.rt_mut_release    RTX_CM3.lib(rt_mutex.o)
    0x100016b8   0x00000088   Code   RO          309    i.rt_mut_wait       RTX_CM3.lib(rt_mutex.o)
    0x10001740   0x000000a4   Code   RO          445    i.rt_pop_req        RTX_CM3.lib(rt_system.o)
    0x100017e4   0x0000005c   Code   RO          530    i.rt_put_dly        RTX_CM3.lib(rt_list.o)
    0x10001840   0x00000040   Code   RO          531    i.rt_put_prio       RTX_CM3.lib(rt_list.o)
    0x10001880   0x00000014   Code   RO          532    i.rt_put_rdy_first  RTX_CM3.lib(rt_list.o)
    0x10001894   0x00000034   Code   RO          533    i.rt_resort_prio    RTX_CM3.lib(rt_list.o)
    0x100018c8   0x00000028   Code   RO          534    i.rt_rmv_dly        RTX_CM3.lib(rt_list.o)
    0x100018f0   0x00000034   Code   RO          535    i.rt_rmv_list       RTX_CM3.lib(rt_list.o)
    0x10001924   0x00000038   Code   RO          721    i.rt_sem_psh        RTX_CM3.lib(rt_semaphore.o)
    0x1000195c   0x00000030   Code   RO          448    i.rt_stk_check      RTX_CM3.lib(rt_system.o)
    0x1000198c   0x00000030   Code   RO          170    i.rt_switch_req     RTX_CM3.lib(rt_task.o)
    0x100019bc   0x00000188   Code   RO          171    i.rt_sys_init       RTX_CM3.lib(rt_task.o)
    0x10001b44   0x00000044   Code   RO          450    i.rt_systick        RTX_CM3.lib(rt_system.o)
    0x10001b88   0x0000004c   Code   RO          757    i.rt_tmr_tick       RTX_CM3.lib(rt_timer.o)
    0x10001bd4   0x0000007c   Code   RO          172    i.rt_tsk_create     RTX_CM3.lib(rt_task.o)
    0x10001c50   0x000000e4   Code   RO          173    i.rt_tsk_delete     RTX_CM3.lib(rt_task.o)
    0x10001d34   0x000000c4   Code   RO          368    i.rt_tsk_get        RTX_CM3.lib(rt_user.o)
    0x10001df8   0x00000018   Code   RO          176    i.rt_tsk_self       RTX_CM3.lib(rt_task.o)
    0x10001e10   0x000002b0   Code   RO          829    x$fpl$ddiv          fz_ws.l(ddiv.o)
    0x100020c0   0x0000005a   Code   RO          832    x$fpl$dfixu         fz_ws.l(dfixu.o)
    0x1000211a   0x00000026   Code   RO          836    x$fpl$dfltu         fz_ws.l(dflt_clz.o)
    0x10002140   0x00000154   Code   RO          842    x$fpl$dmul          fz_ws.l(dmul.o)
    0x10002294   0x0000009c   Code   RO          852    x$fpl$dnaninf       fz_ws.l(dnaninf.o)
    0x10002330   0x0000000c   Code   RO          854    x$fpl$dretinf       fz_ws.l(dretinf.o)
    0x1000233c   0x00000000   Code   RO          856    x$fpl$usenofp       fz_ws.l(usenofp.o)
    0x1000233c   0x00000028   Data   RO          107    .constdata          rtx_conf_cm.o
    0x10002364   0x00000020   Data   RO         1001    Region$$Table       anon$$obj.o


    Execution Region RW_IRAM1 (Base: 0x10004000, Size: 0x00001678, Max: 0x00004000, ABSOLUTE)

    Base Addr    Size         Type   Attr      Idx    E Section Name        Object

    0x10004000   0x00000004   Data   RW           16    .data               system_lpc17xx.o
    0x10004004   0x00000008   Data   RW           81    .data               retarget.o
    0x1000400c   0x00000008   Data   RW          108    .data               rtx_conf_cm.o
    0x10004014   0x00000098   Data   RW          133    .data               lab1_main.o
    0x100040ac   0x00000008   Data   RW          178    .data               RTX_CM3.lib(rt_task.o)
    0x100040b4   0x00000004   Data   RW          274    .data               RTX_CM3.lib(rt_time.o)
    0x100040b8   0x00000018   Data   RW          369    .data               RTX_CM3.lib(rt_user.o)
    0x100040d0   0x00000001   Data   RW          406    .data               RTX_CM3.lib(hal_cm3.o)
    0x100040d1   0x00000003   PAD
    0x100040d4   0x00000007   Data   RW          453    .data               RTX_CM3.lib(rt_system.o)
    0x100040db   0x00000001   PAD
    0x100040dc   0x00000008   Data   RW          607    .data               RTX_CM3.lib(rt_robin.o)
    0x100040e4   0x00000008   Data   RW          758    .data               RTX_CM3.lib(rt_timer.o)
    0x100040ec   0x00000004   PAD
    0x100040f0   0x0000127c   Zero   RW          106    .bss                rtx_conf_cm.o
    0x1000536c   0x00000048   Zero   RW          132    .bss                lab1_main.o
    0x100053b4   0x00000030   Zero   RW          177    .bss                RTX_CM3.lib(rt_task.o)
    0x100053e4   0x00000030   Zero   RW          536    .bss                RTX_CM3.lib(rt_list.o)
    0x10005414   0x00000060   Zero   RW          785    .bss                c_w.l(libspace.o)
    0x10005474   0x00000004   PAD
    0x10005478   0x00000000   Zero   RW            2    HEAP                startup_lpc17xx.o
    0x10005478   0x00000200   Zero   RW            1    STACK               startup_lpc17xx.o



  Load Region LR$$.ARM.__at_0x02FC (Base: 0x000002fc, Size: 0x00000004, Max: 0x00000004, ABSOLUTE)

    Execution Region ER$$.ARM.__at_0x02FC (Base: 0x000002fc, Size: 0x00000004, Max: 0x00000004, ABSOLUTE, UNINIT)

    Base Addr    Size         Type   Attr      Idx    E Section Name        Object

    0x000002fc   0x00000004   Code   RO            4    .ARM.__at_0x02FC    startup_lpc17xx.o


==============================================================================

Image component sizes


      Code (inc. data)   RO Data    RW Data    ZI Data      Debug   Object Name

      1564        426          0        152         72      10826   lab1_main.o
        86          0          0          8          0       3038   retarget.o
       148         26         40          8       4732       9569   rtx_conf_cm.o
        56         22        204          0        512        876   startup_lpc17xx.o
       540         64          0          4          0      21539   system_lpc17xx.o
       220         14          0          0          0       1660   uart_polling.o

    ----------------------------------------------------------------------
      2616        552        276        172       5316      47508   Object Totals
         0          0         32          0          0          0   (incl. Generated)
         2          0          0          0          0          0   (incl. Padding)

    ----------------------------------------------------------------------

      Code (inc. data)   RO Data    RW Data    ZI Data      Debug   Library Member Name

         4          4          0          0          0        132   SVC_Table.o
       548         62          0          1          0       2561   hal_cm3.o
        88          4          0          0          0        541   rt_event.o
       518         30          0          0         48       4162   rt_list.o
       212          4          0          0          0        601   rt_mailbox.o
       154          0          0          0          0       1685   rt_membox.o
       370         12          0          0          0       1661   rt_mutex.o
       112         22          0          8          0        918   rt_robin.o
        56          6          0          0          0        469   rt_semaphore.o
       330         42          0          7          0       2910   rt_system.o
      1064        166          0          8         48       6900   rt_task.o
        14          0          0          4          0        548   rt_time.o
        76         10          0          8          0        587   rt_timer.o
       332         28          0         24          0       3150   rt_user.o
         8          0          0          0          0         68   __main.o
       106          0          0          0          0         84   __printf.o
        52          8          0          0          0          0   __scatter.o
        26          0          0          0          0          0   __scatter_copy.o
        28          0          0          0          0          0   __scatter_zi.o
        44          0          0          0          0        108   _printf_char.o
        48          6          0          0          0         96   _printf_char_common.o
        36          4          0          0          0         80   _printf_char_file.o
         6          0          0          0          0          0   _printf_d.o
       120         18          0          0          0         92   _printf_dec.o
       184          0          0          0          0         88   _printf_intcommon.o
         0          0          0          0          0          0   _printf_percent.o
         4          0          0          0          0          0   _printf_percent_end.o
         6          0          0          0          0          0   _printf_s.o
        82          0          0          0          0         80   _printf_str.o
        12          0          0          0          0         72   exit.o
         6          0          0          0          0        152   heapauxi.o
         2          0          0          0          0          0   libinit.o
         2          0          0          0          0          0   libinit2.o
         2          0          0          0          0          0   libshutdown.o
         2          0          0          0          0          0   libshutdown2.o
         8          4          0          0         96         68   libspace.o
        24          4          0          0          0         84   noretval__2printf.o
         0          0          0          0          0          0   rtentry.o
        12          0          0          0          0          0   rtentry2.o
         6          0          0          0          0          0   rtentry4.o
         2          0          0          0          0          0   rtexit.o
        10          0          0          0          0          0   rtexit2.o
        72          0          0          0          0         80   strcpy.o
        74          0          0          0          0         80   sys_stackheap_outer.o
         2          0          0          0          0         68   use_no_semi.o
       688        140          0          0          0        212   ddiv.o
        90          4          0          0          0         92   dfixu.o
        38          0          0          0          0         68   dflt_clz.o
       340         12          0          0          0        104   dmul.o
       156          4          0          0          0         92   dnaninf.o
        12          0          0          0          0         68   dretinf.o
         0          0          0          0          0          0   usenofp.o

    ----------------------------------------------------------------------
      6204        594          0         64        200      28761   Library Totals
        16          0          0          4          8          0   (incl. Padding)

    ----------------------------------------------------------------------

      Code (inc. data)   RO Data    RW Data    ZI Data      Debug   Library Name

      3878        390          0         60         96      26825   RTX_CM3.lib
       986         44          0          0         96       1300   c_w.l
      1324        160          0          0          0        636   fz_ws.l

    ----------------------------------------------------------------------
      6204        594          0         64        200      28761   Library Totals

    ----------------------------------------------------------------------

==============================================================================


      Code (inc. data)   RO Data    RW Data    ZI Data      Debug   

      8820       1146        276        236       5516      72629   Grand Totals
      8820       1146        276        236       5516      72629   ELF Image Totals
      8820       1146        276        236          0          0   ROM Totals

==============================================================================

    Total RO  Size (Code + RO Data)                 9096 (   8.88kB)
    Total RW  Size (RW Data + ZI Data)              5752 (   5.62kB)
    Total ROM Size (Code + RO Data + RW Data)       9332 (   9.11kB)

==============================================================================

