<html>
<body>
<pre>
<h1>µVision Build Log</h1>
<h2>Project:</h2>
N:\ECE_254\Lab0b\HelloWorld\HelloWorld.uvproj
Project File Date:  09/30/2013

<h2>Output:</h2>
  
*** Note: 'Create Batch File' is active - using 'Rebuild'.
Rebuild Project 'RTX_Lib_CM' - Target 'CM3_LE'
compiling rt_Task.c...
compiling rt_System.c...
compiling rt_Event.c...
compiling rt_List.c...
compiling rt_Mailbox.c...
compiling rt_Semaphore.c...
compiling rt_Time.c...
compiling rt_Timer.c...
compiling rt_Mutex.c...
compiling rt_Robin.c...
compiling rt_MemBox.c...
assembling SVC_Table.s...
compiling HAL_CM3.c...
creating Library...
User command #1: cmd.exe /C copy ArInp.Scr CM3_LE\BuildLib.scr
        1 file(s) copied.
".\CM3_LE\RTX_CM3.lib" - 0 Error(s), 0 Warning(s).
  
Build Project 'HelloWorld' - Target 'HelloWorld SIM'
compiling system_LPC17xx.c...
compiling uart_polling.c...
compiling Retarget.c...
compiling RTX_Conf_CM.c...
compiling helloworld.c...
N:\ECE_254\Lab0b\RTX_CM3\INC\RTL.h(661): error:  #5: cannot open source input file "../SRC/CM/rt_user.h": No such file or directory
Target not created
  
Build Project 'HelloWorld' - Target 'HelloWorld RAM'
assembling startup_LPC17xx.s...
compiling system_LPC17xx.c...
compiling uart_polling.c...
compiling Retarget.c...
compiling RTX_Conf_CM.c...
compiling helloworld.c...
N:\ECE_254\Lab0b\RTX_CM3\INC\RTL.h(661): error:  #5: cannot open source input file "../SRC/CM/rt_user.h": No such file or directory
Target not created
  
*** Note: 'Create Batch File' is active - using 'Rebuild'.
Rebuild Project 'RTX_Lib_CM' - Target 'CM3_LE'
compiling rt_Task.c...
compiling rt_System.c...
compiling rt_Event.c...
compiling rt_List.c...
compiling rt_Mailbox.c...
compiling rt_Semaphore.c...
compiling rt_Time.c...
compiling rt_Timer.c...
compiling rt_Mutex.c...
compiling rt_Robin.c...
compiling rt_MemBox.c...
assembling SVC_Table.s...
compiling HAL_CM3.c...
creating Library...
User command #1: cmd.exe /C copy ArInp.Scr CM3_LE\BuildLib.scr
        1 file(s) copied.
".\CM3_LE\RTX_CM3.lib" - 0 Error(s), 0 Warning(s).
  
Build Project 'HelloWorld' - Target 'HelloWorld SIM'
assembling startup_LPC17xx.s...
compiling system_LPC17xx.c...
compiling uart_polling.c...
compiling Retarget.c...
compiling RTX_Conf_CM.c...
compiling helloworld.c...
N:\ECE_254\Lab0b\HelloWorld\src\helloworld.c(49): error:  #20: identifier "rt_tsk_count_get" is undefined
Target not created
  
Build Project 'HelloWorld' - Target 'HelloWorld RAM'
assembling startup_LPC17xx.s...
compiling system_LPC17xx.c...
compiling uart_polling.c...
compiling Retarget.c...
compiling RTX_Conf_CM.c...
compiling helloworld.c...
N:\ECE_254\Lab0b\HelloWorld\src\helloworld.c(49): error:  #20: identifier "rt_tsk_count_get" is undefined
Target not created
  
*** Note: 'Create Batch File' is active - using 'Rebuild'.
Rebuild Project 'RTX_Lib_CM' - Target 'CM3_LE'
compiling rt_Task.c...
compiling rt_System.c...
compiling rt_Event.c...
compiling rt_List.c...
compiling rt_Mailbox.c...
compiling rt_Semaphore.c...
compiling rt_Time.c...
compiling rt_Timer.c...
compiling rt_Mutex.c...
compiling rt_Robin.c...
compiling rt_MemBox.c...
assembling SVC_Table.s...
compiling HAL_CM3.c...
creating Library...
User command #1: cmd.exe /C copy ArInp.Scr CM3_LE\BuildLib.scr
        1 file(s) copied.
".\CM3_LE\RTX_CM3.lib" - 0 Error(s), 0 Warning(s).
  
Build Project 'HelloWorld' - Target 'HelloWorld SIM'
assembling startup_LPC17xx.s...
compiling system_LPC17xx.c...
compiling uart_polling.c...
compiling Retarget.c...
compiling RTX_Conf_CM.c...
compiling helloworld.c...
N:\ECE_254\Lab0b\HelloWorld\src\helloworld.c(49): error:  #20: identifier "rt_tsk_count_get" is undefined
Target not created
  
Build Project 'HelloWorld' - Target 'HelloWorld RAM'
assembling startup_LPC17xx.s...
compiling system_LPC17xx.c...
compiling uart_polling.c...
compiling Retarget.c...
compiling RTX_Conf_CM.c...
compiling helloworld.c...
N:\ECE_254\Lab0b\HelloWorld\src\helloworld.c(49): error:  #20: identifier "rt_tsk_count_get" is undefined
Target not created
  
*** Note: 'Create Batch File' is active - using 'Rebuild'.
Rebuild Project 'RTX_Lib_CM' - Target 'CM3_LE'
compiling rt_Task.c...
compiling rt_System.c...
compiling rt_Event.c...
compiling rt_List.c...
compiling rt_Mailbox.c...
compiling rt_Semaphore.c...
compiling rt_Time.c...
compiling rt_Timer.c...
compiling rt_Mutex.c...
compiling rt_Robin.c...
compiling rt_MemBox.c...
assembling SVC_Table.s...
compiling HAL_CM3.c...
creating Library...
User command #1: cmd.exe /C copy ArInp.Scr CM3_LE\BuildLib.scr
        1 file(s) copied.
".\CM3_LE\RTX_CM3.lib" - 0 Error(s), 0 Warning(s).
  
Build Project 'HelloWorld' - Target 'HelloWorld SIM'
assembling startup_LPC17xx.s...
compiling system_LPC17xx.c...
compiling uart_polling.c...
compiling Retarget.c...
compiling RTX_Conf_CM.c...
compiling helloworld.c...
N:\ECE_254\Lab0b\HelloWorld\src\helloworld.c(49): error:  #20: identifier "rt_tsk_count_get" is undefined
Target not created
  
Build Project 'HelloWorld' - Target 'HelloWorld RAM'
assembling startup_LPC17xx.s...
compiling system_LPC17xx.c...
compiling uart_polling.c...
compiling Retarget.c...
compiling RTX_Conf_CM.c...
compiling helloworld.c...
N:\ECE_254\Lab0b\HelloWorld\src\helloworld.c(49): error:  #20: identifier "rt_tsk_count_get" is undefined
Target not created
  
*** Note: 'Create Batch File' is active - using 'Rebuild'.
Rebuild Project 'RTX_Lib_CM' - Target 'CM3_LE'
compiling rt_Task.c...
compiling rt_System.c...
compiling rt_Event.c...
compiling rt_List.c...
compiling rt_Mailbox.c...
compiling rt_Semaphore.c...
compiling rt_Time.c...
compiling rt_Timer.c...
compiling rt_Mutex.c...
compiling rt_Robin.c...
compiling rt_MemBox.c...
assembling SVC_Table.s...
compiling HAL_CM3.c...
creating Library...
User command #1: cmd.exe /C copy ArInp.Scr CM3_LE\BuildLib.scr
        1 file(s) copied.
".\CM3_LE\RTX_CM3.lib" - 0 Error(s), 0 Warning(s).
  
Build Project 'HelloWorld' - Target 'HelloWorld SIM'
assembling startup_LPC17xx.s...
compiling system_LPC17xx.c...
compiling uart_polling.c...
compiling Retarget.c...
compiling RTX_Conf_CM.c...
compiling helloworld.c...
linking...
Program Size: Code=5276 RO-data=276 RW-data=60 ZI-data=5444  
".\build\FLASH\HelloWorld.axf" - 0 Error(s), 0 Warning(s).
  
Build Project 'HelloWorld' - Target 'HelloWorld RAM'
assembling startup_LPC17xx.s...
compiling system_LPC17xx.c...
compiling uart_polling.c...
compiling Retarget.c...
compiling RTX_Conf_CM.c...
compiling helloworld.c...
linking...
Program Size: Code=5280 RO-data=276 RW-data=60 ZI-data=5444  
".\build\RAM\HelloWorld.axf" - 0 Error(s), 0 Warning(s).
